
AVRASM ver. 2.1.30  E:\AVR\SD-WC\List\Brelok.asm Sun Feb 05 14:40:50 2012

E:\AVR\SD-WC\List\Brelok.asm(961): warning: Register r3 already defined by the .DEF directive
E:\AVR\SD-WC\List\Brelok.asm(962): warning: Register r2 already defined by the .DEF directive
E:\AVR\SD-WC\List\Brelok.asm(963): warning: Register r5 already defined by the .DEF directive
                 
                 
                 ;CodeVisionAVR C Compiler V2.05.0 Professional
                 ;(C) Copyright 1998-2010 Pavel Haiduc, HP InfoTech s.r.l.
                 ;http://www.hpinfotech.com
                 
                 ;Chip type                : ATtiny2313A
                 ;Program type             : Application
                 ;Clock frequency          : 4,000000 MHz
                 ;Memory model             : Tiny
                 ;Optimize for             : Size
                 ;(s)printf features       : int, width
                 ;(s)scanf features        : int, width
                 ;External RAM size        : 0
                 ;Data Stack size          : 32 byte(s)
                 ;Heap size                : 0 byte(s)
                 ;Promote 'char' to 'int'  : Yes
                 ;'char' is unsigned       : Yes
                 ;8 bit enums              : Yes
                 ;global 'const' stored in FLASH: No
                 ;Enhanced core instructions    : On
                 ;Smart register allocation     : On
                 ;Automatic register allocation : On
                 
                 	#pragma AVRPART ADMIN PART_NAME ATtiny2313A
                 	#pragma AVRPART MEMORY PROG_FLASH 2048
                 	#pragma AVRPART MEMORY EEPROM 128
                 	#pragma AVRPART MEMORY INT_SRAM SIZE 223
                 	#pragma AVRPART MEMORY INT_SRAM START_ADDR 0x60
                 
                 	.LISTMAC
                 	.EQU UDRE=0x5
                 	.EQU RXC=0x7
                 	.EQU USR=0xB
                 	.EQU UDR=0xC
                 	.EQU EERE=0x0
                 	.EQU EEWE=0x1
                 	.EQU EEMWE=0x2
                 	.EQU EECR=0x1C
                 	.EQU EEDR=0x1D
                 	.EQU EEARL=0x1E
                 	.EQU WDTCR=0x21
                 	.EQU MCUSR=0x34
                 	.EQU MCUCR=0x35
                 	.EQU SPL=0x3D
                 	.EQU SREG=0x3F
                 	.EQU GPIOR0=0x13
                 	.EQU GPIOR1=0x14
                 	.EQU GPIOR2=0x15
                 
                 	.DEF R0X0=R0
                 	.DEF R0X1=R1
                 	.DEF R0X2=R2
                 	.DEF R0X3=R3
                 	.DEF R0X4=R4
                 	.DEF R0X5=R5
                 	.DEF R0X6=R6
                 	.DEF R0X7=R7
                 	.DEF R0X8=R8
                 	.DEF R0X9=R9
                 	.DEF R0XA=R10
                 	.DEF R0XB=R11
                 	.DEF R0XC=R12
                 	.DEF R0XD=R13
                 	.DEF R0XE=R14
                 	.DEF R0XF=R15
                 	.DEF R0X10=R16
                 	.DEF R0X11=R17
                 	.DEF R0X12=R18
                 	.DEF R0X13=R19
                 	.DEF R0X14=R20
                 	.DEF R0X15=R21
                 	.DEF R0X16=R22
                 	.DEF R0X17=R23
                 	.DEF R0X18=R24
                 	.DEF R0X19=R25
                 	.DEF R0X1A=R26
                 	.DEF R0X1B=R27
                 	.DEF R0X1C=R28
                 	.DEF R0X1D=R29
                 	.DEF R0X1E=R30
                 	.DEF R0X1F=R31
                 
                 	.EQU __SRAM_START=0x0060
                 	.EQU __SRAM_END=0x00DF
                 	.EQU __DSTACK_SIZE=0x0020
                 	.EQU __HEAP_SIZE=0x0000
                 	.EQU __CLEAR_SRAM_SIZE=__SRAM_END-__SRAM_START+1
                 
                 	.MACRO __CPD1N
                 	CPI  R30,LOW(@0)
                 	LDI  R26,HIGH(@0)
                 	CPC  R31,R26
                 	LDI  R26,BYTE3(@0)
                 	CPC  R22,R26
                 	LDI  R26,BYTE4(@0)
                 	CPC  R23,R26
                 	.ENDM
                 
                 	.MACRO __CPD2N
                 	CPI  R26,LOW(@0)
                 	LDI  R30,HIGH(@0)
                 	CPC  R27,R30
                 	LDI  R30,BYTE3(@0)
                 	CPC  R24,R30
                 	LDI  R30,BYTE4(@0)
                 	CPC  R25,R30
                 	.ENDM
                 
                 	.MACRO __CPWRR
                 	CP   R@0,R@2
                 	CPC  R@1,R@3
                 	.ENDM
                 
                 	.MACRO __CPWRN
                 	CPI  R@0,LOW(@2)
                 	LDI  R30,HIGH(@2)
                 	CPC  R@1,R30
                 	.ENDM
                 
                 	.MACRO __ADDB1MN
                 	SUBI R30,LOW(-@0-(@1))
                 	.ENDM
                 
                 	.MACRO __ADDB2MN
                 	SUBI R26,LOW(-@0-(@1))
                 	.ENDM
                 
                 	.MACRO __ADDW1MN
                 	SUBI R30,LOW(-@0-(@1))
                 	SBCI R31,HIGH(-@0-(@1))
                 	.ENDM
                 
                 	.MACRO __ADDW2MN
                 	SUBI R26,LOW(-@0-(@1))
                 	SBCI R27,HIGH(-@0-(@1))
                 	.ENDM
                 
                 	.MACRO __ADDW1FN
                 	SUBI R30,LOW(-2*@0-(@1))
                 	SBCI R31,HIGH(-2*@0-(@1))
                 	.ENDM
                 
                 	.MACRO __ADDD1FN
                 	SUBI R30,LOW(-2*@0-(@1))
                 	SBCI R31,HIGH(-2*@0-(@1))
                 	SBCI R22,BYTE3(-2*@0-(@1))
                 	.ENDM
                 
                 	.MACRO __ADDD1N
                 	SUBI R30,LOW(-@0)
                 	SBCI R31,HIGH(-@0)
                 	SBCI R22,BYTE3(-@0)
                 	SBCI R23,BYTE4(-@0)
                 	.ENDM
                 
                 	.MACRO __ADDD2N
                 	SUBI R26,LOW(-@0)
                 	SBCI R27,HIGH(-@0)
                 	SBCI R24,BYTE3(-@0)
                 	SBCI R25,BYTE4(-@0)
                 	.ENDM
                 
                 	.MACRO __SUBD1N
                 	SUBI R30,LOW(@0)
                 	SBCI R31,HIGH(@0)
                 	SBCI R22,BYTE3(@0)
                 	SBCI R23,BYTE4(@0)
                 	.ENDM
                 
                 	.MACRO __SUBD2N
                 	SUBI R26,LOW(@0)
                 	SBCI R27,HIGH(@0)
                 	SBCI R24,BYTE3(@0)
                 	SBCI R25,BYTE4(@0)
                 	.ENDM
                 
                 	.MACRO __ANDBMNN
                 	LDS  R30,@0+(@1)
                 	ANDI R30,LOW(@2)
                 	STS  @0+(@1),R30
                 	.ENDM
                 
                 	.MACRO __ANDWMNN
                 	LDS  R30,@0+(@1)
                 	ANDI R30,LOW(@2)
                 	STS  @0+(@1),R30
                 	LDS  R30,@0+(@1)+1
                 	ANDI R30,HIGH(@2)
                 	STS  @0+(@1)+1,R30
                 	.ENDM
                 
                 	.MACRO __ANDD1N
                 	ANDI R30,LOW(@0)
                 	ANDI R31,HIGH(@0)
                 	ANDI R22,BYTE3(@0)
                 	ANDI R23,BYTE4(@0)
                 	.ENDM
                 
                 	.MACRO __ANDD2N
                 	ANDI R26,LOW(@0)
                 	ANDI R27,HIGH(@0)
                 	ANDI R24,BYTE3(@0)
                 	ANDI R25,BYTE4(@0)
                 	.ENDM
                 
                 	.MACRO __ORBMNN
                 	LDS  R30,@0+(@1)
                 	ORI  R30,LOW(@2)
                 	STS  @0+(@1),R30
                 	.ENDM
                 
                 	.MACRO __ORWMNN
                 	LDS  R30,@0+(@1)
                 	ORI  R30,LOW(@2)
                 	STS  @0+(@1),R30
                 	LDS  R30,@0+(@1)+1
                 	ORI  R30,HIGH(@2)
                 	STS  @0+(@1)+1,R30
                 	.ENDM
                 
                 	.MACRO __ORD1N
                 	ORI  R30,LOW(@0)
                 	ORI  R31,HIGH(@0)
                 	ORI  R22,BYTE3(@0)
                 	ORI  R23,BYTE4(@0)
                 	.ENDM
                 
                 	.MACRO __ORD2N
                 	ORI  R26,LOW(@0)
                 	ORI  R27,HIGH(@0)
                 	ORI  R24,BYTE3(@0)
                 	ORI  R25,BYTE4(@0)
                 	.ENDM
                 
                 	.MACRO __DELAY_USB
                 	LDI  R24,LOW(@0)
                 __DELAY_USB_LOOP:
                 	DEC  R24
                 	BRNE __DELAY_USB_LOOP
                 	.ENDM
                 
                 	.MACRO __DELAY_USW
                 	LDI  R24,LOW(@0)
                 	LDI  R25,HIGH(@0)
                 __DELAY_USW_LOOP:
                 	SBIW R24,1
                 	BRNE __DELAY_USW_LOOP
                 	.ENDM
                 
                 	.MACRO __GETD1S
                 	LDD  R30,Y+@0
                 	LDD  R31,Y+@0+1
                 	LDD  R22,Y+@0+2
                 	LDD  R23,Y+@0+3
                 	.ENDM
                 
                 	.MACRO __GETD2S
                 	LDD  R26,Y+@0
                 	LDD  R27,Y+@0+1
                 	LDD  R24,Y+@0+2
                 	LDD  R25,Y+@0+3
                 	.ENDM
                 
                 	.MACRO __PUTD1S
                 	STD  Y+@0,R30
                 	STD  Y+@0+1,R31
                 	STD  Y+@0+2,R22
                 	STD  Y+@0+3,R23
                 	.ENDM
                 
                 	.MACRO __PUTD2S
                 	STD  Y+@0,R26
                 	STD  Y+@0+1,R27
                 	STD  Y+@0+2,R24
                 	STD  Y+@0+3,R25
                 	.ENDM
                 
                 	.MACRO __PUTDZ2
                 	STD  Z+@0,R26
                 	STD  Z+@0+1,R27
                 	STD  Z+@0+2,R24
                 	STD  Z+@0+3,R25
                 	.ENDM
                 
                 	.MACRO __CLRD1S
                 	STD  Y+@0,R30
                 	STD  Y+@0+1,R30
                 	STD  Y+@0+2,R30
                 	STD  Y+@0+3,R30
                 	.ENDM
                 
                 	.MACRO __POINTB1MN
                 	LDI  R30,LOW(@0+(@1))
                 	.ENDM
                 
                 	.MACRO __POINTW1MN
                 	LDI  R30,LOW(@0+(@1))
                 	LDI  R31,HIGH(@0+(@1))
                 	.ENDM
                 
                 	.MACRO __POINTD1M
                 	LDI  R30,LOW(@0)
                 	LDI  R31,HIGH(@0)
                 	LDI  R22,BYTE3(@0)
                 	LDI  R23,BYTE4(@0)
                 	.ENDM
                 
                 	.MACRO __POINTW1FN
                 	LDI  R30,LOW(2*@0+(@1))
                 	LDI  R31,HIGH(2*@0+(@1))
                 	.ENDM
                 
                 	.MACRO __POINTD1FN
                 	LDI  R30,LOW(2*@0+(@1))
                 	LDI  R31,HIGH(2*@0+(@1))
                 	LDI  R22,BYTE3(2*@0+(@1))
                 	LDI  R23,BYTE4(2*@0+(@1))
                 	.ENDM
                 
                 	.MACRO __POINTB2MN
                 	LDI  R26,LOW(@0+(@1))
                 	.ENDM
                 
                 	.MACRO __POINTW2MN
                 	LDI  R26,LOW(@0+(@1))
                 	LDI  R27,HIGH(@0+(@1))
                 	.ENDM
                 
                 	.MACRO __POINTBRM
                 	LDI  R@0,LOW(@1)
                 	.ENDM
                 
                 	.MACRO __POINTWRM
                 	LDI  R@0,LOW(@2)
                 	LDI  R@1,HIGH(@2)
                 	.ENDM
                 
                 	.MACRO __POINTBRMN
                 	LDI  R@0,LOW(@1+(@2))
                 	.ENDM
                 
                 	.MACRO __POINTWRMN
                 	LDI  R@0,LOW(@2+(@3))
                 	LDI  R@1,HIGH(@2+(@3))
                 	.ENDM
                 
                 	.MACRO __POINTWRFN
                 	LDI  R@0,LOW(@2*2+(@3))
                 	LDI  R@1,HIGH(@2*2+(@3))
                 	.ENDM
                 
                 	.MACRO __GETD1N
                 	LDI  R30,LOW(@0)
                 	LDI  R31,HIGH(@0)
                 	LDI  R22,BYTE3(@0)
                 	LDI  R23,BYTE4(@0)
                 	.ENDM
                 
                 	.MACRO __GETD2N
                 	LDI  R26,LOW(@0)
                 	LDI  R27,HIGH(@0)
                 	LDI  R24,BYTE3(@0)
                 	LDI  R25,BYTE4(@0)
                 	.ENDM
                 
                 	.MACRO __GETB1MN
                 	LDS  R30,@0+(@1)
                 	.ENDM
                 
                 	.MACRO __GETB1HMN
                 	LDS  R31,@0+(@1)
                 	.ENDM
                 
                 	.MACRO __GETW1MN
                 	LDS  R30,@0+(@1)
                 	LDS  R31,@0+(@1)+1
                 	.ENDM
                 
                 	.MACRO __GETD1MN
                 	LDS  R30,@0+(@1)
                 	LDS  R31,@0+(@1)+1
                 	LDS  R22,@0+(@1)+2
                 	LDS  R23,@0+(@1)+3
                 	.ENDM
                 
                 	.MACRO __GETBRMN
                 	LDS  R@0,@1+(@2)
                 	.ENDM
                 
                 	.MACRO __GETWRMN
                 	LDS  R@0,@2+(@3)
                 	LDS  R@1,@2+(@3)+1
                 	.ENDM
                 
                 	.MACRO __GETWRZ
                 	LDD  R@0,Z+@2
                 	LDD  R@1,Z+@2+1
                 	.ENDM
                 
                 	.MACRO __GETD2Z
                 	LDD  R26,Z+@0
                 	LDD  R27,Z+@0+1
                 	LDD  R24,Z+@0+2
                 	LDD  R25,Z+@0+3
                 	.ENDM
                 
                 	.MACRO __GETB2MN
                 	LDS  R26,@0+(@1)
                 	.ENDM
                 
                 	.MACRO __GETW2MN
                 	LDS  R26,@0+(@1)
                 	LDS  R27,@0+(@1)+1
                 	.ENDM
                 
                 	.MACRO __GETD2MN
                 	LDS  R26,@0+(@1)
                 	LDS  R27,@0+(@1)+1
                 	LDS  R24,@0+(@1)+2
                 	LDS  R25,@0+(@1)+3
                 	.ENDM
                 
                 	.MACRO __PUTB1MN
                 	STS  @0+(@1),R30
                 	.ENDM
                 
                 	.MACRO __PUTW1MN
                 	STS  @0+(@1),R30
                 	STS  @0+(@1)+1,R31
                 	.ENDM
                 
                 	.MACRO __PUTD1MN
                 	STS  @0+(@1),R30
                 	STS  @0+(@1)+1,R31
                 	STS  @0+(@1)+2,R22
                 	STS  @0+(@1)+3,R23
                 	.ENDM
                 
                 	.MACRO __PUTB1EN
                 	LDI  R26,LOW(@0+(@1))
                 	LDI  R27,HIGH(@0+(@1))
                 	RCALL __EEPROMWRB
                 	.ENDM
                 
                 	.MACRO __PUTW1EN
                 	LDI  R26,LOW(@0+(@1))
                 	LDI  R27,HIGH(@0+(@1))
                 	RCALL __EEPROMWRW
                 	.ENDM
                 
                 	.MACRO __PUTD1EN
                 	LDI  R26,LOW(@0+(@1))
                 	LDI  R27,HIGH(@0+(@1))
                 	RCALL __EEPROMWRD
                 	.ENDM
                 
                 	.MACRO __PUTBR0MN
                 	STS  @0+(@1),R0
                 	.ENDM
                 
                 	.MACRO __PUTBMRN
                 	STS  @0+(@1),R@2
                 	.ENDM
                 
                 	.MACRO __PUTWMRN
                 	STS  @0+(@1),R@2
                 	STS  @0+(@1)+1,R@3
                 	.ENDM
                 
                 	.MACRO __PUTBZR
                 	STD  Z+@1,R@0
                 	.ENDM
                 
                 	.MACRO __PUTWZR
                 	STD  Z+@2,R@0
                 	STD  Z+@2+1,R@1
                 	.ENDM
                 
                 	.MACRO __GETW1R
                 	MOV  R30,R@0
                 	MOV  R31,R@1
                 	.ENDM
                 
                 	.MACRO __GETW2R
                 	MOV  R26,R@0
                 	MOV  R27,R@1
                 	.ENDM
                 
                 	.MACRO __GETWRN
                 	LDI  R@0,LOW(@2)
                 	LDI  R@1,HIGH(@2)
                 	.ENDM
                 
                 	.MACRO __PUTW1R
                 	MOV  R@0,R30
                 	MOV  R@1,R31
                 	.ENDM
                 
                 	.MACRO __PUTW2R
                 	MOV  R@0,R26
                 	MOV  R@1,R27
                 	.ENDM
                 
                 	.MACRO __ADDWRN
                 	SUBI R@0,LOW(-@2)
                 	SBCI R@1,HIGH(-@2)
                 	.ENDM
                 
                 	.MACRO __ADDWRR
                 	ADD  R@0,R@2
                 	ADC  R@1,R@3
                 	.ENDM
                 
                 	.MACRO __SUBWRN
                 	SUBI R@0,LOW(@2)
                 	SBCI R@1,HIGH(@2)
                 	.ENDM
                 
                 	.MACRO __SUBWRR
                 	SUB  R@0,R@2
                 	SBC  R@1,R@3
                 	.ENDM
                 
                 	.MACRO __ANDWRN
                 	ANDI R@0,LOW(@2)
                 	ANDI R@1,HIGH(@2)
                 	.ENDM
                 
                 	.MACRO __ANDWRR
                 	AND  R@0,R@2
                 	AND  R@1,R@3
                 	.ENDM
                 
                 	.MACRO __ORWRN
                 	ORI  R@0,LOW(@2)
                 	ORI  R@1,HIGH(@2)
                 	.ENDM
                 
                 	.MACRO __ORWRR
                 	OR   R@0,R@2
                 	OR   R@1,R@3
                 	.ENDM
                 
                 	.MACRO __EORWRR
                 	EOR  R@0,R@2
                 	EOR  R@1,R@3
                 	.ENDM
                 
                 	.MACRO __GETWRS
                 	LDD  R@0,Y+@2
                 	LDD  R@1,Y+@2+1
                 	.ENDM
                 
                 	.MACRO __PUTBSR
                 	STD  Y+@1,R@0
                 	.ENDM
                 
                 	.MACRO __PUTWSR
                 	STD  Y+@2,R@0
                 	STD  Y+@2+1,R@1
                 	.ENDM
                 
                 	.MACRO __MOVEWRR
                 	MOV  R@0,R@2
                 	MOV  R@1,R@3
                 	.ENDM
                 
                 	.MACRO __INWR
                 	IN   R@0,@2
                 	IN   R@1,@2+1
                 	.ENDM
                 
                 	.MACRO __OUTWR
                 	OUT  @2+1,R@1
                 	OUT  @2,R@0
                 	.ENDM
                 
                 	.MACRO __CALL1MN
                 	LDS  R30,@0+(@1)
                 	LDS  R31,@0+(@1)+1
                 	ICALL
                 	.ENDM
                 
                 	.MACRO __CALL1FN
                 	LDI  R30,LOW(2*@0+(@1))
                 	LDI  R31,HIGH(2*@0+(@1))
                 	RCALL __GETW1PF
                 	ICALL
                 	.ENDM
                 
                 	.MACRO __CALL2EN
                 	LDI  R26,LOW(@0+(@1))
                 	LDI  R27,HIGH(@0+(@1))
                 	RCALL __EEPROMRDW
                 	ICALL
                 	.ENDM
                 
                 	.MACRO __GETW1STACK
                 	IN   R26,SPL
                 	IN   R27,SPH
                 	ADIW R26,@0+1
                 	LD   R30,X+
                 	LD   R31,X
                 	.ENDM
                 
                 	.MACRO __GETD1STACK
                 	IN   R26,SPL
                 	IN   R27,SPH
                 	ADIW R26,@0+1
                 	LD   R30,X+
                 	LD   R31,X+
                 	LD   R22,X
                 	.ENDM
                 
                 	.MACRO __NBST
                 	BST  R@0,@1
                 	IN   R30,SREG
                 	LDI  R31,0x40
                 	EOR  R30,R31
                 	OUT  SREG,R30
                 	.ENDM
                 
                 
                 	.MACRO __PUTB1SN
                 	LDD  R26,Y+@0
                 	SUBI R26,-@1
                 	ST   X,R30
                 	.ENDM
                 
                 	.MACRO __PUTW1SN
                 	LDD  R26,Y+@0
                 	SUBI R26,-@1
                 	ST   X+,R30
                 	ST   X,R31
                 	.ENDM
                 
                 	.MACRO __PUTD1SN
                 	LDD  R26,Y+@0
                 	SUBI R26,-@1
                 	RCALL __PUTDP1
                 	.ENDM
                 
                 	.MACRO __PUTB1SNS
                 	LDD  R26,Y+@0
                 	SUBI R26,-@1
                 	ST   X,R30
                 	.ENDM
                 
                 	.MACRO __PUTW1SNS
                 	LDD  R26,Y+@0
                 	SUBI R26,-@1
                 	ST   X+,R30
                 	ST   X,R31
                 	.ENDM
                 
                 	.MACRO __PUTD1SNS
                 	LDD  R26,Y+@0
                 	SUBI R26,-@1
                 	RCALL __PUTDP1
                 	.ENDM
                 
                 	.MACRO __PUTB1RN
                 	MOV  R26,R@0
                 	SUBI R26,-@1
                 	ST   X,R30
                 	.ENDM
                 
                 	.MACRO __PUTW1RN
                 	MOV  R26,R@0
                 	SUBI R26,-@1
                 	ST   X+,R30
                 	ST   X,R31
                 	.ENDM
                 
                 	.MACRO __PUTD1RN
                 	MOV  R26,R@0
                 	SUBI R26,-@1
                 	RCALL __PUTDP1
                 	.ENDM
                 
                 	.MACRO __PUTB1RNS
                 	MOV  R26,R@0
                 	SUBI R26,-@1
                 	ST   X,R30
                 	.ENDM
                 
                 	.MACRO __PUTW1RNS
                 	MOV  R26,R@0
                 	SUBI R26,-@1
                 	ST   X+,R30
                 	ST   X,R31
                 	.ENDM
                 
                 	.MACRO __PUTD1RNS
                 	MOV  R26,R@0
                 	SUBI R26,-@1
                 	RCALL __PUTDP1
                 	.ENDM
                 
                 	.MACRO __PUTB1PMN
                 	LDS  R26,@0
                 	SUBI R26,-@1
                 	ST   X,R30
                 	.ENDM
                 
                 	.MACRO __PUTW1PMN
                 	LDS  R26,@0
                 	SUBI R26,-@1
                 	ST   X+,R30
                 	ST   X,R31
                 	.ENDM
                 
                 	.MACRO __PUTD1PMN
                 	LDS  R26,@0
                 	SUBI R26,-@1
                 	RCALL __PUTDP1
                 	.ENDM
                 
                 	.MACRO __PUTB1PMNS
                 	LDS  R26,@0
                 	SUBI R26,-@1
                 	ST   X,R30
                 	.ENDM
                 
                 	.MACRO __PUTW1PMNS
                 	LDS  R26,@0
                 	SUBI R26,-@1
                 	ST   X+,R30
                 	ST   X,R31
                 	.ENDM
                 
                 	.MACRO __PUTD1PMNS
                 	LDS  R26,@0
                 	SUBI R26,-@1
                 	RCALL __PUTDP1
                 	.ENDM
                 
                 	.MACRO __GETB1SX
                 	MOVW R30,R28
                 	SUBI R30,LOW(-@0)
                 	SBCI R31,HIGH(-@0)
                 	LD   R30,Z
                 	.ENDM
                 
                 	.MACRO __GETB1HSX
                 	MOVW R30,R28
                 	SUBI R30,LOW(-@0)
                 	SBCI R31,HIGH(-@0)
                 	LD   R31,Z
                 	.ENDM
                 
                 	.MACRO __GETW1SX
                 	MOVW R30,R28
                 	SUBI R30,LOW(-@0)
                 	SBCI R31,HIGH(-@0)
                 	LD   R0,Z+
                 	LD   R31,Z
                 	MOV  R30,R0
                 	.ENDM
                 
                 	.MACRO __GETD1SX
                 	MOVW R30,R28
                 	SUBI R30,LOW(-@0)
                 	SBCI R31,HIGH(-@0)
                 	LD   R0,Z+
                 	LD   R1,Z+
                 	LD   R22,Z+
                 	LD   R23,Z
                 	MOVW R30,R0
                 	.ENDM
                 
                 	.MACRO __GETB2SX
                 	MOVW R26,R28
                 	SUBI R26,LOW(-@0)
                 	SBCI R27,HIGH(-@0)
                 	LD   R26,X
                 	.ENDM
                 
                 	.MACRO __GETW2SX
                 	MOVW R26,R28
                 	SUBI R26,LOW(-@0)
                 	SBCI R27,HIGH(-@0)
                 	LD   R0,X+
                 	LD   R27,X
                 	MOV  R26,R0
                 	.ENDM
                 
                 	.MACRO __GETD2SX
                 	MOVW R26,R28
                 	SUBI R26,LOW(-@0)
                 	SBCI R27,HIGH(-@0)
                 	LD   R0,X+
                 	LD   R1,X+
                 	LD   R24,X+
                 	LD   R25,X
                 	MOVW R26,R0
                 	.ENDM
                 
                 	.MACRO __GETBRSX
                 	MOVW R30,R28
                 	SUBI R30,LOW(-@1)
                 	SBCI R31,HIGH(-@1)
                 	LD   R@0,Z
                 	.ENDM
                 
                 	.MACRO __GETWRSX
                 	MOVW R30,R28
                 	SUBI R30,LOW(-@2)
                 	SBCI R31,HIGH(-@2)
                 	LD   R@0,Z+
                 	LD   R@1,Z
                 	.ENDM
                 
                 	.MACRO __GETBRSX2
                 	MOVW R26,R28
                 	SUBI R26,LOW(-@1)
                 	SBCI R27,HIGH(-@1)
                 	LD   R@0,X
                 	.ENDM
                 
                 	.MACRO __GETWRSX2
                 	MOVW R26,R28
                 	SUBI R26,LOW(-@2)
                 	SBCI R27,HIGH(-@2)
                 	LD   R@0,X+
                 	LD   R@1,X
                 	.ENDM
                 
                 	.MACRO __LSLW8SX
                 	MOVW R30,R28
                 	SUBI R30,LOW(-@0)
                 	SBCI R31,HIGH(-@0)
                 	LD   R31,Z
                 	CLR  R30
                 	.ENDM
                 
                 	.MACRO __PUTB1SX
                 	MOVW R26,R28
                 	SUBI R26,LOW(-@0)
                 	SBCI R27,HIGH(-@0)
                 	ST   X,R30
                 	.ENDM
                 
                 	.MACRO __PUTW1SX
                 	MOVW R26,R28
                 	SUBI R26,LOW(-@0)
                 	SBCI R27,HIGH(-@0)
                 	ST   X+,R30
                 	ST   X,R31
                 	.ENDM
                 
                 	.MACRO __PUTD1SX
                 	MOVW R26,R28
                 	SUBI R26,LOW(-@0)
                 	SBCI R27,HIGH(-@0)
                 	ST   X+,R30
                 	ST   X+,R31
                 	ST   X+,R22
                 	ST   X,R23
                 	.ENDM
                 
                 	.MACRO __CLRW1SX
                 	MOVW R26,R28
                 	SUBI R26,LOW(-@0)
                 	SBCI R27,HIGH(-@0)
                 	ST   X+,R30
                 	ST   X,R30
                 	.ENDM
                 
                 	.MACRO __CLRD1SX
                 	MOVW R26,R28
                 	SUBI R26,LOW(-@0)
                 	SBCI R27,HIGH(-@0)
                 	ST   X+,R30
                 	ST   X+,R30
                 	ST   X+,R30
                 	ST   X,R30
                 	.ENDM
                 
                 	.MACRO __PUTB2SX
                 	MOVW R30,R28
                 	SUBI R30,LOW(-@0)
                 	SBCI R31,HIGH(-@0)
                 	ST   Z,R26
                 	.ENDM
                 
                 	.MACRO __PUTW2SX
                 	MOVW R30,R28
                 	SUBI R30,LOW(-@0)
                 	SBCI R31,HIGH(-@0)
                 	ST   Z+,R26
                 	ST   Z,R27
                 	.ENDM
                 
                 	.MACRO __PUTD2SX
                 	MOVW R30,R28
                 	SUBI R30,LOW(-@0)
                 	SBCI R31,HIGH(-@0)
                 	ST   Z+,R26
                 	ST   Z+,R27
                 	ST   Z+,R24
                 	ST   Z,R25
                 	.ENDM
                 
                 	.MACRO __PUTBSRX
                 	MOVW R30,R28
                 	SUBI R30,LOW(-@1)
                 	SBCI R31,HIGH(-@1)
                 	ST   Z,R@0
                 	.ENDM
                 
                 	.MACRO __PUTWSRX
                 	MOVW R30,R28
                 	SUBI R30,LOW(-@2)
                 	SBCI R31,HIGH(-@2)
                 	ST   Z+,R@0
                 	ST   Z,R@1
                 	.ENDM
                 
                 	.MACRO __PUTB1SNX
                 	MOVW R26,R28
                 	SUBI R26,LOW(-@0)
                 	SBCI R27,HIGH(-@0)
                 	LD   R0,X+
                 	LD   R27,X
                 	MOV  R26,R0
                 	SUBI R26,LOW(-@1)
                 	SBCI R27,HIGH(-@1)
                 	ST   X,R30
                 	.ENDM
                 
                 	.MACRO __PUTW1SNX
                 	MOVW R26,R28
                 	SUBI R26,LOW(-@0)
                 	SBCI R27,HIGH(-@0)
                 	LD   R0,X+
                 	LD   R27,X
                 	MOV  R26,R0
                 	SUBI R26,LOW(-@1)
                 	SBCI R27,HIGH(-@1)
                 	ST   X+,R30
                 	ST   X,R31
                 	.ENDM
                 
                 	.MACRO __PUTD1SNX
                 	MOVW R26,R28
                 	SUBI R26,LOW(-@0)
                 	SBCI R27,HIGH(-@0)
                 	LD   R0,X+
                 	LD   R27,X
                 	MOV  R26,R0
                 	SUBI R26,LOW(-@1)
                 	SBCI R27,HIGH(-@1)
                 	ST   X+,R30
                 	ST   X+,R31
                 	ST   X+,R22
                 	ST   X,R23
                 	.ENDM
                 
                 ;NAME DEFINITIONS FOR GLOBAL VARIABLES ALLOCATED TO REGISTERS
                 	.DEF _i=R3
                 	.DEF _pktlen=R2
                 	.DEF _Error=R5
                 
                 ;GPIOR0-GPIOR2 INITIALIZATION VALUES
                 	.EQU __GPIOR0_INIT=0x00
                 	.EQU __GPIOR1_INIT=0x00
                 	.EQU __GPIOR2_INIT=0x00
                 
                 	.CSEG
                 	.ORG 0x00
                 
                 ;START OF CODE MARKER
                 __START_OF_CODE:
                 
                 ;INTERRUPT VECTORS
000000 c071      	RJMP __RESET
000001 cffe      	RJMP 0x00
000002 cffd      	RJMP 0x00
000003 cffc      	RJMP 0x00
000004 cffb      	RJMP 0x00
000005 cffa      	RJMP 0x00
000006 cff9      	RJMP 0x00
000007 cff8      	RJMP 0x00
000008 cff7      	RJMP 0x00
000009 cff6      	RJMP 0x00
00000a cff5      	RJMP 0x00
00000b cff4      	RJMP 0x00
00000c cff3      	RJMP 0x00
00000d c18f      	RJMP _timer0_compa_isr
00000e cff1      	RJMP 0x00
00000f cff0      	RJMP 0x00
000010 cfef      	RJMP 0x00
000011 cfee      	RJMP 0x00
000012 cfed      	RJMP 0x00
                 
                 _tbl_frame:
000013 9830
000014 3190
000015 8fff
000016 8032      	.DB  0x30,0x98,0x90,0x31,0xFF,0x8F,0x32,0x80
000017 3328
000018 5680
000019 4e34
00001a 35f6      	.DB  0x28,0x33,0x80,0x56,0x34,0x4E,0xF6,0x35
00001b f5f6
00001c 1836
00001d 375c
00001e 51d6      	.DB  0xF6,0xF5,0x36,0x18,0x5C,0x37,0xD6,0x51
00001f 4438
000020 3944
000021 00a0      	.DB  0x38,0x44,0x44,0x39,0xA0,0x0
                 _tbl_rfinit:
000022 2109
000023 0001
000024 4d35
000025 1f02      	.DB  0x9,0x21,0x1,0x0,0x35,0x4D,0x2,0x1F
000026 0401
000027 f0bc
000028 0005
000029 07a1      	.DB  0x1,0x4,0xBC,0xF0,0x5,0x0,0xA1,0x7
00002a 4c12
00002b 8008
00002c 0c00
00002d 0080      	.DB  0x12,0x4C,0x8,0x80,0x0,0xC,0x80,0x0
00002e 160e
00002f 0f9b
000030 ad90
000031 b010      	.DB  0xE,0x16,0x9B,0xF,0x90,0xAD,0x10,0xB0
000032 1300
000033 14a1
000034 8114
000035 1691      	.DB  0x0,0x13,0xA1,0x14,0x14,0x81,0x91,0x16
000036 0200
000037 b118
000038 1940
000039 0fa8      	.DB  0x0,0x2,0x18,0xB1,0x40,0x19,0xA8,0xF
00003a 3f1a
00003b 1c04
00003c 0058      	.DB  0x1A,0x3F,0x4,0x1C,0x58,0x0
                 
                 _0x3:
00003d 5242
00003e 4c45
00003f 4b4f
000040 532d      	.DB  0x42,0x52,0x45,0x4C,0x4F,0x4B,0x2D,0x53
000041 4e45
E:\AVR\SD-WC\List\Brelok.asm(1013): warning: .cseg .db misalignment - padding zero byte
000042 0044      	.DB  0x45,0x4E,0x44
                 _0x0:
000043 5242
000044 4c45
000045 4b4f
000046 4400      	.DB  0x42,0x52,0x45,0x4C,0x4F,0x4B,0x0,0x44
000047 5645
000048 4349
000049 0045
00004a 4843      	.DB  0x45,0x56,0x49,0x43,0x45,0x0,0x43,0x48
00004b 4e41
00004c 4547
00004d 5200
00004e 4145      	.DB  0x41,0x4E,0x47,0x45,0x0,0x52,0x45,0x41
00004f 0044
000050 7453
000051 7461
000052 7375      	.DB  0x44,0x0,0x53,0x74,0x61,0x74,0x75,0x73
000053 5300
000054 4345
000055 5255
000056 4900      	.DB  0x0,0x53,0x45,0x43,0x55,0x52,0x0,0x49
000057 4c44
000058 0045      	.DB  0x44,0x4C,0x45,0x0
                 _0x2020060:
E:\AVR\SD-WC\List\Brelok.asm(1022): warning: .cseg .db misalignment - padding zero byte
000059 0001      	.DB  0x1
                 _0x2020000:
00005a 4e2d
00005b 4e41
00005c 4900
00005d 464e      	.DB  0x2D,0x4E,0x41,0x4E,0x0,0x49,0x4E,0x46
E:\AVR\SD-WC\List\Brelok.asm(1025): warning: .cseg .db misalignment - padding zero byte
00005e 0000      	.DB  0x0
                 
                 __GLOBAL_INI_TBL:
00005f 000b      	.DW  0x0B
000060 0099      	.DW  _SPI_buffer
000061 007a      	.DW  _0x3*2
                 
000062 0007      	.DW  0x07
000063 0080      	.DW  _0x5C
000064 008d      	.DW  _0x0*2+7
                 
000065 0007      	.DW  0x07
000066 0087      	.DW  _0x5C+7
000067 00a0      	.DW  _0x0*2+26
                 
000068 0006      	.DW  0x06
000069 008e      	.DW  _0x5C+14
00006a 00a7      	.DW  _0x0*2+33
                 
00006b 0005      	.DW  0x05
00006c 0094      	.DW  _0x5C+20
00006d 00ad      	.DW  _0x0*2+39
                 
00006e 0001      	.DW  0x01
00006f 00b9      	.DW  __seed_G101
000070 00b2      	.DW  _0x2020060*2
                 
                 _0xFFFFFFFF:
000071 0000      	.DW  0
                 
                 __RESET:
000072 94f8      	CLI
000073 27ee      	CLR  R30
000074 bbec      	OUT  EECR,R30
000075 bfe5      	OUT  MCUCR,R30
                 
                 ;DISABLE WATCHDOG
000076 e1f8      	LDI  R31,0x18
000077 b7a4      	IN   R26,MCUSR
000078 7fa7      	CBR  R26,8
000079 bfa4      	OUT  MCUSR,R26
00007a bdf1      	OUT  WDTCR,R31
00007b bde1      	OUT  WDTCR,R30
                 
                 ;CLEAR R2-R14
00007c e08d      	LDI  R24,(14-2)+1
00007d e0a2      	LDI  R26,2
                 __CLEAR_REG:
00007e 93ed      	ST   X+,R30
00007f 958a      	DEC  R24
000080 f7e9      	BRNE __CLEAR_REG
                 
                 ;CLEAR SRAM
000081 e880      	LDI  R24,__CLEAR_SRAM_SIZE
000082 e6a0      	LDI  R26,__SRAM_START
                 __CLEAR_SRAM:
000083 93ed      	ST   X+,R30
000084 958a      	DEC  R24
000085 f7e9      	BRNE __CLEAR_SRAM
                 
                 ;GLOBAL VARIABLES INITIALIZATION
000086 ebee      	LDI  R30,LOW(__GLOBAL_INI_TBL*2)
000087 e0f0      	LDI  R31,HIGH(__GLOBAL_INI_TBL*2)
                 __GLOBAL_INI_NEXT:
000088 9185      	LPM  R24,Z+
000089 9195      	LPM  R25,Z+
00008a 9700      	SBIW R24,0
00008b f061      	BREQ __GLOBAL_INI_END
00008c 91a5      	LPM  R26,Z+
00008d 91b5      	LPM  R27,Z+
00008e 9005      	LPM  R0,Z+
00008f 9015      	LPM  R1,Z+
000090 01bf      	MOVW R22,R30
000091 01f0      	MOVW R30,R0
                 __GLOBAL_INI_LOOP:
000092 9005      	LPM  R0,Z+
000093 920d      	ST   X+,R0
000094 9701      	SBIW R24,1
000095 f7e1      	BRNE __GLOBAL_INI_LOOP
000096 01fb      	MOVW R30,R22
000097 cff0      	RJMP __GLOBAL_INI_NEXT
                 __GLOBAL_INI_END:
                 
                 ;GPIOR0-GPIOR2 INITIALIZATION
000098 e0e0      	LDI  R30,__GPIOR0_INIT
000099 bbe3      	OUT  GPIOR0,R30
                 	;__GPIOR1_INIT = __GPIOR0_INIT
00009a bbe4      	OUT  GPIOR1,R30
                 	;__GPIOR2_INIT = __GPIOR0_INIT
00009b bbe5      	OUT  GPIOR2,R30
                 
                 ;HARDWARE STACK POINTER INITIALIZATION
00009c edef      	LDI  R30,LOW(__SRAM_END-__HEAP_SIZE)
00009d bfed      	OUT  SPL,R30
                 
                 ;DATA STACK POINTER INITIALIZATION
00009e e8c0      	LDI  R28,LOW(__SRAM_START+__DSTACK_SIZE)
                 
00009f c0ff      	RJMP _main
                 
                 	.ESEG
                 	.ORG 0
                 
                 	.DSEG
                 	.ORG 0x80
                 
                 	.CSEG
                 ;/*****************************************************
                 ;This program was produced by the
                 ;CodeWizardAVR V2.05.0 Professional
                 ;Automatic Program Generator
                 ;© Copyright 1998-2010 Pavel Haiduc, HP InfoTech s.r.l.
                 ;http://www.hpinfotech.com
                 ;
                 ;Project : Brelok
                 ;Version : 1
                 ;Date    : 20.10.2011
                 ;Author  : Alexandr Gordejchik
                 ;Company : NTS
                 ;Comments:
                 ;
                 ;
                 ;Chip type               : ATtiny2313A
                 ;AVR Core Clock frequency: 4,000000 MHz
                 ;Memory model            : Tiny
                 ;External RAM size       : 0
                 ;Data Stack size         : 32
                 ;*****************************************************/
                 ;
                 ;#include <tiny2313a.h>
                 	#ifndef __SLEEP_DEFINED__
                 	#define __SLEEP_DEFINED__
                 	.EQU __se_bit=0x20
                 	.EQU __sm_mask=0x50
                 	.EQU __sm_powerdown=0x10
                 	.EQU __sm_standby=0x40
                 	.SET power_ctrl_reg=mcucr
                 	#endif
                 ;#include <delay.h>
                 ;#include <string.h>
                 ;#include <stdlib.h>
                 ;
                 ;typedef union{                     // Определение структурного типа DATA
                 ;		unsigned int data;
                 ;		unsigned char byte[2];
                 ;		struct{
                 ;			unsigned char b0:1;
                 ;			unsigned char b1:1;
                 ;			unsigned char b2:1;
                 ;			unsigned char b3:1;
                 ;			unsigned char b4:1;
                 ;			unsigned char b5:1;
                 ;			unsigned char b6:1;
                 ;			unsigned char b7:1;
                 ;			unsigned char b8:1;
                 ;			unsigned char b9:1;
                 ;			unsigned char b10:1;
                 ;			unsigned char b11:1;
                 ;			unsigned char b12:1;
                 ;			unsigned char b13:1;
                 ;			unsigned char b14:1;
                 ;			unsigned char b15:1;
                 ;		} Bit;
                 ;	}DATA;
                 ;
                 ;union U            //Объединение 2 переменных
                 ;		{
                 ;			unsigned int buf;
                 ;			unsigned char b[2];
                 ;		};
                 ;                    /*ОБЪЯВЛЕНИЕ ГЛОБАЛЬНЫХ ПЕРЕМЕННЫХ*/
                 ;unsigned char i; //Счетчик
                 ;char SPI_buffer[32]={"BRELOK-SEND\x00"};  // Буффер обмена
                 
                 	.DSEG
                 ;//char SPI_buffer2[12];
                 ;
                 ;unsigned char pktlen;
                 ;char Error; //Байт ошибки
                 ;//eeprom char eebuffer[64];
                 ;flash unsigned char CH=78; //Номер канала
                 ;flash unsigned char SW=9; // Делитель частоты
                 ;
                 ;         // значения для инициализации кадра
                 ;                                                               //   15 14 13 12 11 10 9 8 7 6 5 4 3 2 1 0
                 ;        flash unsigned char tbl_frame[30]  = {0x30,0x98,0x90,  //48  1  0  0  1  1  0 0 0 0 0 0 0 0 0 0 0 15:13 - 5 байт приамбула 12:11 - синхро-слово 64 бита {Reg55[15:0],Reg54[15:0],Reg53[15:0],Reg52[15:0]} 10:8 - трейлер 4 бита 7:6 - NRZ кодирование                  сигнала 5:4 - не использовать помехоустойчивое кодирование 3,2,1,0 - не особо важные настройки
                 ;                                              0x31,0xFF,0x8F,  //49  1  1  1  1  1  1 1 1 1 0 0 0 1 1 1 1 15:8 - максимальная задержка 2 мс 7 - часы работают в режиме сна 5:0 - BDATA1 сбросить через 15 us
                 ;                                              0x32,0x80,0x28,  //50  1  0  0  0  0  0 0 0 0 0 1 0 1 0 0 0 15:8 и 7:0 задержки для работы в режиме TX
                 ;                                              0x33,0x80,0x56,  //51  1  0  0  0  0  0 0 0 0 1 0 1 0 1 1 0 15:8 - RX таймер 7 - MISO в неопределенном состоянии 6:0 - ключ для скрамблера
                 ;                                              0x34,0x4E,0xF6,  //52  0  1  0  0  1  1 1 0 1 1 1 1 0 1 1 0  биты синхронизации
                 ;                                              0x35,0xF6,0xF5,  //53  1  1  1  1  0  1 1 0 1 1 1 1 0 1 0 1  биты синхронизации
                 ;                                              0x36,0x18,0x5C,  //54  0  0  0  1  1  0 0 0 0 1 0 1 1 1 0 0  биты синхронизации
                 ;                                              0x37,0xD6,0x51,  //55  1  1  0  1  0  1 1 0 0 1 0 1 0 0 0 1  биты синхронизации
                 ;                                              0x38,0x44,0x44,  //56  0  1  0  0  0  1 0 0 0 1 0 0 0 1 0 0  7 - PKF-flag высокий уровень активный
                 ;                                              0x39,0xA0,0x00}; //57  1  0  1  0  0  0 0 0 0 0 0 0 0 0 0 0  15 - использовать CRC 14 -не использовать скрамблер 13 - первый байт содержит длину пакета 7:0 - CRC (???????????)
                 ;
                 ;        // значения для инициализации передатчика               //   15 14 13 12 11 10 9 8 7 6 5 4 3 2 1 0
                 ;        flash unsigned char tbl_rfinit[54]  = {0x09,0x21,0x01,  //9   0  0  1  0  0  0 0 1 0 0 0 0 0 0 0 1
                 ;											   0x00,0x35,0x4D,  //0   0  0  0  1  1  1 1 1 0 0 0 0 0 0 0 1
                 ;											   0x02,0x1F,0x01,  //2   0  0  0  1  1  1 1 1 0 0 0 0 0 0 0 1
                 ;											   0x04,0xBC,0xF0,  //4   1  0  1  1  1  1 0 0 1 1 1 1 0 0 0 0
                 ;											   0x05,0x00,0xA1,  //5   0  0  0  0  0  0 0 0 1 0 1 0 0 0 0 1
                 ;											   0x07,0x12,0x4C,  //7   0  0  0  1  0  0 1 0 0 1 0 0 1 1 0 0 13:9 - делитель 8- TX mode 7- RX mode 6:0 - частота (2402+76)
                 ;											   0x08,0x80,0x00,  //8   1  0  0  0  0  0 0 0 0 0 0 0 0 0 0 0
                 ;											   0x0C,0x80,0x00,  //12  1  0  0  0  0  0 0 0 0 0 0 0 0 0 0 0
                 ;											   0x0E,0x16,0x9B,  //14  0  0  0  1  0  1 1 0 1 0 0 1 1 0 1 1
                 ;											   0x0F,0x90,0xAD,  //15  1  0  0  1  0  0 0 0 1 0 1 0 1 1 0 1
                 ;											   0x10,0xB0,0x00,  //16  1  0  1  1  0  0 0 0 0 0 0 0 0 0 0 0
                 ;											   0x13,0xA1,0x14,  //19  1  0  1  0  0  0 0 1 0 0 0 1 0 1 0 0
                 ;											   0x14,0x81,0x91,  //20  1  0  0  0  0  0 0 1 1 0 0 1 0 0 0 1
                 ;											   0x16,0x00,0x02,  //22  0  0  0  0  0  0 0 0 0 0 0 0 0 0 1 0
                 ;											   0x18,0xB1,0x40,  //24  1  0  1  1  0  0 0 1 0 1 0 0 0 0 0 0
                 ;											   0x19,0xA8,0x0F,  //25  1  0  1  0  1  0 0 0 0 0 0 0 1 1 1 1
                 ;											   0x1A,0x3F,0x04,  //26  0  0  1  1  1  1 1 1 0 0 0 0 0 1 0 0
                 ;											   0x1C,0x58,0x00}; //28  0  1  0  1  1  0 0 0 0 0 0 0 0 0 0 0
                 ;//*******************************************************************************************
                 ;void LightDiode(unsigned char n) // Функция управления светодиодом
                 ; 0000 0065 {
                 
                 	.CSEG
                 _LightDiode:
                 ; 0000 0066  switch (n)
0000a0 81e8      ;	n -> Y+0
0000a1 d1a4      	LD   R30,Y
                 	RCALL SUBOPT_0x0
                 ; 0000 0067  {
0000a2 9730      ; 0000 0068  case 0:
0000a3 f419      	SBIW R30,0
                 	BRNE _0x7
                 ; 0000 0069 			{
0000a4 98c3      ; 0000 006A 			PORTB.3=0;
                 	CBI  0x18,3
0000a5 98c4      ; 0000 006B             PORTB.4=0;
                 	CBI  0x18,4
0000a6 c013      ; 0000 006C 				break;
                 	RJMP _0x6
                 ; 0000 006D 			}
                 ; 0000 006E  case 1:
0000a7 30e1      _0x7:
0000a8 e0a0      	CPI  R30,LOW(0x1)
0000a9 07fa      	LDI  R26,HIGH(0x1)
0000aa f419      	CPC  R31,R26
                 	BRNE _0xC
                 ; 0000 006F 			{
0000ab 9ac3      ; 0000 0070 			PORTB.3=1;
                 	SBI  0x18,3
0000ac 98c4      ; 0000 0071             PORTB.4=0;
                 	CBI  0x18,4
0000ad c00c      ; 0000 0072 				break;
                 	RJMP _0x6
                 ; 0000 0073 			}
                 ; 0000 0074  case 2:
0000ae 30e2      _0xC:
0000af e0a0      	CPI  R30,LOW(0x2)
0000b0 07fa      	LDI  R26,HIGH(0x2)
0000b1 f411      	CPC  R31,R26
                 	BRNE _0x11
                 ; 0000 0075 			{
0000b2 98c3      ; 0000 0076 			PORTB.3=0;
                 	CBI  0x18,3
0000b3 c005      ; 0000 0077             PORTB.4=1;
                 	RJMP _0x73
                 ; 0000 0078 				break;
                 ; 0000 0079  case 3:
0000b4 30e3      _0x11:
0000b5 e0a0      	CPI  R30,LOW(0x3)
0000b6 07fa      	LDI  R26,HIGH(0x3)
0000b7 f411      	CPC  R31,R26
                 	BRNE _0x6
                 ; 0000 007A 			{
0000b8 9ac3      ; 0000 007B 			PORTB.3=1;
                 	SBI  0x18,3
                 ; 0000 007C             PORTB.4=1;
0000b9 9ac4      _0x73:
                 	SBI  0x18,4
                 ; 0000 007D 				break;
                 ; 0000 007E 			} 			}
                 ; 0000 007F  }
                 _0x6:
                 ; 0000 0080 
0000ba c00f      ; 0000 0081 }
                 	RJMP _0x2080003
                 ;//*********************************************************************************************
                 ;// Функция передачи символа по SPI
                 ;unsigned char SPI_SEND(unsigned char data)
                 ; 0000 0085 {
                 _SPI_SEND:
                 ; 0000 0086  USIDR=data;      // Загрузка данных в сдвиговый регистр
0000bb 81e8      ;	data -> Y+0
0000bc b9ef      	LD   R30,Y
                 	OUT  0xF,R30
0000bd e4e0      ; 0000 0087  USISR=(1<<USIOIF);  // Очистка флага переполнения и 4-битного счетчика
0000be b9ee      	LDI  R30,LOW(64)
                 	OUT  0xE,R30
0000bf b7e8      ; 0000 0088  TIFR |= (1<<OCF0A);   // Очистка флага прерывания по совпадению таймера
0000c0 60e1      	IN   R30,0x38
0000c1 bfe8      	ORI  R30,1
                 	OUT  0x38,R30
0000c2 b7e9      ; 0000 0089  TIMSK |= (1<<OCIE0A); // Разрешение прерывания по совпадению
0000c3 60e1      	IN   R30,0x39
0000c4 bfe9      	ORI  R30,1
                 	OUT  0x39,R30
                 ; 0000 008A  while(USISR.USIOIF==0); //Ожидание конца передачи байта
0000c5 9b76      _0x1B:
0000c6 cffe      	SBIS 0xE,6
                 	RJMP _0x1B
0000c7 e0e0      ; 0000 008B  TIMSK=0x00;     //Запрет прерывания
0000c8 bfe9      	LDI  R30,LOW(0)
                 	OUT  0x39,R30
0000c9 b1ef      ; 0000 008C  return USIDR; // Возврат данных
                 	IN   R30,0xF
0000ca 9621      _0x2080003:
0000cb 9508      	ADIW R28,1
                 	RET
                 ; 0000 008D }
                 ;//***********************************************************************************************
                 ;//записать в регистр трансивера значение
                 ;	void TR24_Wrtie(unsigned char reg,unsigned int data)
                 ; 0000 0091 	{
                 _TR24_Wrtie:
                 ; 0000 0092 
                 ; 0000 0093        union U dat;
0000cc 9722      ; 0000 0094 	  dat.buf=data;
                 	SBIW R28,2
                 ;	reg -> Y+4
                 ;	data -> Y+2
0000cd 81ea      ;	dat -> Y+0
0000ce 81fb      	LDD  R30,Y+2
0000cf d178      	LDD  R31,Y+2+1
                 	RCALL SUBOPT_0x1
                 ; 0000 0095 
0000d0 98c1      ; 0000 0096 		PORTB.1=0;       // SPI_SS ON
                 	CBI  0x18,1
0000d1 81ec      ; 0000 0097 		SPI_SEND(reg);    //регистр
0000d2 d178      	LDD  R30,Y+4
                 	RCALL SUBOPT_0x2
                 ; 0000 0098 		delay_us(2);
0000d3 81e9      ; 0000 0099 		SPI_SEND(dat.b[1]);   //старшая часть
0000d4 d176      	LDD  R30,Y+1
                 	RCALL SUBOPT_0x2
                 ; 0000 009A 		delay_us(2);
0000d5 81e8      ; 0000 009B 		SPI_SEND(dat.b[0]);   //младшая часть
0000d6 d174      	LD   R30,Y
                 	RCALL SUBOPT_0x2
                 ; 0000 009C 		delay_us(2);
0000d7 9ac1      ; 0000 009D 		PORTB.1=1;     // SPI_SS OFF
                 	SBI  0x18,1
                 ; 0000 009E 
0000d8 9625      ; 0000 009F 	}//end writeByte
0000d9 9508      	ADIW R28,5
                 	RET
                 ;//**********************************************************************************************
                 ; //Чтение из регистра трансивера
                 ;	unsigned int TR24A_Read(unsigned char reg)
                 ; 0000 00A3 	{
                 _TR24A_Read:
                 ; 0000 00A4 
                 ; 0000 00A5            union U dat;
0000da 9722      ; 0000 00A6 		PORTB.1=0;       // SPI_SS ON
                 	SBIW R28,2
                 ;	reg -> Y+2
0000db 98c1      ;	dat -> Y+0
                 	CBI  0x18,1
0000dc 81ea      ; 0000 00A7 		SPI_SEND(reg |0x80);   //Старший бит определяет операцию
0000dd 68e0      	LDD  R30,Y+2
0000de d16c      	ORI  R30,0x80
                 	RCALL SUBOPT_0x2
                 ; 0000 00A8 		delay_us(2);
0000df d171      ; 0000 00A9 		dat.b[1]=SPI_SEND(0x0FF);
0000e0 83e9      	RCALL SUBOPT_0x3
                 	STD  Y+1,R30
                +
0000e1 e083     +LDI R24 , LOW ( 3 )
                +__DELAY_USB_LOOP :
0000e2 958a     +DEC R24
0000e3 f7f1     +BRNE __DELAY_USB_LOOP
                 	__DELAY_USB 3
                 ; 0000 00AB 		dat.b[0]=SPI_SEND(0x0FF);
0000e4 d16c      	RCALL SUBOPT_0x3
0000e5 83e8      	ST   Y,R30
                 ; 0000 00AC 		delay_us(2);
                +
0000e6 e083     +LDI R24 , LOW ( 3 )
                +__DELAY_USB_LOOP :
0000e7 958a     +DEC R24
0000e8 f7f1     +BRNE __DELAY_USB_LOOP
                 	__DELAY_USB 3
                 ; 0000 00AD 		PORTB.1=1;     // SPI_SS OFF
0000e9 9ac1      	SBI  0x18,1
                 ; 0000 00AE 
                 ; 0000 00AF 		return dat.buf;
0000ea 81e8      	LD   R30,Y
0000eb 81f9      	LDD  R31,Y+1
0000ec c058      	RJMP _0x2080002
                 ; 0000 00B0 	}//end readByte
                 ;//*********************************************************************************************
                 ;//Инициализация трансивера
                 ;    void TR24A_INIT(void)
                 ; 0000 00B4     {
                 _TR24A_INIT:
                 ; 0000 00B5     	        union U dt;
                 ; 0000 00B6                 /*
                 ; 0000 00B7 		chanel=76;   //канал по умолчанию
                 ; 0000 00B8 		swallow=9;    //делитель частоты по умолчанию
                 ; 0000 00B9 		Error.byte=0; //обнулить все ошибки
                 ; 0000 00BA 		ProgCRC=0;    //программное CRC выкл
                 ; 0000 00BB 		TrState=0;    //предыдущей режим работы трансивера, необходимо для приема пакета
                 ; 0000 00BC                   */
                 ; 0000 00BD 	 unsigned char i;
                 ; 0000 00BE 
                 ; 0000 00BF 
                 ; 0000 00C0 		for(i=0;i<30;i=i+3)				//инициализация кадра
0000ed 9722      	SBIW R28,2
0000ee 931a      	ST   -Y,R17
                 ;	dt -> Y+1
                 ;	i -> R17
0000ef e010      	LDI  R17,LOW(0)
                 _0x27:
0000f0 311e      	CPI  R17,30
0000f1 f478      	BRSH _0x28
                 ; 0000 00C1 		{
                 ; 0000 00C2 			dt.b[1]=tbl_frame[i+1];
0000f2 d161      	RCALL SUBOPT_0x4
                +
0000f3 5de9     +SUBI R30 , LOW ( - 2 * _tbl_frame - ( 1 ) )
0000f4 4fff     +SBCI R31 , HIGH ( - 2 * _tbl_frame - ( 1 ) )
                 	__ADDW1FN _tbl_frame,1
0000f5 9004      	LPM  R0,Z
0000f6 820a      	STD  Y+2,R0
                 ; 0000 00C3 			dt.b[0]=tbl_frame[i+2];
0000f7 d15c      	RCALL SUBOPT_0x4
                +
0000f8 5de8     +SUBI R30 , LOW ( - 2 * _tbl_frame - ( 2 ) )
0000f9 4fff     +SBCI R31 , HIGH ( - 2 * _tbl_frame - ( 2 ) )
                 	__ADDW1FN _tbl_frame,2
0000fa 9004      	LPM  R0,Z
0000fb 8209      	STD  Y+1,R0
                 ; 0000 00C4 			TR24_Wrtie(tbl_frame[i],dt.buf);
0000fc d157      	RCALL SUBOPT_0x4
0000fd d158      	RCALL SUBOPT_0x5
0000fe d15c      	RCALL SUBOPT_0x6
                 ; 0000 00C5 		}
0000ff 5f1d      	SUBI R17,-LOW(3)
000100 cfef      	RJMP _0x27
                 _0x28:
                 ; 0000 00C6 
                 ; 0000 00C7 		delay_ms(5);
000101 d15e      	RCALL SUBOPT_0x7
                 ; 0000 00C8 		for(i=0;i<54;i=i+3)		       //инициализация передатчика
000102 e010      	LDI  R17,LOW(0)
                 _0x2A:
000103 3316      	CPI  R17,54
000104 f478      	BRSH _0x2B
                 ; 0000 00C9 		{
                 ; 0000 00CA 			dt.b[1]=tbl_rfinit[i+1];
000105 d14e      	RCALL SUBOPT_0x4
                +
000106 5beb     +SUBI R30 , LOW ( - 2 * _tbl_rfinit - ( 1 ) )
000107 4fff     +SBCI R31 , HIGH ( - 2 * _tbl_rfinit - ( 1 ) )
                 	__ADDW1FN _tbl_rfinit,1
000108 9004      	LPM  R0,Z
000109 820a      	STD  Y+2,R0
                 ; 0000 00CB 			dt.b[0]=tbl_rfinit[i+2];
00010a d149      	RCALL SUBOPT_0x4
                +
00010b 5bea     +SUBI R30 , LOW ( - 2 * _tbl_rfinit - ( 2 ) )
00010c 4fff     +SBCI R31 , HIGH ( - 2 * _tbl_rfinit - ( 2 ) )
                 	__ADDW1FN _tbl_rfinit,2
00010d 9004      	LPM  R0,Z
00010e 8209      	STD  Y+1,R0
                 ; 0000 00CC 			TR24_Wrtie(tbl_rfinit[i],dt.buf);
00010f d144      	RCALL SUBOPT_0x4
000110 d154      	RCALL SUBOPT_0x8
000111 d149      	RCALL SUBOPT_0x6
                 ; 0000 00CD 		}
000112 5f1d      	SUBI R17,-LOW(3)
000113 cfef      	RJMP _0x2A
                 _0x2B:
                 ; 0000 00CE            Error='N';
000114 e4ee      	LDI  R30,LOW(78)
000115 2e5e      	MOV  R5,R30
                 ; 0000 00CF 		//Проверить правильность инициализации трансивера
                 ; 0000 00D0 
                 ; 0000 00D1 		for(i=0;i<54;i=i+3)
000116 e010      	LDI  R17,LOW(0)
                 _0x2D:
000117 3316      	CPI  R17,54
000118 f4a0      	BRSH _0x2E
                 ; 0000 00D2 		{
                 ; 0000 00D3 			dt.buf=TR24A_Read(tbl_rfinit[i]);
000119 d13a      	RCALL SUBOPT_0x4
00011a d14a      	RCALL SUBOPT_0x8
00011b d14e      	RCALL SUBOPT_0x9
                 ; 0000 00D4 
                 ; 0000 00D5 			if(dt.b[1]!=tbl_rfinit[i+1])
                +
00011c 5beb     +SUBI R30 , LOW ( - 2 * _tbl_rfinit - ( 1 ) )
00011d 4fff     +SBCI R31 , HIGH ( - 2 * _tbl_rfinit - ( 1 ) )
                 	__ADDW1FN _tbl_rfinit,1
00011e 91e4      	LPM  R30,Z
00011f 81aa      	LDD  R26,Y+2
000120 17ea      	CP   R30,R26
000121 f439      	BRNE _0x74
                 ; 0000 00D6 			{
                 ; 0000 00D7 				Error='E';
                 ; 0000 00D8 			}
                 ; 0000 00D9 			else if(dt.b[0]!=tbl_rfinit[i+2])
000122 d131      	RCALL SUBOPT_0x4
                +
000123 5bea     +SUBI R30 , LOW ( - 2 * _tbl_rfinit - ( 2 ) )
000124 4fff     +SBCI R31 , HIGH ( - 2 * _tbl_rfinit - ( 2 ) )
                 	__ADDW1FN _tbl_rfinit,2
000125 91e4      	LPM  R30,Z
000126 81a9      	LDD  R26,Y+1
000127 17ea      	CP   R30,R26
000128 f011      	BREQ _0x31
                 ; 0000 00DA 			{
                 ; 0000 00DB 				Error='E';
                 _0x74:
000129 e4e5      	LDI  R30,LOW(69)
00012a 2e5e      	MOV  R5,R30
                 ; 0000 00DC 			}
                 ; 0000 00DD 
                 ; 0000 00DE 		}
                 _0x31:
00012b 5f1d      	SUBI R17,-LOW(3)
00012c cfea      	RJMP _0x2D
                 _0x2E:
                 ; 0000 00DF 
                 ; 0000 00E0 		for(i=0;i<30;i=i+3)
00012d e010      	LDI  R17,LOW(0)
                 _0x33:
00012e 311e      	CPI  R17,30
00012f f4a0      	BRSH _0x34
                 ; 0000 00E1 		{
                 ; 0000 00E2 			dt.buf=TR24A_Read(tbl_frame[i]);
000130 d123      	RCALL SUBOPT_0x4
000131 d124      	RCALL SUBOPT_0x5
000132 d137      	RCALL SUBOPT_0x9
                 ; 0000 00E3 
                 ; 0000 00E4 			if(dt.b[1]!=tbl_frame[i+1])
                +
000133 5de9     +SUBI R30 , LOW ( - 2 * _tbl_frame - ( 1 ) )
000134 4fff     +SBCI R31 , HIGH ( - 2 * _tbl_frame - ( 1 ) )
                 	__ADDW1FN _tbl_frame,1
000135 91e4      	LPM  R30,Z
000136 81aa      	LDD  R26,Y+2
000137 17ea      	CP   R30,R26
000138 f439      	BRNE _0x75
                 ; 0000 00E5 			{
                 ; 0000 00E6 				Error='E';
                 ; 0000 00E7 			}
                 ; 0000 00E8 			else if(dt.b[0]!=tbl_frame[i+2])
000139 d11a      	RCALL SUBOPT_0x4
                +
00013a 5de8     +SUBI R30 , LOW ( - 2 * _tbl_frame - ( 2 ) )
00013b 4fff     +SBCI R31 , HIGH ( - 2 * _tbl_frame - ( 2 ) )
                 	__ADDW1FN _tbl_frame,2
00013c 91e4      	LPM  R30,Z
00013d 81a9      	LDD  R26,Y+1
00013e 17ea      	CP   R30,R26
00013f f011      	BREQ _0x37
                 ; 0000 00E9 			{
                 ; 0000 00EA 				Error='E';
                 _0x75:
000140 e4e5      	LDI  R30,LOW(69)
000141 2e5e      	MOV  R5,R30
                 ; 0000 00EB 			}
                 ; 0000 00EC 		}
                 _0x37:
000142 5f1d      	SUBI R17,-LOW(3)
000143 cfea      	RJMP _0x33
                 _0x34:
                 ; 0000 00ED 
                 ; 0000 00EE 	}//end init
000144 8118      	LDD  R17,Y+0
                 _0x2080002:
000145 9623      	ADIW R28,3
000146 9508      	RET
                 ;//********************************************************************************************
                 ;//перейти в режим передачи данніх
                 ;	void TR24A_TX(void)
                 ; 0000 00F2 	{
                 _TR24A_TX:
                 ; 0000 00F3 		DATA buf;
                 ; 0000 00F4 
                 ; 0000 00F5 		buf.data=TR24A_Read(0x07);
000147 d126      	RCALL SUBOPT_0xA
                 ;	buf -> Y+0
                 ; 0000 00F6 		buf.byte[1]=(SW<<1);
                 ; 0000 00F7 		buf.byte[0]=CH;
                 ; 0000 00F8 		buf.Bit.b8=1;
000148 60e1      	ORI  R30,1
000149 83e9      	STD  Y+1,R30
                 ; 0000 00F9 		buf.Bit.b7=0;
00014a 81e8      	LD   R30,Y
00014b 77ef      	ANDI R30,0x7F
00014c d12c      	RCALL SUBOPT_0xB
                 ; 0000 00FA 
                 ; 0000 00FB 		TR24_Wrtie(0x07,buf.data);
                 ; 0000 00FC 
                 ; 0000 00FD 	}//end TransmitMode
00014d c0f6      	RJMP _0x2080001
                 ;//********************************************************************************************
                 ;
                 ;//Режим приема данных
                 ;	void TR24A_RX(void)
                 ; 0000 0102 	{
                 _TR24A_RX:
                 ; 0000 0103 		DATA buf;
                 ; 0000 0104 
                 ; 0000 0105 
                 ; 0000 0106 		buf.data=TR24A_Read(0x07);
00014e d11f      	RCALL SUBOPT_0xA
                 ;	buf -> Y+0
                 ; 0000 0107 		buf.byte[1]=(SW<<1);
                 ; 0000 0108 		buf.byte[0]=CH;
                 ; 0000 0109 		buf.Bit.b8=0;
00014f 7fee      	ANDI R30,0xFE
000150 83e9      	STD  Y+1,R30
                 ; 0000 010A 		buf.Bit.b7=1;
000151 81e8      	LD   R30,Y
000152 68e0      	ORI  R30,0x80
000153 d125      	RCALL SUBOPT_0xB
                 ; 0000 010B 
                 ; 0000 010C 		TR24_Wrtie(0x07,buf.data);  // переход в режим RX, задаем канал
                 ; 0000 010D 		delay_us(10);
                +
000154 e08d     +LDI R24 , LOW ( 13 )
                +__DELAY_USB_LOOP :
000155 958a     +DEC R24
000156 f7f1     +BRNE __DELAY_USB_LOOP
                 	__DELAY_USB 13
                 ; 0000 010E 
                 ; 0000 010F 	}//end ReciveMode
000157 c0ec      	RJMP _0x2080001
                 ;//********************************************************************************************
                 ;//Прием пакта
                 ;  unsigned char TR24A_RXPKT(void)
                 ; 0000 0113   {
                 _TR24A_RXPKT:
                 ; 0000 0114    unsigned char len; //Длинна пакета
                 ; 0000 0115    unsigned char j;   //Счетчик
                 ; 0000 0116 
                 ; 0000 0117   PORTB.1=0;       // SPI_SS ON
000158 d150      	RCALL __SAVELOCR2
                 ;	len -> R17
                 ;	j -> R16
000159 98c1      	CBI  0x18,1
                 ; 0000 0118 
                 ; 0000 0119   SPI_SEND(0x50|(1<<7));   //reg80
00015a ede0      	LDI  R30,LOW(208)
00015b d125      	RCALL SUBOPT_0xC
                 ; 0000 011A   delay_us(3);
                 ; 0000 011B   len=SPI_SEND(0xFF);
00015c d0f4      	RCALL SUBOPT_0x3
00015d 2f1e      	MOV  R17,R30
                 ; 0000 011C   for(j=0;j<len;j++)  //получить пакет
00015e e000      	LDI  R16,LOW(0)
                 _0x3B:
00015f 1701      	CP   R16,R17
000160 f448      	BRSH _0x3C
                 ; 0000 011D 		{
                 ; 0000 011E 			delay_us(3);
000161 d125      	RCALL SUBOPT_0xD
                 ; 0000 011F 			SPI_buffer[j] = SPI_SEND(0xFF);
000162 2fe0      	MOV  R30,R16
000163 56e7      	SUBI R30,-LOW(_SPI_buffer)
000164 93ef      	PUSH R30
000165 d0eb      	RCALL SUBOPT_0x3
000166 91af      	POP  R26
000167 93ec      	ST   X,R30
                 ; 0000 0120 		}
000168 5f0f      	SUBI R16,-1
000169 cff5      	RJMP _0x3B
                 _0x3C:
                 ; 0000 0121 
                 ; 0000 0122   PORTB.1=1;     // SPI_SS OFF
00016a 9ac1      	SBI  0x18,1
                 ; 0000 0123   return len;
00016b 2fe1      	MOV  R30,R17
00016c d13f      	RCALL __LOADLOCR2P
00016d 9508      	RET
                 ; 0000 0124   }
                 ;
                 ;
                 ;//*********************************************************************************************
                 ; //Передача пакета
                 ; void TR24A_TXPKT(void)
                 ; 0000 012A  {
                 _TR24A_TXPKT:
                 ; 0000 012B       TR24_Wrtie(0x52,0x8000); // Сброс буффера
00016e e5e2      	LDI  R30,LOW(82)
00016f 93ea      	ST   -Y,R30
000170 e0e0      	LDI  R30,LOW(32768)
000171 e8f0      	LDI  R31,HIGH(32768)
000172 d118      	RCALL SUBOPT_0xE
000173 df58      	RCALL _TR24_Wrtie
                 ; 0000 012C 
                 ; 0000 012D       PORTB.1=0;       // SPI_SS ON
000174 98c1      	CBI  0x18,1
                 ; 0000 012E       delay_us(3);
000175 d111      	RCALL SUBOPT_0xD
                 ; 0000 012F       SPI_SEND(0x50);
000176 e5e0      	LDI  R30,LOW(80)
000177 d109      	RCALL SUBOPT_0xC
                 ; 0000 0130       delay_us(3);
                 ; 0000 0131       SPI_SEND(pktlen);
000178 922a      	ST   -Y,R2
000179 df41      	RCALL _SPI_SEND
                 ; 0000 0132       for (i=0;i<pktlen;i++)
00017a 2433      	CLR  R3
                 _0x42:
00017b 1432      	CP   R3,R2
00017c f440      	BRSH _0x43
                 ; 0000 0133      {
                 ; 0000 0134        delay_us(3);
00017d d109      	RCALL SUBOPT_0xD
                 ; 0000 0135       SPI_SEND(SPI_buffer[i]);
00017e e9a9      	LDI  R26,LOW(_SPI_buffer)
00017f 0da3      	ADD  R26,R3
000180 91ec      	LD   R30,X
000181 93ea      	ST   -Y,R30
000182 df38      	RCALL _SPI_SEND
                 ; 0000 0136     };
000183 9433      	INC  R3
000184 cff6      	RJMP _0x42
                 _0x43:
                 ; 0000 0137 
                 ; 0000 0138       PORTB.1=1;       // SPI_SS OFF
000185 9ac1      	SBI  0x18,1
                 ; 0000 0139       TR24A_TX();
000186 dfc0      	RCALL _TR24A_TX
                 ; 0000 013A       delay_us(3);
000187 d0ff      	RCALL SUBOPT_0xD
                 ; 0000 013B  }
000188 9508      	RET
                 ;//********************************************************************************************
                 ; // Запись строки в SPI буффер
                 ; void Write_SPI_buffer(flash char *str)
                 ; 0000 013F  {
                 _Write_SPI_buffer:
                 ; 0000 0140   i=0;
                 ;	*str -> Y+0
000189 2433      	CLR  R3
                 ; 0000 0141   while(*str)
                 _0x46:
00018a 81e8      	LD   R30,Y
00018b 81f9      	LDD  R31,Y+1
00018c 91e4      	LPM  R30,Z
00018d 30e0      	CPI  R30,0
00018e f061      	BREQ _0x48
                 ; 0000 0142   {
                 ; 0000 0143   SPI_buffer[i++]=*str++;
00018f 2de3      	MOV  R30,R3
000190 9433      	INC  R3
000191 56e7      	SUBI R30,-LOW(_SPI_buffer)
000192 2fae      	MOV  R26,R30
000193 81e8      	LD   R30,Y
000194 81f9      	LDD  R31,Y+1
000195 9631      	ADIW R30,1
000196 d0b1      	RCALL SUBOPT_0x1
000197 9731      	SBIW R30,1
000198 91e4      	LPM  R30,Z
000199 93ec      	ST   X,R30
                 ; 0000 0144 
                 ; 0000 0145   }
00019a cfef      	RJMP _0x46
                 _0x48:
                 ; 0000 0146   pktlen=i;
00019b 2c23      	MOV  R2,R3
                 ; 0000 0147  }
00019c c0a7      	RJMP _0x2080001
                 ;//********************************************************************************************
                 ;// Прерывание по совпадению таймера
                 ;interrupt [TIM0_COMPA] void timer0_compa_isr(void)
                 ; 0000 014B {
                 _timer0_compa_isr:
                 ; 0000 014C USICR |= (1<<USITC); // Задание тактового импульса
00019d 9a68      	SBI  0xD,0
                 ; 0000 014D 
                 ; 0000 014E }
00019e 9518      	RETI
                 ;//***********************************************************************************************
                 ;
                 ;// Declare your global variables here
                 ;
                 ;void main(void)
                 ; 0000 0154 {
                 _main:
                 ; 0000 0155 // Declare your local variables here
                 ; 0000 0156 
                 ; 0000 0157 // Crystal Oscillator division factor: 1
                 ; 0000 0158 #pragma optsize-
                 ; 0000 0159 CLKPR=0x80;
00019f e8e0      	LDI  R30,LOW(128)
0001a0 bde6      	OUT  0x26,R30
                 ; 0000 015A CLKPR=0x00;
0001a1 e0e0      	LDI  R30,LOW(0)
0001a2 bde6      	OUT  0x26,R30
                 ; 0000 015B #ifdef _OPTIMIZE_SIZE_
                 ; 0000 015C #pragma optsize+
                 ; 0000 015D #endif
                 ; 0000 015E 
                 ; 0000 015F // Input/Output Ports initialization
                 ; 0000 0160 // Port A initialization
                 ; 0000 0161 // Func2=In Func1=In Func0=In
                 ; 0000 0162 // State2=T State1=T State0=T
                 ; 0000 0163 PORTA=0x00;
0001a3 bbeb      	OUT  0x1B,R30
                 ; 0000 0164 DDRA=0x00;
0001a4 bbea      	OUT  0x1A,R30
                 ; 0000 0165 
                 ; 0000 0166 // Port B initialization
                 ; 0000 0167 // Func7=Out Func6=Out Func5=In Func4=Out Func3=Out Func2=Out Func1=Out Func0=In
                 ; 0000 0168 // State7=0 State6=0 State5=T State4=0 State3=0 State2=1 State1=1 State0=T
                 ; 0000 0169 PORTB=0x06;
0001a5 e0e6      	LDI  R30,LOW(6)
0001a6 bbe8      	OUT  0x18,R30
                 ; 0000 016A DDRB=0xDE;
0001a7 edee      	LDI  R30,LOW(222)
0001a8 bbe7      	OUT  0x17,R30
                 ; 0000 016B 
                 ; 0000 016C // Port D initialization
                 ; 0000 016D // Func6=In Func5=In Func4=In Func3=In Func2=In Func1=In Func0=In
                 ; 0000 016E // State6=T State5=T State4=T State3=P State2=P State1=T State0=T
                 ; 0000 016F PORTD=0x0C;
0001a9 e0ec      	LDI  R30,LOW(12)
0001aa bbe2      	OUT  0x12,R30
                 ; 0000 0170 DDRD=0x00;
0001ab e0e0      	LDI  R30,LOW(0)
0001ac bbe1      	OUT  0x11,R30
                 ; 0000 0171 
                 ; 0000 0172 // Timer/Counter 0 initialization
                 ; 0000 0173 // Clock source: System Clock
                 ; 0000 0174 // Clock value: 4000,000 kHz
                 ; 0000 0175 // Mode: Normal top=0xFF
                 ; 0000 0176 // OC0A output: Disconnected
                 ; 0000 0177 // OC0B output: Disconnected
                 ; 0000 0178 TCCR0A=0x00;
0001ad bfe0      	OUT  0x30,R30
                 ; 0000 0179 TCCR0B=0x01;
0001ae e0e1      	LDI  R30,LOW(1)
0001af bfe3      	OUT  0x33,R30
                 ; 0000 017A TCNT0=0x00;
0001b0 e0e0      	LDI  R30,LOW(0)
0001b1 bfe2      	OUT  0x32,R30
                 ; 0000 017B OCR0A=0x1F;
0001b2 e1ef      	LDI  R30,LOW(31)
0001b3 bfe6      	OUT  0x36,R30
                 ; 0000 017C OCR0B=0x00;
0001b4 e0e0      	LDI  R30,LOW(0)
0001b5 bfec      	OUT  0x3C,R30
                 ; 0000 017D 
                 ; 0000 017E // Timer/Counter 1 initialization
                 ; 0000 017F // Clock source: System Clock
                 ; 0000 0180 // Clock value: Timer1 Stopped
                 ; 0000 0181 // Mode: Normal top=0xFFFF
                 ; 0000 0182 // OC1A output: Discon.
                 ; 0000 0183 // OC1B output: Discon.
                 ; 0000 0184 // Noise Canceler: Off
                 ; 0000 0185 // Input Capture on Falling Edge
                 ; 0000 0186 // Timer1 Overflow Interrupt: Off
                 ; 0000 0187 // Input Capture Interrupt: Off
                 ; 0000 0188 // Compare A Match Interrupt: Off
                 ; 0000 0189 // Compare B Match Interrupt: Off
                 ; 0000 018A TCCR1A=0x00;
0001b6 bdef      	OUT  0x2F,R30
                 ; 0000 018B TCCR1B=0x00;
0001b7 bdee      	OUT  0x2E,R30
                 ; 0000 018C TCNT1H=0x00;
0001b8 bded      	OUT  0x2D,R30
                 ; 0000 018D TCNT1L=0x00;
0001b9 bdec      	OUT  0x2C,R30
                 ; 0000 018E ICR1H=0x00;
0001ba bde5      	OUT  0x25,R30
                 ; 0000 018F ICR1L=0x00;
0001bb bde4      	OUT  0x24,R30
                 ; 0000 0190 OCR1AH=0x00;
0001bc bdeb      	OUT  0x2B,R30
                 ; 0000 0191 OCR1AL=0x00;
0001bd bdea      	OUT  0x2A,R30
                 ; 0000 0192 OCR1BH=0x00;
0001be bde9      	OUT  0x29,R30
                 ; 0000 0193 OCR1BL=0x00;
0001bf bde8      	OUT  0x28,R30
                 ; 0000 0194 
                 ; 0000 0195 // External Interrupt(s) initialization
                 ; 0000 0196 // INT0: Off
                 ; 0000 0197 // INT1: Off
                 ; 0000 0198 // Interrupt on any change on pins PCINT0-7: Off
                 ; 0000 0199 GIMSK=0x00;
0001c0 bfeb      	OUT  0x3B,R30
                 ; 0000 019A MCUCR=0x00;
0001c1 bfe5      	OUT  0x35,R30
                 ; 0000 019B 
                 ; 0000 019C // Timer(s)/Counter(s) Interrupt(s) initialization
                 ; 0000 019D TIMSK=0x00;
0001c2 bfe9      	OUT  0x39,R30
                 ; 0000 019E 
                 ; 0000 019F // Universal Serial Interface initialization
                 ; 0000 01A0 // Mode: Three Wire (SPI)
                 ; 0000 01A1 // Clock source: Reg.=ext. neg. edge, Cnt.=USITC
                 ; 0000 01A2 // USI Counter Overflow Interrupt: Off
                 ; 0000 01A3 USICR=0x1E;
0001c3 e1ee      	LDI  R30,LOW(30)
0001c4 b9ed      	OUT  0xD,R30
                 ; 0000 01A4 
                 ; 0000 01A5 // USART initialization
                 ; 0000 01A6 // USART disabled
                 ; 0000 01A7 UCSRB=0x00;
0001c5 e0e0      	LDI  R30,LOW(0)
0001c6 b9ea      	OUT  0xA,R30
                 ; 0000 01A8 
                 ; 0000 01A9 // Analog Comparator initialization
                 ; 0000 01AA // Analog Comparator: Off
                 ; 0000 01AB // Analog Comparator Input Capture by Timer/Counter 1: Off
                 ; 0000 01AC ACSR=0x80;
0001c7 e8e0      	LDI  R30,LOW(128)
0001c8 b9e8      	OUT  0x8,R30
                 ; 0000 01AD DIDR=0x00;
0001c9 e0e0      	LDI  R30,LOW(0)
0001ca b9e1      	OUT  0x1,R30
                 ; 0000 01AE 
                 ; 0000 01AF // Global enable interrupts
                 ; 0000 01B0 #asm("sei")
0001cb 9478      	sei
                 ; 0000 01B1 //============================================================================================
                 ; 0000 01B2 //*************************АКТИВАЦИЯ ТРАНСИВЕРА**********************************************
                 ; 0000 01B3   LightDiode(3);
0001cc e0e3      	LDI  R30,LOW(3)
0001cd 93ea      	ST   -Y,R30
0001ce ded1      	RCALL _LightDiode
                 ; 0000 01B4     delay_ms(500);
0001cf efe4      	LDI  R30,LOW(500)
0001d0 e0f1      	LDI  R31,HIGH(500)
0001d1 d0bc      	RCALL SUBOPT_0xF
                 ; 0000 01B5   mx0:    PORTB.1=0;      // Сброс трансивера перед инициализацией
                 _0x49:
0001d2 98c1      	CBI  0x18,1
                 ; 0000 01B6       delay_ms(10);
0001d3 e0ea      	LDI  R30,LOW(10)
0001d4 e0f0      	LDI  R31,HIGH(10)
0001d5 d0b8      	RCALL SUBOPT_0xF
                 ; 0000 01B7       PORTB.1=1;
0001d6 9ac1      	SBI  0x18,1
                 ; 0000 01B8       delay_ms(5);
0001d7 d088      	RCALL SUBOPT_0x7
                 ; 0000 01B9        TR24A_INIT();  // Инициализация трансивера
0001d8 df14      	RCALL _TR24A_INIT
                 ; 0000 01BA        if(Error=='E') goto mx0;   // Если инициализация ошибочна возврат к сбросу
0001d9 e4e5      	LDI  R30,LOW(69)
0001da 15e5      	CP   R30,R5
0001db f3b1      	BREQ _0x49
                 ; 0000 01BB 
                 ; 0000 01BC      //LightDiode(0);
                 ; 0000 01BD 
                 ; 0000 01BE //=============================================================================================
                 ; 0000 01BF while (1)
                 ; 0000 01C0       {
                 ; 0000 01C1  //+++++++++++++++++++++++++++++++++++++++++++++++++++++++++++++++++++++++++++++++++++++++++++
                 ; 0000 01C2 
                 ; 0000 01C3   Write_SPI_buffer("BRELOK");
                +
0001dc e8e6     +LDI R30 , LOW ( 2 * _0x0 + ( 0 ) )
0001dd e0f0     +LDI R31 , HIGH ( 2 * _0x0 + ( 0 ) )
                 	__POINTW1FN _0x0,0
0001de d0ac      	RCALL SUBOPT_0xE
0001df dfa9      	RCALL _Write_SPI_buffer
                 ; 0000 01C4    TR24A_TXPKT() ;
0001e0 df8d      	RCALL _TR24A_TXPKT
                 ; 0000 01C5     for (i=0;i<25;i++)
0001e1 2433      	CLR  R3
                 _0x53:
0001e2 d0ad      	RCALL SUBOPT_0x10
0001e3 f428      	BRSH _0x54
                 ; 0000 01C6     {
                 ; 0000 01C7      if(PINB.0==1) break;
0001e4 99b0      	SBIC 0x16,0
0001e5 c003      	RJMP _0x54
                 ; 0000 01C8      delay_ms(1);
0001e6 d0ac      	RCALL SUBOPT_0x11
                 ; 0000 01C9     };
0001e7 9433      	INC  R3
0001e8 cff9      	RJMP _0x53
                 _0x54:
                 ; 0000 01CA 
                 ; 0000 01CB  //  while(PINB.0==0);
                 ; 0000 01CC 
                 ; 0000 01CD    TR24A_RX();
0001e9 df64      	RCALL _TR24A_RX
                 ; 0000 01CE    for (i=0;i<25;i++)
0001ea 2433      	CLR  R3
                 _0x57:
0001eb d0a4      	RCALL SUBOPT_0x10
0001ec f428      	BRSH _0x58
                 ; 0000 01CF     {
                 ; 0000 01D0      if(PINB.0==1) break;
0001ed 99b0      	SBIC 0x16,0
0001ee c003      	RJMP _0x58
                 ; 0000 01D1      delay_ms(1);
0001ef d0a3      	RCALL SUBOPT_0x11
                 ; 0000 01D2     };
0001f0 9433      	INC  R3
0001f1 cff9      	RJMP _0x57
                 _0x58:
                 ; 0000 01D3 
                 ; 0000 01D4      if(PINB.0==1)
0001f2 9bb0      	SBIS 0x16,0
0001f3 c03c      	RJMP _0x5A
                 ; 0000 01D5      {  pktlen=TR24A_RXPKT();
0001f4 df63      	RCALL _TR24A_RXPKT
0001f5 2e2e      	MOV  R2,R30
                 ; 0000 01D6       if (strstr(SPI_buffer,"DEVICE")!=NULL)
0001f6 d09f      	RCALL SUBOPT_0x12
                +
0001f7 e8e0     +LDI R30 , LOW ( _0x5C + ( 0 ) )
                 	__POINTB1MN _0x5C,0
0001f8 d0a0      	RCALL SUBOPT_0x13
0001f9 f1b1      	BREQ _0x5B
                 ; 0000 01D7    {
                 ; 0000 01D8 
                 ; 0000 01D9  //++++++++++++++++++++++++++++++++++++++++++++++++++++++++++++++++++++++++++++++++++++++++++
                 ; 0000 01DA 
                 ; 0000 01DB   if(PIND.2==0) Write_SPI_buffer("CHANGE");
0001fa 9982      	SBIC 0x10,2
0001fb c003      	RJMP _0x5D
                +
0001fc e9e4     +LDI R30 , LOW ( 2 * _0x0 + ( 14 ) )
0001fd e0f0     +LDI R31 , HIGH ( 2 * _0x0 + ( 14 ) )
                 	__POINTW1FN _0x0,14
0001fe c002      	RJMP _0x76
                 ; 0000 01DC   /* if(PIND.3==0)*/ else Write_SPI_buffer("READ");
                 _0x5D:
                +
0001ff e9eb     +LDI R30 , LOW ( 2 * _0x0 + ( 21 ) )
000200 e0f0     +LDI R31 , HIGH ( 2 * _0x0 + ( 21 ) )
                 	__POINTW1FN _0x0,21
                 _0x76:
000201 93fa      	ST   -Y,R31
000202 93ea      	ST   -Y,R30
000203 df85      	RCALL _Write_SPI_buffer
                 ; 0000 01DD 
                 ; 0000 01DE   TR24A_TXPKT() ;
000204 df69      	RCALL _TR24A_TXPKT
                 ; 0000 01DF 
                 ; 0000 01E0    for (i=0;i<25;i++)
000205 2433      	CLR  R3
                 _0x60:
000206 d089      	RCALL SUBOPT_0x10
000207 f428      	BRSH _0x61
                 ; 0000 01E1     {
                 ; 0000 01E2      if(PINB.0==1) break;
000208 99b0      	SBIC 0x16,0
000209 c003      	RJMP _0x61
                 ; 0000 01E3      delay_ms(1);
00020a d088      	RCALL SUBOPT_0x11
                 ; 0000 01E4     };
00020b 9433      	INC  R3
00020c cff9      	RJMP _0x60
                 _0x61:
                 ; 0000 01E5  // while(PINB.0==0);
                 ; 0000 01E6 
                 ; 0000 01E7    TR24A_RX();
00020d df40      	RCALL _TR24A_RX
                 ; 0000 01E8     for (i=0;i<25;i++)
00020e 2433      	CLR  R3
                 _0x64:
00020f d080      	RCALL SUBOPT_0x10
000210 f428      	BRSH _0x65
                 ; 0000 01E9     {
                 ; 0000 01EA      if(PINB.0==1) break;
000211 99b0      	SBIC 0x16,0
000212 c003      	RJMP _0x65
                 ; 0000 01EB      delay_ms(1);
000213 d07f      	RCALL SUBOPT_0x11
                 ; 0000 01EC     };
000214 9433      	INC  R3
000215 cff9      	RJMP _0x64
                 _0x65:
                 ; 0000 01ED 
                 ; 0000 01EE      if(PINB.0==1)
000216 9bb0      	SBIS 0x16,0
000217 c018      	RJMP _0x67
                 ; 0000 01EF    {
                 ; 0000 01F0   // delay_ms(6);
                 ; 0000 01F1       pktlen=TR24A_RXPKT();
000218 df3f      	RCALL _TR24A_RXPKT
000219 2e2e      	MOV  R2,R30
                 ; 0000 01F2      if(pktlen!=0)
00021a 2022      	TST  R2
00021b f0a1      	BREQ _0x68
                 ; 0000 01F3   {
                 ; 0000 01F4 
                 ; 0000 01F5      if (strstr(SPI_buffer,"Status")!=NULL)
00021c d079      	RCALL SUBOPT_0x12
                +
00021d e8e7     +LDI R30 , LOW ( _0x5C + ( 7 ) )
                 	__POINTB1MN _0x5C,7
00021e d07a      	RCALL SUBOPT_0x13
00021f f081      	BREQ _0x69
                 ; 0000 01F6      {
                 ; 0000 01F7       if(strstr(SPI_buffer,"SECUR")!=NULL) { LightDiode(2);
000220 d075      	RCALL SUBOPT_0x12
                +
000221 e8ee     +LDI R30 , LOW ( _0x5C + ( 14 ) )
                 	__POINTB1MN _0x5C,14
000222 d076      	RCALL SUBOPT_0x13
000223 f021      	BREQ _0x6A
000224 e0e2      	LDI  R30,LOW(2)
000225 93ea      	ST   -Y,R30
000226 de79      	RCALL _LightDiode
                 ; 0000 01F8                                             while(1);
                 _0x6B:
000227 cfff      	RJMP _0x6B
                 ; 0000 01F9                                             }
                 ; 0000 01FA 
                 ; 0000 01FB         if(strstr(SPI_buffer,"IDLE")!=NULL) { LightDiode(1);
                 _0x6A:
000228 d06d      	RCALL SUBOPT_0x12
                +
000229 e9e4     +LDI R30 , LOW ( _0x5C + ( 20 ) )
                 	__POINTB1MN _0x5C,20
00022a d06e      	RCALL SUBOPT_0x13
00022b f021      	BREQ _0x6E
00022c e0e1      	LDI  R30,LOW(1)
00022d 93ea      	ST   -Y,R30
00022e de71      	RCALL _LightDiode
                 ; 0000 01FC                                             while(1);
                 _0x6F:
00022f cfff      	RJMP _0x6F
                 ; 0000 01FD                                             }
                 ; 0000 01FE      }
                 _0x6E:
                 ; 0000 01FF      }
                 _0x69:
                 ; 0000 0200           }
                 _0x68:
                 ; 0000 0201 //+++++++++++
                 ; 0000 0202 
                 ; 0000 0203    }
                 _0x67:
                 ; 0000 0204  }
                 _0x5B:
                 ; 0000 0205 
                 ; 0000 0206  //+++++++++++++
                 ; 0000 0207      // delay_ms(100);
                 ; 0000 0208       goto mx0;
                 _0x5A:
000230 cfa1      	RJMP _0x49
                 ; 0000 0209       }
                 ; 0000 020A 
                 ; 0000 020B }
                 _0x72:
000231 cfff      	RJMP _0x72
                 
                 	.DSEG
                 _0x5C:
000080           	.BYTE 0x19
                 
                 	.CSEG
                 _strstr:
000232 81a9          ldd  r26,y+1
000233 27bb          clr  r27
000234 2f8a          mov  r24,r26
                 strstr0:
000235 81e8          ld   r30,y
000236 27ff          clr  r31
                 strstr1:
000237 9171          ld   r23,z+
000238 2377          tst  r23
000239 f411          brne strstr2
00023a 2fe8          mov  r30,r24
00023b c008          rjmp strstr3
                 strstr2:
00023c 916d          ld   r22,x+
00023d 1767          cp   r22,r23
00023e f3c1          breq strstr1
00023f 9583          inc  r24
000240 2fa8          mov  r26,r24
000241 2366          tst  r22
000242 f791          brne strstr0
000243 27ee          clr  r30
                 strstr3:
                 _0x2080001:
000244 9622      	ADIW R28,2
000245 9508      	RET
                 
                 	.CSEG
                 
                 	.DSEG
                 
                 	.CSEG
                 
                 	.CSEG
                 
                 	.CSEG
                 
                 	.DSEG
                 _SPI_buffer:
000099           	.BYTE 0x20
                 __seed_G101:
0000b9           	.BYTE 0x4
                 
                 	.CSEG
                 ;OPTIMIZER ADDED SUBROUTINE, CALLED 13 TIMES, CODE SIZE REDUCTION:22 WORDS
                 SUBOPT_0x0:
000246 e0f0      	LDI  R31,0
000247 9508      	RET
                 
                 ;OPTIMIZER ADDED SUBROUTINE, CALLED 4 TIMES, CODE SIZE REDUCTION:1 WORDS
                 SUBOPT_0x1:
000248 83e8      	ST   Y,R30
000249 83f9      	STD  Y+1,R31
00024a 9508      	RET
                 
                 ;OPTIMIZER ADDED SUBROUTINE, CALLED 4 TIMES, CODE SIZE REDUCTION:10 WORDS
                 SUBOPT_0x2:
00024b 93ea      	ST   -Y,R30
00024c de6e      	RCALL _SPI_SEND
                +
00024d e083     +LDI R24 , LOW ( 3 )
                +__DELAY_USB_LOOP :
00024e 958a     +DEC R24
00024f f7f1     +BRNE __DELAY_USB_LOOP
                 	__DELAY_USB 3
000250 9508      	RET
                 
                 ;OPTIMIZER ADDED SUBROUTINE, CALLED 4 TIMES, CODE SIZE REDUCTION:4 WORDS
                 SUBOPT_0x3:
000251 efef      	LDI  R30,LOW(255)
000252 93ea      	ST   -Y,R30
000253 ce67      	RJMP _SPI_SEND
                 
                 ;OPTIMIZER ADDED SUBROUTINE, CALLED 12 TIMES, CODE SIZE REDUCTION:9 WORDS
                 SUBOPT_0x4:
000254 2fe1      	MOV  R30,R17
000255 cff0      	RJMP SUBOPT_0x0
                 
                 ;OPTIMIZER ADDED SUBROUTINE, CALLED 2 TIMES, CODE SIZE REDUCTION:1 WORDS
                 SUBOPT_0x5:
000256 5dea      	SUBI R30,LOW(-_tbl_frame*2)
000257 4fff      	SBCI R31,HIGH(-_tbl_frame*2)
000258 91e4      	LPM  R30,Z
000259 93ea      	ST   -Y,R30
00025a 9508      	RET
                 
                 ;OPTIMIZER ADDED SUBROUTINE, CALLED 2 TIMES, CODE SIZE REDUCTION:2 WORDS
                 SUBOPT_0x6:
00025b 81ea      	LDD  R30,Y+2
00025c 81fb      	LDD  R31,Y+2+1
00025d 93fa      	ST   -Y,R31
00025e 93ea      	ST   -Y,R30
00025f ce6c      	RJMP _TR24_Wrtie
                 
                 ;OPTIMIZER ADDED SUBROUTINE, CALLED 2 TIMES, CODE SIZE REDUCTION:2 WORDS
                 SUBOPT_0x7:
000260 e0e5      	LDI  R30,LOW(5)
000261 e0f0      	LDI  R31,HIGH(5)
000262 93fa      	ST   -Y,R31
000263 93ea      	ST   -Y,R30
000264 c038      	RJMP _delay_ms
                 
                 ;OPTIMIZER ADDED SUBROUTINE, CALLED 2 TIMES, CODE SIZE REDUCTION:1 WORDS
                 SUBOPT_0x8:
000265 5bec      	SUBI R30,LOW(-_tbl_rfinit*2)
000266 4fff      	SBCI R31,HIGH(-_tbl_rfinit*2)
000267 91e4      	LPM  R30,Z
000268 93ea      	ST   -Y,R30
000269 9508      	RET
                 
                 ;OPTIMIZER ADDED SUBROUTINE, CALLED 2 TIMES, CODE SIZE REDUCTION:1 WORDS
                 SUBOPT_0x9:
00026a de6f      	RCALL _TR24A_Read
00026b 83e9      	STD  Y+1,R30
00026c 83fa      	STD  Y+1+1,R31
00026d cfe6      	RJMP SUBOPT_0x4
                 
                 ;OPTIMIZER ADDED SUBROUTINE, CALLED 2 TIMES, CODE SIZE REDUCTION:7 WORDS
                 SUBOPT_0xA:
00026e 9722      	SBIW R28,2
00026f e0e7      	LDI  R30,LOW(7)
000270 93ea      	ST   -Y,R30
000271 de68      	RCALL _TR24A_Read
000272 dfd5      	RCALL SUBOPT_0x1
000273 e1e2      	LDI  R30,LOW(18)
000274 83e9      	STD  Y+1,R30
000275 e4ee      	LDI  R30,LOW(78)
000276 83e8      	ST   Y,R30
000277 81e9      	LDD  R30,Y+1
000278 9508      	RET
                 
                 ;OPTIMIZER ADDED SUBROUTINE, CALLED 2 TIMES, CODE SIZE REDUCTION:5 WORDS
                 SUBOPT_0xB:
000279 83e8      	ST   Y,R30
00027a e0e7      	LDI  R30,LOW(7)
00027b 93ea      	ST   -Y,R30
00027c 81e9      	LDD  R30,Y+1
00027d 81fa      	LDD  R31,Y+1+1
00027e 93fa      	ST   -Y,R31
00027f 93ea      	ST   -Y,R30
000280 ce4b      	RJMP _TR24_Wrtie
                 
                 ;OPTIMIZER ADDED SUBROUTINE, CALLED 2 TIMES, CODE SIZE REDUCTION:2 WORDS
                 SUBOPT_0xC:
000281 93ea      	ST   -Y,R30
000282 de38      	RCALL _SPI_SEND
                +
000283 e084     +LDI R24 , LOW ( 4 )
                +__DELAY_USB_LOOP :
000284 958a     +DEC R24
000285 f7f1     +BRNE __DELAY_USB_LOOP
                 	__DELAY_USB 4
000286 9508      	RET
                 
                 ;OPTIMIZER ADDED SUBROUTINE, CALLED 4 TIMES, CODE SIZE REDUCTION:4 WORDS
                 SUBOPT_0xD:
                +
000287 e084     +LDI R24 , LOW ( 4 )
                +__DELAY_USB_LOOP :
000288 958a     +DEC R24
000289 f7f1     +BRNE __DELAY_USB_LOOP
                 	__DELAY_USB 4
00028a 9508      	RET
                 
                 ;OPTIMIZER ADDED SUBROUTINE, CALLED 8 TIMES, CODE SIZE REDUCTION:5 WORDS
                 SUBOPT_0xE:
00028b 93fa      	ST   -Y,R31
00028c 93ea      	ST   -Y,R30
00028d 9508      	RET
                 
                 ;OPTIMIZER ADDED SUBROUTINE, CALLED 6 TIMES, CODE SIZE REDUCTION:3 WORDS
                 SUBOPT_0xF:
00028e dffc      	RCALL SUBOPT_0xE
00028f c00d      	RJMP _delay_ms
                 
                 ;OPTIMIZER ADDED SUBROUTINE, CALLED 4 TIMES, CODE SIZE REDUCTION:1 WORDS
                 SUBOPT_0x10:
000290 e1e9      	LDI  R30,LOW(25)
000291 163e      	CP   R3,R30
000292 9508      	RET
                 
                 ;OPTIMIZER ADDED SUBROUTINE, CALLED 4 TIMES, CODE SIZE REDUCTION:4 WORDS
                 SUBOPT_0x11:
000293 e0e1      	LDI  R30,LOW(1)
000294 e0f0      	LDI  R31,HIGH(1)
000295 cff8      	RJMP SUBOPT_0xF
                 
                 ;OPTIMIZER ADDED SUBROUTINE, CALLED 4 TIMES, CODE SIZE REDUCTION:1 WORDS
                 SUBOPT_0x12:
000296 e9e9      	LDI  R30,LOW(_SPI_buffer)
000297 93ea      	ST   -Y,R30
000298 9508      	RET
                 
                 ;OPTIMIZER ADDED SUBROUTINE, CALLED 4 TIMES, CODE SIZE REDUCTION:4 WORDS
                 SUBOPT_0x13:
000299 93ea      	ST   -Y,R30
00029a df97      	RCALL _strstr
00029b 30e0      	CPI  R30,0
00029c 9508      	RET
                 
                 
                 	.CSEG
                 _delay_ms:
00029d 91e9      	ld   r30,y+
00029e 91f9      	ld   r31,y+
00029f 9630      	adiw r30,0
0002a0 f039      	breq __delay_ms1
                 __delay_ms0:
                +
0002a1 ee88     +LDI R24 , LOW ( 0x3E8 )
0002a2 e093     +LDI R25 , HIGH ( 0x3E8 )
                +__DELAY_USW_LOOP :
0002a3 9701     +SBIW R24 , 1
0002a4 f7f1     +BRNE __DELAY_USW_LOOP
                 	__DELAY_USW 0x3E8
0002a5 95a8      	wdr
0002a6 9731      	sbiw r30,1
0002a7 f7c9      	brne __delay_ms0
                 __delay_ms1:
0002a8 9508      	ret
                 
                 __SAVELOCR2:
0002a9 931a      	ST   -Y,R17
0002aa 930a      	ST   -Y,R16
0002ab 9508      	RET
                 
                 __LOADLOCR2P:
0002ac 9109      	LD   R16,Y+
0002ad 9119      	LD   R17,Y+
0002ae 9508      	RET
                 
                 ;END OF CODE MARKER
                 __END_OF_CODE:


RESOURCE USE INFORMATION
------------------------

Notice:
The register and instruction counts are symbol table hit counts,
and hence implicitly used resources are not counted, eg, the
'lpm' instruction without operands implicitly uses r0 and z,
none of which are counted.

x,y,z are separate entities in the symbol table and are
counted separately from r26..r31 here.

.dseg memory usage only counts static data declared with .byte

ATtiny2313A register use summary:
r0 :  12 r1 :   1 r2 :   6 r3 :  17 r4 :   0 r5 :   4 r6 :   0 r7 :   0 
r8 :   0 r9 :   0 r10:   0 r11:   0 r12:   0 r13:   0 r14:   0 r15:   0 
r16:   6 r17:  20 r18:   0 r19:   0 r20:   0 r21:   0 r22:   5 r23:   3 
r24:  25 r25:   2 r26:  27 r27:   2 r28:   9 r29:   0 r30: 204 r31:  40 
x  :   7 y  :  75 z  :  20 
Registers used: 19 out of 35 (54.3%)

ATtiny2313A instruction use summary:
.lds  :   0 .lds.l:   0 .sts  :   0 .sts.l:   0 adc   :   0 add   :   1 
adiw  :   6 and   :   0 andi  :   2 asr   :   0 bclr  :   0 bld   :   0 
brbc  :   0 brbs  :   0 brcc  :   0 brcs  :   0 break :   0 breq  :  12 
brge  :   0 brhc  :   0 brhs  :   0 brid  :   0 brie  :   0 brlo  :   0 
brlt  :   0 brmi  :   0 brne  :  19 brpl  :   0 brsh  :  10 brtc  :   0 
brts  :   0 brvc  :   0 brvs  :   0 bset  :   0 bst   :   0 cbi   :   9 
cbr   :   1 clc   :   0 clh   :   0 cli   :   1 cln   :   0 clr   :  10 
cls   :   0 clt   :   0 clv   :   0 clz   :   0 com   :   0 cp    :   9 
cpc   :   3 cpi   :   9 cpse  :   0 dec   :   8 des   :   0 eor   :   0 
fmul  :   0 fmuls :   0 fmulsu:   0 icall :   0 ijmp  :   0 in    :   4 
inc   :   7 ld    :  16 ldd   :  19 ldi   :  81 lds   :   0 lpm   :  31 
lsl   :   0 lsr   :   0 mov   :  15 movw  :   3 mul   :   0 muls  :   0 
mulsu :   0 neg   :   0 nop   :   0 or    :   0 ori   :   5 out   :  44 
pop   :   1 push  :   1 rcall :  86 ret   :  21 reti  :   1 rjmp  :  62 
rol   :   0 ror   :   0 sbc   :   0 sbci  :  10 sbi   :   9 sbic  :   5 
sbis  :   3 sbiw  :  10 sbr   :   0 sbrc  :   0 sbrs  :   0 sec   :   0 
seh   :   0 sei   :   1 sen   :   0 ser   :   0 ses   :   0 set   :   0 
sev   :   0 sez   :   0 sleep :   0 spm   :   0 st    :  37 std   :  11 
sts   :   0 sub   :   0 subi  :  17 swap  :   0 tst   :   3 wdr   :   1 

Instructions used: 41 out of 114 (36.0%)

ATtiny2313A memory use summary [bytes]:
Segment   Begin    End      Code   Data   Used    Size   Use%
---------------------------------------------------------------
[.cseg] 0x000000 0x00055e   1184    190   1374    2048  67.1%
[.dseg] 0x000060 0x0000bd      0     61     61     223  27.4%
[.eseg] 0x000000 0x000000      0      0      0     128   0.0%

Assembly complete, 0 errors, 6 warnings
