
AVRASM ver. 2.1.30  E:\AVR\SD-WC\List\Test Board_CC1101(26800KHz).asm Tue Jan 01 05:51:11 2002

E:\AVR\SD-WC\List\Test Board_CC1101(26800KHz).asm(1028): warning: Register r3 already defined by the .DEF directive
                 
                 
                 ;CodeVisionAVR C Compiler V2.05.0 Professional
                 ;(C) Copyright 1998-2010 Pavel Haiduc, HP InfoTech s.r.l.
                 ;http://www.hpinfotech.com
                 
                 ;Chip type                : ATtiny44
                 ;Program type             : Application
                 ;Clock frequency          : 8,000000 MHz
                 ;Memory model             : Small
                 ;Optimize for             : Size
                 ;(s)printf features       : int, width
                 ;(s)scanf features        : int, width
                 ;External RAM size        : 0
                 ;Data Stack size          : 64 byte(s)
                 ;Heap size                : 0 byte(s)
                 ;Promote 'char' to 'int'  : Yes
                 ;'char' is unsigned       : Yes
                 ;8 bit enums              : Yes
                 ;global 'const' stored in FLASH: No
                 ;Enhanced core instructions    : On
                 ;Smart register allocation     : On
                 ;Automatic register allocation : On
                 
                 	#pragma AVRPART ADMIN PART_NAME ATtiny44
                 	#pragma AVRPART MEMORY PROG_FLASH 4096
                 	#pragma AVRPART MEMORY EEPROM 256
                 	#pragma AVRPART MEMORY INT_SRAM SIZE 351
                 	#pragma AVRPART MEMORY INT_SRAM START_ADDR 0x60
                 
                 	.LISTMAC
                 	.EQU EERE=0x0
                 	.EQU EEWE=0x1
                 	.EQU EEMWE=0x2
                 	.EQU EECR=0x1C
                 	.EQU EEDR=0x1D
                 	.EQU EEARL=0x1E
                 
                 	.EQU WDTCSR=0x21
                 	.EQU MCUSR=0x34
                 	.EQU MCUCR=0x35
                 	.EQU SPL=0x3D
                 	.EQU SPH=0x3E
                 	.EQU SREG=0x3F
                 	.EQU GPIOR0=0x13
                 	.EQU GPIOR1=0x14
                 	.EQU GPIOR2=0x15
                 
                 	.DEF R0X0=R0
                 	.DEF R0X1=R1
                 	.DEF R0X2=R2
                 	.DEF R0X3=R3
                 	.DEF R0X4=R4
                 	.DEF R0X5=R5
                 	.DEF R0X6=R6
                 	.DEF R0X7=R7
                 	.DEF R0X8=R8
                 	.DEF R0X9=R9
                 	.DEF R0XA=R10
                 	.DEF R0XB=R11
                 	.DEF R0XC=R12
                 	.DEF R0XD=R13
                 	.DEF R0XE=R14
                 	.DEF R0XF=R15
                 	.DEF R0X10=R16
                 	.DEF R0X11=R17
                 	.DEF R0X12=R18
                 	.DEF R0X13=R19
                 	.DEF R0X14=R20
                 	.DEF R0X15=R21
                 	.DEF R0X16=R22
                 	.DEF R0X17=R23
                 	.DEF R0X18=R24
                 	.DEF R0X19=R25
                 	.DEF R0X1A=R26
                 	.DEF R0X1B=R27
                 	.DEF R0X1C=R28
                 	.DEF R0X1D=R29
                 	.DEF R0X1E=R30
                 	.DEF R0X1F=R31
                 
                 	.EQU __SRAM_START=0x0060
                 	.EQU __SRAM_END=0x015F
                 	.EQU __DSTACK_SIZE=0x0040
                 	.EQU __HEAP_SIZE=0x0000
                 	.EQU __CLEAR_SRAM_SIZE=__SRAM_END-__SRAM_START+1
                 
                 	.MACRO __CPD1N
                 	CPI  R30,LOW(@0)
                 	LDI  R26,HIGH(@0)
                 	CPC  R31,R26
                 	LDI  R26,BYTE3(@0)
                 	CPC  R22,R26
                 	LDI  R26,BYTE4(@0)
                 	CPC  R23,R26
                 	.ENDM
                 
                 	.MACRO __CPD2N
                 	CPI  R26,LOW(@0)
                 	LDI  R30,HIGH(@0)
                 	CPC  R27,R30
                 	LDI  R30,BYTE3(@0)
                 	CPC  R24,R30
                 	LDI  R30,BYTE4(@0)
                 	CPC  R25,R30
                 	.ENDM
                 
                 	.MACRO __CPWRR
                 	CP   R@0,R@2
                 	CPC  R@1,R@3
                 	.ENDM
                 
                 	.MACRO __CPWRN
                 	CPI  R@0,LOW(@2)
                 	LDI  R30,HIGH(@2)
                 	CPC  R@1,R30
                 	.ENDM
                 
                 	.MACRO __ADDB1MN
                 	SUBI R30,LOW(-@0-(@1))
                 	.ENDM
                 
                 	.MACRO __ADDB2MN
                 	SUBI R26,LOW(-@0-(@1))
                 	.ENDM
                 
                 	.MACRO __ADDW1MN
                 	SUBI R30,LOW(-@0-(@1))
                 	SBCI R31,HIGH(-@0-(@1))
                 	.ENDM
                 
                 	.MACRO __ADDW2MN
                 	SUBI R26,LOW(-@0-(@1))
                 	SBCI R27,HIGH(-@0-(@1))
                 	.ENDM
                 
                 	.MACRO __ADDW1FN
                 	SUBI R30,LOW(-2*@0-(@1))
                 	SBCI R31,HIGH(-2*@0-(@1))
                 	.ENDM
                 
                 	.MACRO __ADDD1FN
                 	SUBI R30,LOW(-2*@0-(@1))
                 	SBCI R31,HIGH(-2*@0-(@1))
                 	SBCI R22,BYTE3(-2*@0-(@1))
                 	.ENDM
                 
                 	.MACRO __ADDD1N
                 	SUBI R30,LOW(-@0)
                 	SBCI R31,HIGH(-@0)
                 	SBCI R22,BYTE3(-@0)
                 	SBCI R23,BYTE4(-@0)
                 	.ENDM
                 
                 	.MACRO __ADDD2N
                 	SUBI R26,LOW(-@0)
                 	SBCI R27,HIGH(-@0)
                 	SBCI R24,BYTE3(-@0)
                 	SBCI R25,BYTE4(-@0)
                 	.ENDM
                 
                 	.MACRO __SUBD1N
                 	SUBI R30,LOW(@0)
                 	SBCI R31,HIGH(@0)
                 	SBCI R22,BYTE3(@0)
                 	SBCI R23,BYTE4(@0)
                 	.ENDM
                 
                 	.MACRO __SUBD2N
                 	SUBI R26,LOW(@0)
                 	SBCI R27,HIGH(@0)
                 	SBCI R24,BYTE3(@0)
                 	SBCI R25,BYTE4(@0)
                 	.ENDM
                 
                 	.MACRO __ANDBMNN
                 	LDS  R30,@0+(@1)
                 	ANDI R30,LOW(@2)
                 	STS  @0+(@1),R30
                 	.ENDM
                 
                 	.MACRO __ANDWMNN
                 	LDS  R30,@0+(@1)
                 	ANDI R30,LOW(@2)
                 	STS  @0+(@1),R30
                 	LDS  R30,@0+(@1)+1
                 	ANDI R30,HIGH(@2)
                 	STS  @0+(@1)+1,R30
                 	.ENDM
                 
                 	.MACRO __ANDD1N
                 	ANDI R30,LOW(@0)
                 	ANDI R31,HIGH(@0)
                 	ANDI R22,BYTE3(@0)
                 	ANDI R23,BYTE4(@0)
                 	.ENDM
                 
                 	.MACRO __ANDD2N
                 	ANDI R26,LOW(@0)
                 	ANDI R27,HIGH(@0)
                 	ANDI R24,BYTE3(@0)
                 	ANDI R25,BYTE4(@0)
                 	.ENDM
                 
                 	.MACRO __ORBMNN
                 	LDS  R30,@0+(@1)
                 	ORI  R30,LOW(@2)
                 	STS  @0+(@1),R30
                 	.ENDM
                 
                 	.MACRO __ORWMNN
                 	LDS  R30,@0+(@1)
                 	ORI  R30,LOW(@2)
                 	STS  @0+(@1),R30
                 	LDS  R30,@0+(@1)+1
                 	ORI  R30,HIGH(@2)
                 	STS  @0+(@1)+1,R30
                 	.ENDM
                 
                 	.MACRO __ORD1N
                 	ORI  R30,LOW(@0)
                 	ORI  R31,HIGH(@0)
                 	ORI  R22,BYTE3(@0)
                 	ORI  R23,BYTE4(@0)
                 	.ENDM
                 
                 	.MACRO __ORD2N
                 	ORI  R26,LOW(@0)
                 	ORI  R27,HIGH(@0)
                 	ORI  R24,BYTE3(@0)
                 	ORI  R25,BYTE4(@0)
                 	.ENDM
                 
                 	.MACRO __DELAY_USB
                 	LDI  R24,LOW(@0)
                 __DELAY_USB_LOOP:
                 	DEC  R24
                 	BRNE __DELAY_USB_LOOP
                 	.ENDM
                 
                 	.MACRO __DELAY_USW
                 	LDI  R24,LOW(@0)
                 	LDI  R25,HIGH(@0)
                 __DELAY_USW_LOOP:
                 	SBIW R24,1
                 	BRNE __DELAY_USW_LOOP
                 	.ENDM
                 
                 	.MACRO __GETD1S
                 	LDD  R30,Y+@0
                 	LDD  R31,Y+@0+1
                 	LDD  R22,Y+@0+2
                 	LDD  R23,Y+@0+3
                 	.ENDM
                 
                 	.MACRO __GETD2S
                 	LDD  R26,Y+@0
                 	LDD  R27,Y+@0+1
                 	LDD  R24,Y+@0+2
                 	LDD  R25,Y+@0+3
                 	.ENDM
                 
                 	.MACRO __PUTD1S
                 	STD  Y+@0,R30
                 	STD  Y+@0+1,R31
                 	STD  Y+@0+2,R22
                 	STD  Y+@0+3,R23
                 	.ENDM
                 
                 	.MACRO __PUTD2S
                 	STD  Y+@0,R26
                 	STD  Y+@0+1,R27
                 	STD  Y+@0+2,R24
                 	STD  Y+@0+3,R25
                 	.ENDM
                 
                 	.MACRO __PUTDZ2
                 	STD  Z+@0,R26
                 	STD  Z+@0+1,R27
                 	STD  Z+@0+2,R24
                 	STD  Z+@0+3,R25
                 	.ENDM
                 
                 	.MACRO __CLRD1S
                 	STD  Y+@0,R30
                 	STD  Y+@0+1,R30
                 	STD  Y+@0+2,R30
                 	STD  Y+@0+3,R30
                 	.ENDM
                 
                 	.MACRO __POINTB1MN
                 	LDI  R30,LOW(@0+(@1))
                 	.ENDM
                 
                 	.MACRO __POINTW1MN
                 	LDI  R30,LOW(@0+(@1))
                 	LDI  R31,HIGH(@0+(@1))
                 	.ENDM
                 
                 	.MACRO __POINTD1M
                 	LDI  R30,LOW(@0)
                 	LDI  R31,HIGH(@0)
                 	LDI  R22,BYTE3(@0)
                 	LDI  R23,BYTE4(@0)
                 	.ENDM
                 
                 	.MACRO __POINTW1FN
                 	LDI  R30,LOW(2*@0+(@1))
                 	LDI  R31,HIGH(2*@0+(@1))
                 	.ENDM
                 
                 	.MACRO __POINTD1FN
                 	LDI  R30,LOW(2*@0+(@1))
                 	LDI  R31,HIGH(2*@0+(@1))
                 	LDI  R22,BYTE3(2*@0+(@1))
                 	LDI  R23,BYTE4(2*@0+(@1))
                 	.ENDM
                 
                 	.MACRO __POINTB2MN
                 	LDI  R26,LOW(@0+(@1))
                 	.ENDM
                 
                 	.MACRO __POINTW2MN
                 	LDI  R26,LOW(@0+(@1))
                 	LDI  R27,HIGH(@0+(@1))
                 	.ENDM
                 
                 	.MACRO __POINTBRM
                 	LDI  R@0,LOW(@1)
                 	.ENDM
                 
                 	.MACRO __POINTWRM
                 	LDI  R@0,LOW(@2)
                 	LDI  R@1,HIGH(@2)
                 	.ENDM
                 
                 	.MACRO __POINTBRMN
                 	LDI  R@0,LOW(@1+(@2))
                 	.ENDM
                 
                 	.MACRO __POINTWRMN
                 	LDI  R@0,LOW(@2+(@3))
                 	LDI  R@1,HIGH(@2+(@3))
                 	.ENDM
                 
                 	.MACRO __POINTWRFN
                 	LDI  R@0,LOW(@2*2+(@3))
                 	LDI  R@1,HIGH(@2*2+(@3))
                 	.ENDM
                 
                 	.MACRO __GETD1N
                 	LDI  R30,LOW(@0)
                 	LDI  R31,HIGH(@0)
                 	LDI  R22,BYTE3(@0)
                 	LDI  R23,BYTE4(@0)
                 	.ENDM
                 
                 	.MACRO __GETD2N
                 	LDI  R26,LOW(@0)
                 	LDI  R27,HIGH(@0)
                 	LDI  R24,BYTE3(@0)
                 	LDI  R25,BYTE4(@0)
                 	.ENDM
                 
                 	.MACRO __GETB1MN
                 	LDS  R30,@0+(@1)
                 	.ENDM
                 
                 	.MACRO __GETB1HMN
                 	LDS  R31,@0+(@1)
                 	.ENDM
                 
                 	.MACRO __GETW1MN
                 	LDS  R30,@0+(@1)
                 	LDS  R31,@0+(@1)+1
                 	.ENDM
                 
                 	.MACRO __GETD1MN
                 	LDS  R30,@0+(@1)
                 	LDS  R31,@0+(@1)+1
                 	LDS  R22,@0+(@1)+2
                 	LDS  R23,@0+(@1)+3
                 	.ENDM
                 
                 	.MACRO __GETBRMN
                 	LDS  R@0,@1+(@2)
                 	.ENDM
                 
                 	.MACRO __GETWRMN
                 	LDS  R@0,@2+(@3)
                 	LDS  R@1,@2+(@3)+1
                 	.ENDM
                 
                 	.MACRO __GETWRZ
                 	LDD  R@0,Z+@2
                 	LDD  R@1,Z+@2+1
                 	.ENDM
                 
                 	.MACRO __GETD2Z
                 	LDD  R26,Z+@0
                 	LDD  R27,Z+@0+1
                 	LDD  R24,Z+@0+2
                 	LDD  R25,Z+@0+3
                 	.ENDM
                 
                 	.MACRO __GETB2MN
                 	LDS  R26,@0+(@1)
                 	.ENDM
                 
                 	.MACRO __GETW2MN
                 	LDS  R26,@0+(@1)
                 	LDS  R27,@0+(@1)+1
                 	.ENDM
                 
                 	.MACRO __GETD2MN
                 	LDS  R26,@0+(@1)
                 	LDS  R27,@0+(@1)+1
                 	LDS  R24,@0+(@1)+2
                 	LDS  R25,@0+(@1)+3
                 	.ENDM
                 
                 	.MACRO __PUTB1MN
                 	STS  @0+(@1),R30
                 	.ENDM
                 
                 	.MACRO __PUTW1MN
                 	STS  @0+(@1),R30
                 	STS  @0+(@1)+1,R31
                 	.ENDM
                 
                 	.MACRO __PUTD1MN
                 	STS  @0+(@1),R30
                 	STS  @0+(@1)+1,R31
                 	STS  @0+(@1)+2,R22
                 	STS  @0+(@1)+3,R23
                 	.ENDM
                 
                 	.MACRO __PUTB1EN
                 	LDI  R26,LOW(@0+(@1))
                 	LDI  R27,HIGH(@0+(@1))
                 	RCALL __EEPROMWRB
                 	.ENDM
                 
                 	.MACRO __PUTW1EN
                 	LDI  R26,LOW(@0+(@1))
                 	LDI  R27,HIGH(@0+(@1))
                 	RCALL __EEPROMWRW
                 	.ENDM
                 
                 	.MACRO __PUTD1EN
                 	LDI  R26,LOW(@0+(@1))
                 	LDI  R27,HIGH(@0+(@1))
                 	RCALL __EEPROMWRD
                 	.ENDM
                 
                 	.MACRO __PUTBR0MN
                 	STS  @0+(@1),R0
                 	.ENDM
                 
                 	.MACRO __PUTBMRN
                 	STS  @0+(@1),R@2
                 	.ENDM
                 
                 	.MACRO __PUTWMRN
                 	STS  @0+(@1),R@2
                 	STS  @0+(@1)+1,R@3
                 	.ENDM
                 
                 	.MACRO __PUTBZR
                 	STD  Z+@1,R@0
                 	.ENDM
                 
                 	.MACRO __PUTWZR
                 	STD  Z+@2,R@0
                 	STD  Z+@2+1,R@1
                 	.ENDM
                 
                 	.MACRO __GETW1R
                 	MOV  R30,R@0
                 	MOV  R31,R@1
                 	.ENDM
                 
                 	.MACRO __GETW2R
                 	MOV  R26,R@0
                 	MOV  R27,R@1
                 	.ENDM
                 
                 	.MACRO __GETWRN
                 	LDI  R@0,LOW(@2)
                 	LDI  R@1,HIGH(@2)
                 	.ENDM
                 
                 	.MACRO __PUTW1R
                 	MOV  R@0,R30
                 	MOV  R@1,R31
                 	.ENDM
                 
                 	.MACRO __PUTW2R
                 	MOV  R@0,R26
                 	MOV  R@1,R27
                 	.ENDM
                 
                 	.MACRO __ADDWRN
                 	SUBI R@0,LOW(-@2)
                 	SBCI R@1,HIGH(-@2)
                 	.ENDM
                 
                 	.MACRO __ADDWRR
                 	ADD  R@0,R@2
                 	ADC  R@1,R@3
                 	.ENDM
                 
                 	.MACRO __SUBWRN
                 	SUBI R@0,LOW(@2)
                 	SBCI R@1,HIGH(@2)
                 	.ENDM
                 
                 	.MACRO __SUBWRR
                 	SUB  R@0,R@2
                 	SBC  R@1,R@3
                 	.ENDM
                 
                 	.MACRO __ANDWRN
                 	ANDI R@0,LOW(@2)
                 	ANDI R@1,HIGH(@2)
                 	.ENDM
                 
                 	.MACRO __ANDWRR
                 	AND  R@0,R@2
                 	AND  R@1,R@3
                 	.ENDM
                 
                 	.MACRO __ORWRN
                 	ORI  R@0,LOW(@2)
                 	ORI  R@1,HIGH(@2)
                 	.ENDM
                 
                 	.MACRO __ORWRR
                 	OR   R@0,R@2
                 	OR   R@1,R@3
                 	.ENDM
                 
                 	.MACRO __EORWRR
                 	EOR  R@0,R@2
                 	EOR  R@1,R@3
                 	.ENDM
                 
                 	.MACRO __GETWRS
                 	LDD  R@0,Y+@2
                 	LDD  R@1,Y+@2+1
                 	.ENDM
                 
                 	.MACRO __PUTBSR
                 	STD  Y+@1,R@0
                 	.ENDM
                 
                 	.MACRO __PUTWSR
                 	STD  Y+@2,R@0
                 	STD  Y+@2+1,R@1
                 	.ENDM
                 
                 	.MACRO __MOVEWRR
                 	MOV  R@0,R@2
                 	MOV  R@1,R@3
                 	.ENDM
                 
                 	.MACRO __INWR
                 	IN   R@0,@2
                 	IN   R@1,@2+1
                 	.ENDM
                 
                 	.MACRO __OUTWR
                 	OUT  @2+1,R@1
                 	OUT  @2,R@0
                 	.ENDM
                 
                 	.MACRO __CALL1MN
                 	LDS  R30,@0+(@1)
                 	LDS  R31,@0+(@1)+1
                 	ICALL
                 	.ENDM
                 
                 	.MACRO __CALL1FN
                 	LDI  R30,LOW(2*@0+(@1))
                 	LDI  R31,HIGH(2*@0+(@1))
                 	RCALL __GETW1PF
                 	ICALL
                 	.ENDM
                 
                 	.MACRO __CALL2EN
                 	LDI  R26,LOW(@0+(@1))
                 	LDI  R27,HIGH(@0+(@1))
                 	RCALL __EEPROMRDW
                 	ICALL
                 	.ENDM
                 
                 	.MACRO __GETW1STACK
                 	IN   R26,SPL
                 	IN   R27,SPH
                 	ADIW R26,@0+1
                 	LD   R30,X+
                 	LD   R31,X
                 	.ENDM
                 
                 	.MACRO __GETD1STACK
                 	IN   R26,SPL
                 	IN   R27,SPH
                 	ADIW R26,@0+1
                 	LD   R30,X+
                 	LD   R31,X+
                 	LD   R22,X
                 	.ENDM
                 
                 	.MACRO __NBST
                 	BST  R@0,@1
                 	IN   R30,SREG
                 	LDI  R31,0x40
                 	EOR  R30,R31
                 	OUT  SREG,R30
                 	.ENDM
                 
                 
                 	.MACRO __PUTB1SN
                 	LDD  R26,Y+@0
                 	LDD  R27,Y+@0+1
                 	SUBI R26,LOW(-@1)
                 	SBCI R27,HIGH(-@1)
                 	ST   X,R30
                 	.ENDM
                 
                 	.MACRO __PUTW1SN
                 	LDD  R26,Y+@0
                 	LDD  R27,Y+@0+1
                 	SUBI R26,LOW(-@1)
                 	SBCI R27,HIGH(-@1)
                 	ST   X+,R30
                 	ST   X,R31
                 	.ENDM
                 
                 	.MACRO __PUTD1SN
                 	LDD  R26,Y+@0
                 	LDD  R27,Y+@0+1
                 	SUBI R26,LOW(-@1)
                 	SBCI R27,HIGH(-@1)
                 	RCALL __PUTDP1
                 	.ENDM
                 
                 	.MACRO __PUTB1SNS
                 	LDD  R26,Y+@0
                 	LDD  R27,Y+@0+1
                 	ADIW R26,@1
                 	ST   X,R30
                 	.ENDM
                 
                 	.MACRO __PUTW1SNS
                 	LDD  R26,Y+@0
                 	LDD  R27,Y+@0+1
                 	ADIW R26,@1
                 	ST   X+,R30
                 	ST   X,R31
                 	.ENDM
                 
                 	.MACRO __PUTD1SNS
                 	LDD  R26,Y+@0
                 	LDD  R27,Y+@0+1
                 	ADIW R26,@1
                 	RCALL __PUTDP1
                 	.ENDM
                 
                 	.MACRO __PUTB1PMN
                 	LDS  R26,@0
                 	LDS  R27,@0+1
                 	SUBI R26,LOW(-@1)
                 	SBCI R27,HIGH(-@1)
                 	ST   X,R30
                 	.ENDM
                 
                 	.MACRO __PUTW1PMN
                 	LDS  R26,@0
                 	LDS  R27,@0+1
                 	SUBI R26,LOW(-@1)
                 	SBCI R27,HIGH(-@1)
                 	ST   X+,R30
                 	ST   X,R31
                 	.ENDM
                 
                 	.MACRO __PUTD1PMN
                 	LDS  R26,@0
                 	LDS  R27,@0+1
                 	SUBI R26,LOW(-@1)
                 	SBCI R27,HIGH(-@1)
                 	RCALL __PUTDP1
                 	.ENDM
                 
                 	.MACRO __PUTB1PMNS
                 	LDS  R26,@0
                 	LDS  R27,@0+1
                 	ADIW R26,@1
                 	ST   X,R30
                 	.ENDM
                 
                 	.MACRO __PUTW1PMNS
                 	LDS  R26,@0
                 	LDS  R27,@0+1
                 	ADIW R26,@1
                 	ST   X+,R30
                 	ST   X,R31
                 	.ENDM
                 
                 	.MACRO __PUTD1PMNS
                 	LDS  R26,@0
                 	LDS  R27,@0+1
                 	ADIW R26,@1
                 	RCALL __PUTDP1
                 	.ENDM
                 
                 	.MACRO __PUTB1RN
                 	MOVW R26,R@0
                 	SUBI R26,LOW(-@1)
                 	SBCI R27,HIGH(-@1)
                 	ST   X,R30
                 	.ENDM
                 
                 	.MACRO __PUTW1RN
                 	MOVW R26,R@0
                 	SUBI R26,LOW(-@1)
                 	SBCI R27,HIGH(-@1)
                 	ST   X+,R30
                 	ST   X,R31
                 	.ENDM
                 
                 	.MACRO __PUTD1RN
                 	MOVW R26,R@0
                 	SUBI R26,LOW(-@1)
                 	SBCI R27,HIGH(-@1)
                 	RCALL __PUTDP1
                 	.ENDM
                 
                 	.MACRO __PUTB1RNS
                 	MOVW R26,R@0
                 	ADIW R26,@1
                 	ST   X,R30
                 	.ENDM
                 
                 	.MACRO __PUTW1RNS
                 	MOVW R26,R@0
                 	ADIW R26,@1
                 	ST   X+,R30
                 	ST   X,R31
                 	.ENDM
                 
                 	.MACRO __PUTD1RNS
                 	MOVW R26,R@0
                 	ADIW R26,@1
                 	RCALL __PUTDP1
                 	.ENDM
                 
                 	.MACRO __PUTB1RON
                 	MOV  R26,R@0
                 	MOV  R27,R@1
                 	SUBI R26,LOW(-@2)
                 	SBCI R27,HIGH(-@2)
                 	ST   X,R30
                 	.ENDM
                 
                 	.MACRO __PUTW1RON
                 	MOV  R26,R@0
                 	MOV  R27,R@1
                 	SUBI R26,LOW(-@2)
                 	SBCI R27,HIGH(-@2)
                 	ST   X+,R30
                 	ST   X,R31
                 	.ENDM
                 
                 	.MACRO __PUTD1RON
                 	MOV  R26,R@0
                 	MOV  R27,R@1
                 	SUBI R26,LOW(-@2)
                 	SBCI R27,HIGH(-@2)
                 	RCALL __PUTDP1
                 	.ENDM
                 
                 	.MACRO __PUTB1RONS
                 	MOV  R26,R@0
                 	MOV  R27,R@1
                 	ADIW R26,@2
                 	ST   X,R30
                 	.ENDM
                 
                 	.MACRO __PUTW1RONS
                 	MOV  R26,R@0
                 	MOV  R27,R@1
                 	ADIW R26,@2
                 	ST   X+,R30
                 	ST   X,R31
                 	.ENDM
                 
                 	.MACRO __PUTD1RONS
                 	MOV  R26,R@0
                 	MOV  R27,R@1
                 	ADIW R26,@2
                 	RCALL __PUTDP1
                 	.ENDM
                 
                 
                 	.MACRO __GETB1SX
                 	MOVW R30,R28
                 	SUBI R30,LOW(-@0)
                 	SBCI R31,HIGH(-@0)
                 	LD   R30,Z
                 	.ENDM
                 
                 	.MACRO __GETB1HSX
                 	MOVW R30,R28
                 	SUBI R30,LOW(-@0)
                 	SBCI R31,HIGH(-@0)
                 	LD   R31,Z
                 	.ENDM
                 
                 	.MACRO __GETW1SX
                 	MOVW R30,R28
                 	SUBI R30,LOW(-@0)
                 	SBCI R31,HIGH(-@0)
                 	LD   R0,Z+
                 	LD   R31,Z
                 	MOV  R30,R0
                 	.ENDM
                 
                 	.MACRO __GETD1SX
                 	MOVW R30,R28
                 	SUBI R30,LOW(-@0)
                 	SBCI R31,HIGH(-@0)
                 	LD   R0,Z+
                 	LD   R1,Z+
                 	LD   R22,Z+
                 	LD   R23,Z
                 	MOVW R30,R0
                 	.ENDM
                 
                 	.MACRO __GETB2SX
                 	MOVW R26,R28
                 	SUBI R26,LOW(-@0)
                 	SBCI R27,HIGH(-@0)
                 	LD   R26,X
                 	.ENDM
                 
                 	.MACRO __GETW2SX
                 	MOVW R26,R28
                 	SUBI R26,LOW(-@0)
                 	SBCI R27,HIGH(-@0)
                 	LD   R0,X+
                 	LD   R27,X
                 	MOV  R26,R0
                 	.ENDM
                 
                 	.MACRO __GETD2SX
                 	MOVW R26,R28
                 	SUBI R26,LOW(-@0)
                 	SBCI R27,HIGH(-@0)
                 	LD   R0,X+
                 	LD   R1,X+
                 	LD   R24,X+
                 	LD   R25,X
                 	MOVW R26,R0
                 	.ENDM
                 
                 	.MACRO __GETBRSX
                 	MOVW R30,R28
                 	SUBI R30,LOW(-@1)
                 	SBCI R31,HIGH(-@1)
                 	LD   R@0,Z
                 	.ENDM
                 
                 	.MACRO __GETWRSX
                 	MOVW R30,R28
                 	SUBI R30,LOW(-@2)
                 	SBCI R31,HIGH(-@2)
                 	LD   R@0,Z+
                 	LD   R@1,Z
                 	.ENDM
                 
                 	.MACRO __GETBRSX2
                 	MOVW R26,R28
                 	SUBI R26,LOW(-@1)
                 	SBCI R27,HIGH(-@1)
                 	LD   R@0,X
                 	.ENDM
                 
                 	.MACRO __GETWRSX2
                 	MOVW R26,R28
                 	SUBI R26,LOW(-@2)
                 	SBCI R27,HIGH(-@2)
                 	LD   R@0,X+
                 	LD   R@1,X
                 	.ENDM
                 
                 	.MACRO __LSLW8SX
                 	MOVW R30,R28
                 	SUBI R30,LOW(-@0)
                 	SBCI R31,HIGH(-@0)
                 	LD   R31,Z
                 	CLR  R30
                 	.ENDM
                 
                 	.MACRO __PUTB1SX
                 	MOVW R26,R28
                 	SUBI R26,LOW(-@0)
                 	SBCI R27,HIGH(-@0)
                 	ST   X,R30
                 	.ENDM
                 
                 	.MACRO __PUTW1SX
                 	MOVW R26,R28
                 	SUBI R26,LOW(-@0)
                 	SBCI R27,HIGH(-@0)
                 	ST   X+,R30
                 	ST   X,R31
                 	.ENDM
                 
                 	.MACRO __PUTD1SX
                 	MOVW R26,R28
                 	SUBI R26,LOW(-@0)
                 	SBCI R27,HIGH(-@0)
                 	ST   X+,R30
                 	ST   X+,R31
                 	ST   X+,R22
                 	ST   X,R23
                 	.ENDM
                 
                 	.MACRO __CLRW1SX
                 	MOVW R26,R28
                 	SUBI R26,LOW(-@0)
                 	SBCI R27,HIGH(-@0)
                 	ST   X+,R30
                 	ST   X,R30
                 	.ENDM
                 
                 	.MACRO __CLRD1SX
                 	MOVW R26,R28
                 	SUBI R26,LOW(-@0)
                 	SBCI R27,HIGH(-@0)
                 	ST   X+,R30
                 	ST   X+,R30
                 	ST   X+,R30
                 	ST   X,R30
                 	.ENDM
                 
                 	.MACRO __PUTB2SX
                 	MOVW R30,R28
                 	SUBI R30,LOW(-@0)
                 	SBCI R31,HIGH(-@0)
                 	ST   Z,R26
                 	.ENDM
                 
                 	.MACRO __PUTW2SX
                 	MOVW R30,R28
                 	SUBI R30,LOW(-@0)
                 	SBCI R31,HIGH(-@0)
                 	ST   Z+,R26
                 	ST   Z,R27
                 	.ENDM
                 
                 	.MACRO __PUTD2SX
                 	MOVW R30,R28
                 	SUBI R30,LOW(-@0)
                 	SBCI R31,HIGH(-@0)
                 	ST   Z+,R26
                 	ST   Z+,R27
                 	ST   Z+,R24
                 	ST   Z,R25
                 	.ENDM
                 
                 	.MACRO __PUTBSRX
                 	MOVW R30,R28
                 	SUBI R30,LOW(-@1)
                 	SBCI R31,HIGH(-@1)
                 	ST   Z,R@0
                 	.ENDM
                 
                 	.MACRO __PUTWSRX
                 	MOVW R30,R28
                 	SUBI R30,LOW(-@2)
                 	SBCI R31,HIGH(-@2)
                 	ST   Z+,R@0
                 	ST   Z,R@1
                 	.ENDM
                 
                 	.MACRO __PUTB1SNX
                 	MOVW R26,R28
                 	SUBI R26,LOW(-@0)
                 	SBCI R27,HIGH(-@0)
                 	LD   R0,X+
                 	LD   R27,X
                 	MOV  R26,R0
                 	SUBI R26,LOW(-@1)
                 	SBCI R27,HIGH(-@1)
                 	ST   X,R30
                 	.ENDM
                 
                 	.MACRO __PUTW1SNX
                 	MOVW R26,R28
                 	SUBI R26,LOW(-@0)
                 	SBCI R27,HIGH(-@0)
                 	LD   R0,X+
                 	LD   R27,X
                 	MOV  R26,R0
                 	SUBI R26,LOW(-@1)
                 	SBCI R27,HIGH(-@1)
                 	ST   X+,R30
                 	ST   X,R31
                 	.ENDM
                 
                 	.MACRO __PUTD1SNX
                 	MOVW R26,R28
                 	SUBI R26,LOW(-@0)
                 	SBCI R27,HIGH(-@0)
                 	LD   R0,X+
                 	LD   R27,X
                 	MOV  R26,R0
                 	SUBI R26,LOW(-@1)
                 	SBCI R27,HIGH(-@1)
                 	ST   X+,R30
                 	ST   X+,R31
                 	ST   X+,R22
                 	ST   X,R23
                 	.ENDM
                 
                 ;NAME DEFINITIONS FOR GLOBAL VARIABLES ALLOCATED TO REGISTERS
                 	.DEF _i=R3
                 
                 ;GPIOR0-GPIOR2 INITIALIZATION VALUES
                 	.EQU __GPIOR0_INIT=0x00
                 	.EQU __GPIOR1_INIT=0x00
                 	.EQU __GPIOR2_INIT=0x00
                 
                 	.CSEG
                 	.ORG 0x00
                 
                 ;START OF CODE MARKER
                 __START_OF_CODE:
                 
                 ;INTERRUPT VECTORS
000000 c03d      	RJMP __RESET
000001 cffe      	RJMP 0x00
000002 cffd      	RJMP 0x00
000003 cffc      	RJMP 0x00
000004 cffb      	RJMP 0x00
000005 cffa      	RJMP 0x00
000006 cff9      	RJMP 0x00
000007 cff8      	RJMP 0x00
000008 cff7      	RJMP 0x00
000009 c0bf      	RJMP _timer0_compa_isr
00000a cff5      	RJMP 0x00
00000b cff4      	RJMP 0x00
00000c cff3      	RJMP 0x00
00000d cff2      	RJMP 0x00
00000e cff1      	RJMP 0x00
00000f cff0      	RJMP 0x00
000010 cfef      	RJMP 0x00
                 
                 _init:
000011 000e
000012 0206
000013 06ff
000014 0704      	.DB  0xE,0x0,0x6,0x2,0xFF,0x6,0x4,0x7
000015 0805
000016 0901
000017 0a2f
000018 0b06      	.DB  0x5,0x8,0x1,0x9,0x2F,0xA,0x6,0xB
000019 0c00
00001a 0d10
00001b 0e28
00001c 0f1e      	.DB  0x0,0xC,0x10,0xD,0x28,0xE,0x1E,0xF
00001d 1085
00001e 1178
00001f 1273
000020 1302      	.DB  0x85,0x10,0x78,0x11,0x73,0x12,0x2,0x13
000021 14e9
000022 1500
000023 1730
000024 1818      	.DB  0xE9,0x14,0x0,0x15,0x30,0x17,0x18,0x18
000025 1916
000026 1a6c
000027 1bc7
000028 1c00      	.DB  0x16,0x19,0x6C,0x1A,0xC7,0x1B,0x0,0x1C
000029 1db2
00002a 21b6
00002b 2210
00002c 23e9      	.DB  0xB2,0x1D,0xB6,0x21,0x10,0x22,0xE9,0x23
00002d 242a
00002e 2500
00002f 261f
000030 2959      	.DB  0x2A,0x24,0x0,0x25,0x1F,0x26,0x59,0x29
000031 2c81
000032 2d35
000033 2e09      	.DB  0x81,0x2C,0x35,0x2D,0x9,0x2E
                 
                 _0x2020060:
E:\AVR\SD-WC\List\Test Board_CC1101(26800KHz).asm(1072): warning: .cseg .db misalignment - padding zero byte
000034 0001      	.DB  0x1
                 _0x2020000:
000035 4e2d
000036 4e41
000037 4900
000038 464e      	.DB  0x2D,0x4E,0x41,0x4E,0x0,0x49,0x4E,0x46
E:\AVR\SD-WC\List\Test Board_CC1101(26800KHz).asm(1075): warning: .cseg .db misalignment - padding zero byte
000039 0000      	.DB  0x0
                 
                 __GLOBAL_INI_TBL:
00003a 0001      	.DW  0x01
00003b 00a0      	.DW  __seed_G101
00003c 0068      	.DW  _0x2020060*2
                 
                 _0xFFFFFFFF:
00003d 0000      	.DW  0
                 
                 __RESET:
00003e 94f8      	CLI
00003f 27ee      	CLR  R30
000040 bbec      	OUT  EECR,R30
000041 bfe5      	OUT  MCUCR,R30
                 
                 ;DISABLE WATCHDOG
000042 e1f8      	LDI  R31,0x18
000043 95a8      	WDR
000044 b7a4      	IN   R26,MCUSR
000045 7fa7      	CBR  R26,8
000046 bfa4      	OUT  MCUSR,R26
000047 bdf1      	OUT  WDTCSR,R31
000048 bde1      	OUT  WDTCSR,R30
                 
                 ;CLEAR R2-R14
000049 e08d      	LDI  R24,(14-2)+1
00004a e0a2      	LDI  R26,2
00004b 27bb      	CLR  R27
                 __CLEAR_REG:
00004c 93ed      	ST   X+,R30
00004d 958a      	DEC  R24
00004e f7e9      	BRNE __CLEAR_REG
                 
                 ;CLEAR SRAM
00004f e080      	LDI  R24,LOW(__CLEAR_SRAM_SIZE)
000050 e091      	LDI  R25,HIGH(__CLEAR_SRAM_SIZE)
000051 e6a0      	LDI  R26,__SRAM_START
                 __CLEAR_SRAM:
000052 93ed      	ST   X+,R30
000053 9701      	SBIW R24,1
000054 f7e9      	BRNE __CLEAR_SRAM
                 
                 ;GLOBAL VARIABLES INITIALIZATION
000055 e7e4      	LDI  R30,LOW(__GLOBAL_INI_TBL*2)
000056 e0f0      	LDI  R31,HIGH(__GLOBAL_INI_TBL*2)
                 __GLOBAL_INI_NEXT:
000057 9185      	LPM  R24,Z+
000058 9195      	LPM  R25,Z+
000059 9700      	SBIW R24,0
00005a f061      	BREQ __GLOBAL_INI_END
00005b 91a5      	LPM  R26,Z+
00005c 91b5      	LPM  R27,Z+
00005d 9005      	LPM  R0,Z+
00005e 9015      	LPM  R1,Z+
00005f 01bf      	MOVW R22,R30
000060 01f0      	MOVW R30,R0
                 __GLOBAL_INI_LOOP:
000061 9005      	LPM  R0,Z+
000062 920d      	ST   X+,R0
000063 9701      	SBIW R24,1
000064 f7e1      	BRNE __GLOBAL_INI_LOOP
000065 01fb      	MOVW R30,R22
000066 cff0      	RJMP __GLOBAL_INI_NEXT
                 __GLOBAL_INI_END:
                 
                 ;GPIOR0-GPIOR2 INITIALIZATION
000067 e0e0      	LDI  R30,__GPIOR0_INIT
000068 bbe3      	OUT  GPIOR0,R30
                 	;__GPIOR1_INIT = __GPIOR0_INIT
000069 bbe4      	OUT  GPIOR1,R30
                 	;__GPIOR2_INIT = __GPIOR0_INIT
00006a bbe5      	OUT  GPIOR2,R30
                 
                 ;HARDWARE STACK POINTER INITIALIZATION
00006b e5ef      	LDI  R30,LOW(__SRAM_END-__HEAP_SIZE)
00006c bfed      	OUT  SPL,R30
00006d e0e1      	LDI  R30,HIGH(__SRAM_END-__HEAP_SIZE)
00006e bfee      	OUT  SPH,R30
                 
                 ;DATA STACK POINTER INITIALIZATION
00006f eac0      	LDI  R28,LOW(__SRAM_START+__DSTACK_SIZE)
000070 e0d0      	LDI  R29,HIGH(__SRAM_START+__DSTACK_SIZE)
                 
000071 c059      	RJMP _main
                 
                 	.ESEG
                 	.ORG 0
                 
                 	.DSEG
                 	.ORG 0xA0
                 
                 	.CSEG
                 ;/*****************************************************
                 ;This program was produced by the
                 ;CodeWizardAVR V2.05.0 Professional
                 ;Automatic Program Generator
                 ;© Copyright 1998-2010 Pavel Haiduc, HP InfoTech s.r.l.
                 ;http://www.hpinfotech.com
                 ;
                 ;Project : Test Board_CC1101(26800KHz)
                 ;Version : 1
                 ;Date    : 06.05.2012
                 ;Author  : Alexandr Gordejchik
                 ;Company : NTS
                 ;Comments:
                 ;
                 ;
                 ;Chip type               : ATtiny44
                 ;AVR Core Clock frequency: 8,000000 MHz
                 ;Memory model            : Tiny
                 ;External RAM size       : 0
                 ;Data Stack size         : 64
                 ;*****************************************************/
                 ;
                 ;#include <tiny44.h>
                 	#ifndef __SLEEP_DEFINED__
                 	#define __SLEEP_DEFINED__
                 	.EQU __se_bit=0x20
                 	.EQU __sm_mask=0x18
                 	.EQU __sm_adc_noise_red=0x08
                 	.EQU __sm_powerdown=0x10
                 	.EQU __sm_standby=0x18
                 	.SET power_ctrl_reg=mcucr
                 	#endif
                 ;#include <delay.h>
                 ;#include <string.h>
                 ;#include <stdlib.h>
                 ;
                 ;
                 ;
                 ;//++++++++++++ Определение строб-комманд трансивера+++++++++++++++++++++++++++++++++++++++++++++++++++++
                 ;#define SRES 0x30 //Сброс трансивера
                 ;#define SIDLE 0x36 //Переход в режим IDLE
                 ;#define SCAL 0x33   // Калибровка частотного синтезатора
                 ;#define SRX 0x34   // Переход в режим RX
                 ;#define STX 0x35   // Переход в режим TX
                 ;#define SFRX 0x3A  // Очистка RX FIFO
                 ;#define SFTX 0x3B  // Очистка TX FIFO
                 ;#define SNOP 0x3D  // Пустая строб-команда
                 ;//+++++++++++++++++++++++++++++++++++++++++++++++++++++++++++++++++++++++++++++++++++++++++++
                 ; // Массив инициализации регистров (старший байт - адрес, младший - значение)
                 ;flash unsigned int init[35]=
                 ;{
                 ; 0x000E, //0 IOGFG2 Обнаружение несущей
                 ; 0x0206, //1 IOGFG0 Прием-передача пакета
                 ; 0x06FF, //2 PKTLEN Длинна пакета
                 ; 0x0704, //3 PKRCTRL1 Контроль пакета
                 ; 0x0805, //4 PKRCTRL0 Контроль пакета
                 ; 0x0901, //5 ADDR Адрес устройства
                 ; 0x0A2F, //6 CHANNR Номер канала
                 ; 0x0B06, //7 FSCTRL1 Параметры контроля синтезатора частоты
                 ; 0x0C00, //8 FSCTRL0 Параметры контроля синтезатора частоты
                 ; 0x0D10, //9 FREQ2 Параметы опорной частоты
                 ; 0x0E28, //10 FREQ1 Параметы опорной частоты
                 ; 0x0F1E, //11 FREQ0 Параметы опорной частоты
                 ; 0x1085, //12 MDMCFG4 Конфигурация модема
                 ; 0x1178, //13 MDMCFG3 Конфигурация модема
                 ; 0x1273, //14 MDMCFG2 Конфигурация модема
                 ; 0x1302, //15 MDMCFG1 Конфигурация модема
                 ; 0x14E9, //16 MDMCFG0 Конфигурация модема
                 ; 0x1500, //17 DEVIATION Девиация
                 ; 0x1730, //18 MCSM1 Конфигурация автомата контроля радио
                 ; 0x1818, //19 MCSM0 Конфигурация автомата контроля радио
                 ; 0x1916, //20 FOCCFG Компенсация сдвига частоты
                 ; 0x1A6C, //21 BSCFG Конфигурация побитовой синхронизации
                 ; 0x1BC7, //22 AGCCTRL2 Пармаметры приемного тракта
                 ; 0x1C00, //23 AGCCTRL1 Пармаметры приемного тракта
                 ; 0x1DB2, //24 AGCCTRL0 Пармаметры приемного тракта
                 ; 0x21B6, //25 FREND1 Параметры приемного тракта
                 ; 0x2210, //26 FREND0 Параметры передающего тракта
                 ; 0x23E9, //27 FSCAL3 Параметры калибровки синтезатора частоты
                 ; 0x242A, //28 FSCAL2 Параметры калибровки синтезатора частоты
                 ; 0x2500, //29 FSCAL1 Параметры калибровки синтезатора частоты
                 ; 0x261F, //30 FSCAL0 Параметры калибровки синтезатора частоты
                 ; 0x2959, //31 FSTEST Проверка синтезаторы частоты
                 ; 0x2C81, //32 TEST2
                 ; 0x2D35, //33 TEST1
                 ; 0x2E09  //34 TEST0
                 ;};
                 ;//+++++++++++++++++++++++++++++++++++++++++++++++++++++++++++++++++++++++++++++++++++++++++++
                 ;union U      // Определение объединения
                 ;		{
                 ;			unsigned int buf;
                 ;			unsigned char b[2];
                 ;		};
                 ;
                 ;union U FREQ;
                 ;union U FR1;
                 ;union U FR0;
                 ;
                 ;// Определение глобальных переменных
                 ;unsigned char i;   //Основной счетчик
                 ;//eeprom unsigned char ST;
                 ;eeprom unsigned char STAT[37];
                 ;//*******************************************************************************************
                 ;//*******************************************************************************************
                 ;//*******************ФУНКЦИИ ДЛЯ РАБОТЫ С ТРАНСИВЕРОМ*****************************************
                 ;//============================================================================================
                 ;// Функция передачи символа по SPI
                 ;unsigned char SPI_SEND(unsigned char data)
                 ; 0000 0064 {
                 
                 	.CSEG
                 _SPI_SEND:
                 ; 0000 0065  USIDR=data;      // Загрузка данных в сдвиговый регистр
                 ;	data -> Y+0
000072 81e8      	LD   R30,Y
000073 b9ef      	OUT  0xF,R30
                 ; 0000 0066  USISR=(1<<USIOIF);  // Очистка флага переполнения и 4-битного счетчика
000074 e4e0      	LDI  R30,LOW(64)
000075 b9ee      	OUT  0xE,R30
                 ; 0000 0067  TIFR0 |= (1<<OCF0A);   // Очистка флага прерывания по совпадению таймера
000076 b7e8      	IN   R30,0x38
000077 60e2      	ORI  R30,2
000078 bfe8      	OUT  0x38,R30
                 ; 0000 0068  TIMSK0 |= (1<<OCIE0A); // Разрешение прерывания по совпадению
000079 b7e9      	IN   R30,0x39
00007a 60e2      	ORI  R30,2
00007b bfe9      	OUT  0x39,R30
                 ; 0000 0069  while(USISR.USIOIF==0); //Ожидание конца передачи байта
                 _0x3:
00007c 9b76      	SBIS 0xE,6
00007d cffe      	RJMP _0x3
                 ; 0000 006A  TIMSK0=0x00;     //Запрет прерывания
00007e e0e0      	LDI  R30,LOW(0)
00007f bfe9      	OUT  0x39,R30
                 ; 0000 006B  return USIDR; // Возврат данных
000080 b1ef      	IN   R30,0xF
000081 c045      	RJMP _0x2080001
                 ; 0000 006C  }
                 ;
                 ;//*******************************************************************************************
                 ; void RESET_TR(void) //Сброс трансивера по включению питания
                 ; 0000 0070 {
                 _RESET_TR:
                 ; 0000 0071 USICR=0x00; //Отключение SPI
000082 e0e0      	LDI  R30,LOW(0)
000083 b9ed      	OUT  0xD,R30
                 ; 0000 0072 PORTA.4=1; //Устанавливаем 1 на SCK
000084 9adc      	SBI  0x1B,4
                 ; 0000 0073 PORTA.5=0;  // Устанавливаем 0 на MOSI
000085 98dd      	CBI  0x1B,5
                 ; 0000 0074 PORTA.3=0; // SPI_SS ON
000086 98db      	CBI  0x1B,3
                 ; 0000 0075 delay_us(1);
                +
000087 e083     +LDI R24 , LOW ( 3 )
                +__DELAY_USB_LOOP :
000088 958a     +DEC R24
000089 f7f1     +BRNE __DELAY_USB_LOOP
                 	__DELAY_USB 3
                 ; 0000 0076 PORTA.3=1; // SPI_SS OFF
00008a 9adb      	SBI  0x1B,3
                 ; 0000 0077 delay_us(40);
                +
00008b e68b     +LDI R24 , LOW ( 107 )
                +__DELAY_USB_LOOP :
00008c 958a     +DEC R24
00008d f7f1     +BRNE __DELAY_USB_LOOP
                 	__DELAY_USB 107
                 ; 0000 0078 USICR=0x1A; //Включение SPI
00008e e1ea      	LDI  R30,LOW(26)
00008f b9ed      	OUT  0xD,R30
                 ; 0000 0079 PORTA.3=0; // SPI_SS ON
000090 98db      	CBI  0x1B,3
                 ; 0000 007A while(PINA.6==1); //Ждем 0 на MISO
                 _0x10:
000091 99ce      	SBIC 0x19,6
000092 cffe      	RJMP _0x10
                 ; 0000 007B SPI_SEND(SRES);
000093 e3e0      	LDI  R30,LOW(48)
000094 d09e      	RCALL SUBOPT_0x0
                 ; 0000 007C PORTA.3=1; // SPI_SS OFF
000095 c029      	RJMP _0x2080002
                 ; 0000 007D }
                 ;//*******************************************************************************************
                 ;void WRITE_REG( unsigned int reg) // Функция записи регистра
                 ; 0000 0080 {  union U dat;
                 _WRITE_REG:
                 ; 0000 0081 PORTA.3=0; // SPI_SS ON
000096 9722      	SBIW R28,2
                 ;	reg -> Y+2
                 ;	dat -> Y+0
000097 98db      	CBI  0x1B,3
                 ; 0000 0082 while(PINA.6==1); //Ждем 0 на MISO
                 _0x17:
000098 99ce      	SBIC 0x19,6
000099 cffe      	RJMP _0x17
                 ; 0000 0083 
                 ; 0000 0084  dat.buf=reg;
00009a 81ea      	LDD  R30,Y+2
00009b 81fb      	LDD  R31,Y+2+1
00009c 83e8      	ST   Y,R30
00009d 83f9      	STD  Y+1,R31
                 ; 0000 0085  SPI_SEND(dat.b[1]);  //Адрес регистра
00009e 81e9      	LDD  R30,Y+1
00009f d093      	RCALL SUBOPT_0x0
                 ; 0000 0086  SPI_SEND(dat.b[0]);  //Значение регистра
0000a0 81e8      	LD   R30,Y
0000a1 d091      	RCALL SUBOPT_0x0
                 ; 0000 0087  PORTA.3=1; // SPI_SS OFF
0000a2 9adb      	SBI  0x1B,3
                 ; 0000 0088 }
0000a3 9624      	ADIW R28,4
0000a4 9508      	RET
                 ;//********************************************************************************************
                 ;unsigned char READ_REG(unsigned char adr)  // Функция чтения регистра
                 ; 0000 008B {  unsigned char reg;
                 ; 0000 008C    PORTA.3=0; // SPI_SS ON
                 ;	adr -> Y+1
                 ;	reg -> R17
                 ; 0000 008D    while(PINA.6==1); //Ждем 0 на MISO
                 ; 0000 008E    SPI_SEND(adr | 0x80);   // Старший бит определяет операцию
                 ; 0000 008F    reg= SPI_SEND(0x00);
                 ; 0000 0090    return reg;
                 ; 0000 0091    PORTA.3=1; // SPI_SS OFF
                 ; 0000 0092 }
                 ;//**********************************************************************************************
                 ; void INIT_TR(void) //Функция инициализации трансивера
                 ; 0000 0095  {
                 _INIT_TR:
                 ; 0000 0096 
                 ; 0000 0097 
                 ; 0000 0098   for (i=0;i<35;i++)
0000a5 2433      	CLR  R3
                 _0x24:
0000a6 e2e3      	LDI  R30,LOW(35)
0000a7 163e      	CP   R3,R30
0000a8 f470      	BRSH _0x25
                 ; 0000 0099    {
                 ; 0000 009A     WRITE_REG(init[i]);
0000a9 2de3      	MOV  R30,R3
0000aa e2a2      	LDI  R26,LOW(_init*2)
0000ab e0b0      	LDI  R27,HIGH(_init*2)
0000ac e0f0      	LDI  R31,0
0000ad 0fee      	LSL  R30
0000ae 1fff      	ROL  R31
0000af 0fea      	ADD  R30,R26
0000b0 1ffb      	ADC  R31,R27
0000b1 d096      	RCALL __GETW1PF
0000b2 93fa      	ST   -Y,R31
0000b3 93ea      	ST   -Y,R30
0000b4 dfe1      	RCALL _WRITE_REG
                 ; 0000 009B     };
0000b5 9433      	INC  R3
0000b6 cfef      	RJMP _0x24
                 _0x25:
                 ; 0000 009C 
                 ; 0000 009D 
                 ; 0000 009E 
                 ; 0000 009F  }
0000b7 9508      	RET
                 ;//********************************************************************************************
                 ;void WRITE_PATABLE(void)    //Запись таблицы мощности
                 ; 0000 00A2 {
                 _WRITE_PATABLE:
                 ; 0000 00A3 PORTA.3=0; // SPI_SS ON
0000b8 98db      	CBI  0x1B,3
                 ; 0000 00A4    while(PINA.6==1); //Ждем 0 на MISO
                 _0x28:
0000b9 99ce      	SBIC 0x19,6
0000ba cffe      	RJMP _0x28
                 ; 0000 00A5 WRITE_REG(0x3EC0);         //Запись значения выходной мощности передатчика +1dbm
0000bb ece0      	LDI  R30,LOW(16064)
0000bc e3fe      	LDI  R31,HIGH(16064)
0000bd d077      	RCALL SUBOPT_0x1
0000be dfd7      	RCALL _WRITE_REG
                 ; 0000 00A6    PORTA.3=1; // SPI_SS OFF
                 _0x2080002:
0000bf 9adb      	SBI  0x1B,3
                 ; 0000 00A7 }
0000c0 9508      	RET
                 ;//*********************************************************************************************
                 ;void STROB(unsigned char strob)  //Запись строб-команды
                 ; 0000 00AA {
                 _STROB:
                 ; 0000 00AB PORTA.3=0; // SPI_SS ON
                 ;	strob -> Y+0
0000c1 98db      	CBI  0x1B,3
                 ; 0000 00AC  while(PINA.6==1); //Ждем 0 на MISO
                 _0x2F:
0000c2 99ce      	SBIC 0x19,6
0000c3 cffe      	RJMP _0x2F
                 ; 0000 00AD  SPI_SEND(strob);
0000c4 81e8      	LD   R30,Y
0000c5 d06d      	RCALL SUBOPT_0x0
                 ; 0000 00AE   PORTA.3=1; // SPI_SS OFF
0000c6 9adb      	SBI  0x1B,3
                 ; 0000 00AF }
                 _0x2080001:
0000c7 9621      	ADIW R28,1
0000c8 9508      	RET
                 ;//******************************************************************************************
                 ;unsigned char STATUS(void)
                 ; 0000 00B2 { unsigned char st;
                 ; 0000 00B3 PORTA.3=0; // SPI_SS ON
                 ;	st -> R17
                 ; 0000 00B4 while(PINA.6==1); //Ждем 0 на MISO
                 ; 0000 00B5 st=SPI_SEND(SNOP);
                 ; 0000 00B6 PORTA.3=1; // SPI_SS OFF
                 ; 0000 00B7 return st;
                 ; 0000 00B8 }
                 ;//*******************************************************************************************
                 ;//===========================ПРЕРЫВАНИЯ======================================================
                 ;// Timer 0 output compare A interrupt service routine
                 ;interrupt [TIM0_COMPA] void timer0_compa_isr(void)    //Прерывание по совпадению таймера
                 ; 0000 00BD {
                 _timer0_compa_isr:
                 ; 0000 00BE USICR |= (1<<USITC); // Задание тактового импульса
0000c9 9a68      	SBI  0xD,0
                 ; 0000 00BF 
                 ; 0000 00C0 }
0000ca 9518      	RETI
                 ;
                 ;//============================================================================================
                 ;//+++++++++++++++++++ОСНОВНАЯ ФУНКЦИЯ ПРОГРАММЫ ++++++++++++++++++++++++++++++++++++++++++++++
                 ;//=============================================================================================
                 ;void main(void)
                 ; 0000 00C6 {
                 _main:
                 ; 0000 00C7 // Declare your local variables here
                 ; 0000 00C8 
                 ; 0000 00C9 // Crystal Oscillator division factor: 1
                 ; 0000 00CA #pragma optsize-
                 ; 0000 00CB CLKPR=0x80;
0000cb e8e0      	LDI  R30,LOW(128)
0000cc bde6      	OUT  0x26,R30
                 ; 0000 00CC CLKPR=0x00;
0000cd e0e0      	LDI  R30,LOW(0)
0000ce bde6      	OUT  0x26,R30
                 ; 0000 00CD #ifdef _OPTIMIZE_SIZE_
                 ; 0000 00CE #pragma optsize+
                 ; 0000 00CF #endif
                 ; 0000 00D0 
                 ; 0000 00D1 // Input/Output Ports initialization
                 ; 0000 00D2 // Port A initialization
                 ; 0000 00D3 // Func7=Out Func6=In Func5=Out Func4=Out Func3=Out Func2=Out Func1=In Func0=In
                 ; 0000 00D4 // State7=0 State6=T State5=0 State4=0 State3=1 State2=0 State1=T State0=T
                 ; 0000 00D5 PORTA=0x08;
0000cf e0e8      	LDI  R30,LOW(8)
0000d0 bbeb      	OUT  0x1B,R30
                 ; 0000 00D6 DDRA=0xBC;
0000d1 ebec      	LDI  R30,LOW(188)
0000d2 bbea      	OUT  0x1A,R30
                 ; 0000 00D7 
                 ; 0000 00D8 // Port B initialization
                 ; 0000 00D9 // Func3=In Func2=In Func1=In Func0=In
                 ; 0000 00DA // State3=T State2=T State1=P State0=P
                 ; 0000 00DB PORTB=0x03;
0000d3 e0e3      	LDI  R30,LOW(3)
0000d4 bbe8      	OUT  0x18,R30
                 ; 0000 00DC DDRB=0x00;
0000d5 e0e0      	LDI  R30,LOW(0)
0000d6 bbe7      	OUT  0x17,R30
                 ; 0000 00DD 
                 ; 0000 00DE // Timer/Counter 0 initialization
                 ; 0000 00DF // Clock source: System Clock
                 ; 0000 00E0 // Clock value: 8000,000 kHz
                 ; 0000 00E1 // Mode: Normal top=0xFF
                 ; 0000 00E2 // OC0A output: Disconnected
                 ; 0000 00E3 // OC0B output: Disconnected
                 ; 0000 00E4 TCCR0A=0x00;
0000d7 bfe0      	OUT  0x30,R30
                 ; 0000 00E5 TCCR0B=0x01;
0000d8 e0e1      	LDI  R30,LOW(1)
0000d9 bfe3      	OUT  0x33,R30
                 ; 0000 00E6 TCNT0=0x00;
0000da e0e0      	LDI  R30,LOW(0)
0000db bfe2      	OUT  0x32,R30
                 ; 0000 00E7 OCR0A=0x1F;
0000dc e1ef      	LDI  R30,LOW(31)
0000dd bfe6      	OUT  0x36,R30
                 ; 0000 00E8 OCR0B=0x00;
0000de e0e0      	LDI  R30,LOW(0)
0000df bfec      	OUT  0x3C,R30
                 ; 0000 00E9 
                 ; 0000 00EA // Timer/Counter 1 initialization
                 ; 0000 00EB // Clock source: System Clock
                 ; 0000 00EC // Clock value: Timer1 Stopped
                 ; 0000 00ED // Mode: Normal top=0xFFFF
                 ; 0000 00EE // OC1A output: Discon.
                 ; 0000 00EF // OC1B output: Discon.
                 ; 0000 00F0 // Noise Canceler: Off
                 ; 0000 00F1 // Input Capture on Falling Edge
                 ; 0000 00F2 // Timer1 Overflow Interrupt: Off
                 ; 0000 00F3 // Input Capture Interrupt: Off
                 ; 0000 00F4 // Compare A Match Interrupt: Off
                 ; 0000 00F5 // Compare B Match Interrupt: Off
                 ; 0000 00F6 TCCR1A=0x00;
0000e0 bdef      	OUT  0x2F,R30
                 ; 0000 00F7 TCCR1B=0x00;
0000e1 bdee      	OUT  0x2E,R30
                 ; 0000 00F8 TCNT1H=0x00;
0000e2 bded      	OUT  0x2D,R30
                 ; 0000 00F9 TCNT1L=0x00;
0000e3 bdec      	OUT  0x2C,R30
                 ; 0000 00FA ICR1H=0x00;
0000e4 bde5      	OUT  0x25,R30
                 ; 0000 00FB ICR1L=0x00;
0000e5 bde4      	OUT  0x24,R30
                 ; 0000 00FC OCR1AH=0x00;
0000e6 bdeb      	OUT  0x2B,R30
                 ; 0000 00FD OCR1AL=0x00;
0000e7 bdea      	OUT  0x2A,R30
                 ; 0000 00FE OCR1BH=0x00;
0000e8 bde9      	OUT  0x29,R30
                 ; 0000 00FF OCR1BL=0x00;
0000e9 bde8      	OUT  0x28,R30
                 ; 0000 0100 
                 ; 0000 0101 // External Interrupt(s) initialization
                 ; 0000 0102 // INT0: Off
                 ; 0000 0103 // Interrupt on any change on pins PCINT0-7: Off
                 ; 0000 0104 // Interrupt on any change on pins PCINT8-11: Off
                 ; 0000 0105 MCUCR=0x00;
0000ea bfe5      	OUT  0x35,R30
                 ; 0000 0106 GIMSK=0x00;
0000eb bfeb      	OUT  0x3B,R30
                 ; 0000 0107 
                 ; 0000 0108 // Timer/Counter 0 Interrupt(s) initialization
                 ; 0000 0109 TIMSK0=0x02;
0000ec e0e2      	LDI  R30,LOW(2)
0000ed bfe9      	OUT  0x39,R30
                 ; 0000 010A 
                 ; 0000 010B // Timer/Counter 1 Interrupt(s) initialization
                 ; 0000 010C TIMSK1=0x00;
0000ee e0e0      	LDI  R30,LOW(0)
0000ef b9ec      	OUT  0xC,R30
                 ; 0000 010D 
                 ; 0000 010E // Universal Serial Interface initialization
                 ; 0000 010F // Mode: Three Wire (SPI)
                 ; 0000 0110 // Clock source: Reg.=ext. pos. edge, Cnt.=USITC
                 ; 0000 0111 // USI Counter Overflow Interrupt: Off
                 ; 0000 0112 USICR=0x1A;
0000f0 e1ea      	LDI  R30,LOW(26)
0000f1 b9ed      	OUT  0xD,R30
                 ; 0000 0113 
                 ; 0000 0114 // Analog Comparator initialization
                 ; 0000 0115 // Analog Comparator: Off
                 ; 0000 0116 // Analog Comparator Input Capture by Timer/Counter 1: Off
                 ; 0000 0117 ACSR=0x80;
0000f2 e8e0      	LDI  R30,LOW(128)
0000f3 b9e8      	OUT  0x8,R30
                 ; 0000 0118 ADCSRB=0x00;
0000f4 e0e0      	LDI  R30,LOW(0)
0000f5 b9e3      	OUT  0x3,R30
                 ; 0000 0119 DIDR0=0x00;
0000f6 b9e1      	OUT  0x1,R30
                 ; 0000 011A 
                 ; 0000 011B // ADC initialization
                 ; 0000 011C // ADC disabled
                 ; 0000 011D ADCSRA=0x00;
0000f7 b9e6      	OUT  0x6,R30
                 ; 0000 011E 
                 ; 0000 011F // Global enable interrupts
                 ; 0000 0120 #asm("sei")
0000f8 9478      	sei
                 ; 0000 0121 
                 ; 0000 0122 while (1)
                 ; 0000 0123       {
                 ; 0000 0124 
                 ; 0000 0125       PORTA.2=1; //Светодиод 1
0000f9 9ada      	SBI  0x1B,2
                 ; 0000 0126       PORTA.7=0; //Светодиод 2
0000fa 98df      	CBI  0x1B,7
                 ; 0000 0127       delay_ms(1000);
0000fb eee8      	LDI  R30,LOW(1000)
0000fc e0f3      	LDI  R31,HIGH(1000)
0000fd d03a      	RCALL SUBOPT_0x2
                 ; 0000 0128 
                 ; 0000 0129       RESET_TR();
0000fe df83      	RCALL _RESET_TR
                 ; 0000 012A       delay_ms(10);
0000ff e0ea      	LDI  R30,LOW(10)
000100 e0f0      	LDI  R31,HIGH(10)
000101 d036      	RCALL SUBOPT_0x2
                 ; 0000 012B       INIT_TR();
000102 dfa2      	RCALL _INIT_TR
                 ; 0000 012C       WRITE_PATABLE();
000103 dfb4      	RCALL _WRITE_PATABLE
                 ; 0000 012D 
                 ; 0000 012E m:    PORTA.2=0; //Светодиод 1
                 _0x42:
000104 98da      	CBI  0x1B,2
                 ; 0000 012F       PORTA.7=0; //Светодиод 2
000105 98df      	CBI  0x1B,7
                 ; 0000 0130       STROB(SIDLE);
000106 e3e6      	LDI  R30,LOW(54)
000107 d032      	RCALL SUBOPT_0x3
                 ; 0000 0131       STROB(SFRX);
000108 e3ea      	LDI  R30,LOW(58)
000109 d030      	RCALL SUBOPT_0x3
                 ; 0000 0132       STROB(SFTX);
00010a e3eb      	LDI  R30,LOW(59)
00010b d02e      	RCALL SUBOPT_0x3
                 ; 0000 0133       delay_ms(1);
00010c e0e1      	LDI  R30,LOW(1)
00010d e0f0      	LDI  R31,HIGH(1)
00010e d029      	RCALL SUBOPT_0x2
                 ; 0000 0134       //STAT[0]=STATUS();
                 ; 0000 0135 
                 ; 0000 0136 
                 ; 0000 0137       PORTA.3=0; // SPI_SS ON
00010f 98db      	CBI  0x1B,3
                 ; 0000 0138      while(PINA.6==1); //Ждем 0 на MISO
                 _0x49:
000110 99ce      	SBIC 0x19,6
000111 cffe      	RJMP _0x49
                 ; 0000 0139       SPI_SEND(0x7F);
000112 e7ef      	LDI  R30,LOW(127)
000113 d01f      	RCALL SUBOPT_0x0
                 ; 0000 013A       SPI_SEND(0x0A);
000114 e0ea      	LDI  R30,LOW(10)
000115 d01d      	RCALL SUBOPT_0x0
                 ; 0000 013B       SPI_SEND('S');
000116 e5e3      	LDI  R30,LOW(83)
000117 d01b      	RCALL SUBOPT_0x0
                 ; 0000 013C       SPI_SEND('E');
000118 e4e5      	LDI  R30,LOW(69)
000119 d019      	RCALL SUBOPT_0x0
                 ; 0000 013D       SPI_SEND('X');
00011a e5e8      	LDI  R30,LOW(88)
00011b d017      	RCALL SUBOPT_0x0
                 ; 0000 013E       SPI_SEND('O');
00011c e4ef      	LDI  R30,LOW(79)
00011d d015      	RCALL SUBOPT_0x0
                 ; 0000 013F       SPI_SEND('N');
00011e e4ee      	LDI  R30,LOW(78)
00011f d013      	RCALL SUBOPT_0x0
                 ; 0000 0140       SPI_SEND('I');
000120 e4e9      	LDI  R30,LOW(73)
000121 d011      	RCALL SUBOPT_0x0
                 ; 0000 0141       SPI_SEND('X');
000122 e5e8      	LDI  R30,LOW(88)
000123 d00f      	RCALL SUBOPT_0x0
                 ; 0000 0142       PORTA.3=1; // SPI_SS OFF
000124 9adb      	SBI  0x1B,3
                 ; 0000 0143       STROB(STX);
000125 e3e5      	LDI  R30,LOW(53)
000126 d013      	RCALL SUBOPT_0x3
                 ; 0000 0144 
                 ; 0000 0145 
                 ; 0000 0146      // PORTA.2=0; //Светодиод 1
                 ; 0000 0147      // PORTA.7=1; //Светодиод 2
                 ; 0000 0148 
                 ; 0000 0149 
                 ; 0000 014A       while(PINA.0==0);
                 _0x4E:
000127 9bc8      	SBIS 0x19,0
000128 cffe      	RJMP _0x4E
                 ; 0000 014B       while(PINA.0==1);
                 _0x51:
000129 99c8      	SBIC 0x19,0
00012a cffe      	RJMP _0x51
                 ; 0000 014C       PORTA.2=1; //Светодиод 1
00012b 9ada      	SBI  0x1B,2
                 ; 0000 014D       PORTA.7=0; //Светодиод 2
00012c 98df      	CBI  0x1B,7
                 ; 0000 014E             /*
                 ; 0000 014F       STROB(SIDLE);
                 ; 0000 0150       FREQ.b[1]=READ_REG(0x0E);
                 ; 0000 0151       FREQ.b[0]=READ_REG(0x0F);
                 ; 0000 0152       FREQ.buf= FREQ.buf-10;
                 ; 0000 0153     //  if(FREQ.b[1]==0xFF) while(1);
                 ; 0000 0154       FR1.b[1]=0x0E;
                 ; 0000 0155       FR1.b[0]=FREQ.b[1];
                 ; 0000 0156       WRITE_REG(FR1.buf);
                 ; 0000 0157       FR0.b[1]=0x0F;
                 ; 0000 0158       FR0.b[0]=FREQ.b[0];
                 ; 0000 0159       WRITE_REG(FR0.buf);
                 ; 0000 015A       STROB(SCAL);
                 ; 0000 015B       STAT[1]=FREQ.b[1];
                 ; 0000 015C       STAT[2]=FREQ.b[0];
                 ; 0000 015D       */
                 ; 0000 015E       delay_ms(500);
00012d efe4      	LDI  R30,LOW(500)
00012e e0f1      	LDI  R31,HIGH(500)
00012f d008      	RCALL SUBOPT_0x2
                 ; 0000 015F       goto m;
000130 cfd3      	RJMP _0x42
                 ; 0000 0160       while(1);
                 _0x58:
000131 cfff      	RJMP _0x58
                 ; 0000 0161       }
                 ; 0000 0162 }
                 _0x5B:
000132 cfff      	RJMP _0x5B
                 
                 	.CSEG
                 
                 	.CSEG
                 
                 	.DSEG
                 
                 	.CSEG
                 
                 	.CSEG
                 
                 	.CSEG
                 
                 	.DSEG
                 __seed_G101:
0000a0           	.BYTE 0x4
                 
                 	.CSEG
                 ;OPTIMIZER ADDED SUBROUTINE, CALLED 13 TIMES, CODE SIZE REDUCTION:10 WORDS
                 SUBOPT_0x0:
000133 93ea      	ST   -Y,R30
000134 cf3d      	RJMP _SPI_SEND
                 
                 ;OPTIMIZER ADDED SUBROUTINE, CALLED 5 TIMES, CODE SIZE REDUCTION:2 WORDS
                 SUBOPT_0x1:
000135 93fa      	ST   -Y,R31
000136 93ea      	ST   -Y,R30
000137 9508      	RET
                 
                 ;OPTIMIZER ADDED SUBROUTINE, CALLED 4 TIMES, CODE SIZE REDUCTION:1 WORDS
                 SUBOPT_0x2:
000138 dffc      	RCALL SUBOPT_0x1
000139 c002      	RJMP _delay_ms
                 
                 ;OPTIMIZER ADDED SUBROUTINE, CALLED 4 TIMES, CODE SIZE REDUCTION:1 WORDS
                 SUBOPT_0x3:
00013a 93ea      	ST   -Y,R30
00013b cf85      	RJMP _STROB
                 
                 
                 	.CSEG
                 _delay_ms:
00013c 91e9      	ld   r30,y+
00013d 91f9      	ld   r31,y+
00013e 9630      	adiw r30,0
00013f f039      	breq __delay_ms1
                 __delay_ms0:
                +
000140 ed80     +LDI R24 , LOW ( 0x7D0 )
000141 e097     +LDI R25 , HIGH ( 0x7D0 )
                +__DELAY_USW_LOOP :
000142 9701     +SBIW R24 , 1
000143 f7f1     +BRNE __DELAY_USW_LOOP
                 	__DELAY_USW 0x7D0
000144 95a8      	wdr
000145 9731      	sbiw r30,1
000146 f7c9      	brne __delay_ms0
                 __delay_ms1:
000147 9508      	ret
                 
                 __GETW1PF:
000148 9005      	LPM  R0,Z+
000149 91f4      	LPM  R31,Z
00014a 2de0      	MOV  R30,R0
00014b 9508      	RET
                 
                 ;END OF CODE MARKER
                 __END_OF_CODE:


RESOURCE USE INFORMATION
------------------------

Notice:
The register and instruction counts are symbol table hit counts,
and hence implicitly used resources are not counted, eg, the
'lpm' instruction without operands implicitly uses r0 and z,
none of which are counted.

x,y,z are separate entities in the symbol table and are
counted separately from r26..r31 here.

.dseg memory usage only counts static data declared with .byte

ATtiny44 register use summary:
r0 :   6 r1 :   1 r2 :   0 r3 :   4 r4 :   0 r5 :   0 r6 :   0 r7 :   0 
r8 :   0 r9 :   0 r10:   0 r11:   0 r12:   0 r13:   0 r14:   0 r15:   0 
r16:   0 r17:   0 r18:   0 r19:   0 r20:   0 r21:   0 r22:   2 r23:   0 
r24:  13 r25:   3 r26:   8 r27:   4 r28:   4 r29:   1 r30: 117 r31:  17 
x  :   3 y  :  16 z  :   9 
Registers used: 15 out of 35 (42.9%)

ATtiny44 instruction use summary:
.lds  :   0 .lds.l:   0 .sts  :   0 .sts.l:   0 adc   :   1 add   :   1 
adiw  :   3 and   :   0 andi  :   0 asr   :   0 bclr  :   0 bld   :   0 
brbc  :   0 brbs  :   0 brcc  :   0 brcs  :   0 break :   0 breq  :   2 
brge  :   0 brhc  :   0 brhs  :   0 brid  :   0 brie  :   0 brlo  :   0 
brlt  :   0 brmi  :   0 brne  :   7 brpl  :   0 brsh  :   1 brtc  :   0 
brts  :   0 brvc  :   0 brvs  :   0 bset  :   0 bst   :   0 cbi   :  11 
cbr   :   1 clc   :   0 clh   :   0 cli   :   1 cln   :   0 clr   :   3 
cls   :   0 clt   :   0 clv   :   0 clz   :   0 com   :   0 cp    :   1 
cpc   :   0 cpi   :   0 cpse  :   0 dec   :   3 des   :   0 eor   :   0 
fmul  :   0 fmuls :   0 fmulsu:   0 icall :   0 ijmp  :   0 in    :   4 
inc   :   1 ld    :   5 ldd   :   3 ldi   :  64 lds   :   0 lpm   :  10 
lsl   :   1 lsr   :   0 mov   :   2 movw  :   3 mul   :   0 muls  :   0 
mulsu :   0 neg   :   0 nop   :   0 or    :   0 ori   :   2 out   :  47 
pop   :   0 push  :   0 rcall :  29 ret   :   7 reti  :   1 rjmp  :  36 
rol   :   1 ror   :   0 sbc   :   0 sbci  :   0 sbi   :   9 sbic  :   6 
sbis  :   2 sbiw  :   6 sbr   :   0 sbrc  :   0 sbrs  :   0 sec   :   0 
seh   :   0 sei   :   1 sen   :   0 ser   :   0 ses   :   0 set   :   0 
sev   :   0 sez   :   0 sleep :   0 spm   :   0 st    :  10 std   :   1 
sts   :   0 sub   :   0 subi  :   0 swap  :   0 tst   :   0 wdr   :   2 

Instructions used: 36 out of 114 (31.6%)

ATtiny44 memory use summary [bytes]:
Segment   Begin    End      Code   Data   Used    Size   Use%
---------------------------------------------------------------
[.cseg] 0x000000 0x000298    574     90    664    4096  16.2%
[.dseg] 0x000060 0x0000a4      0      4      4     351   1.1%
[.eseg] 0x000000 0x000000      0      0      0     256   0.0%

Assembly complete, 0 errors, 3 warnings
