RAM Allocation
Variable                                                          Address   Size
--------------------------------------------------------------------------------
NR                                                                0x008F      12
rx_buffer                                                         0x009B      50

EEPROM Allocation
Variable                                                          Address   Size
--------------------------------------------------------------------------------

Register Allocation
Variable                                                          Register  Size
--------------------------------------------------------------------------------
z                                                                 R3           1
i                                                                 R2           1
rx_wr_index                                                       R5           1
rx_rd_index                                                       R4           1
rx_counter                                                        R7           1
rx_buffer_overflow                                                GPIOR0.0  1bit
