RAM Allocation
Variable                                                          Address   Size
--------------------------------------------------------------------------------
rx_buffer                                                         0x01B6     512
NR                                                                0x03B6      12
SPI_buffer                                                        0x03C2      64
_seed                                                             0x0402       4

EEPROM Allocation
Variable                                                          Address   Size
--------------------------------------------------------------------------------
OP                                                                0x0000       1
STAT                                                              0x0001     256

Register Allocation
Variable                                                          Register  Size
--------------------------------------------------------------------------------
rx_wr_index                                                       R4,R5        2
z                                                                 R7           1
i                                                                 R8,R9        2
x                                                                 R10,R11      2
