
AVRASM ver. 2.1.30  E:\AVR\SD-N\List\SD-N.asm Thu Sep 15 19:36:22 2011

E:\AVR\SD-N\List\SD-N.asm(961): warning: Register r3 already defined by the .DEF directive
E:\AVR\SD-N\List\SD-N.asm(962): warning: Register r2 already defined by the .DEF directive
E:\AVR\SD-N\List\SD-N.asm(963): warning: Register r5 already defined by the .DEF directive
E:\AVR\SD-N\List\SD-N.asm(964): warning: Register r4 already defined by the .DEF directive
E:\AVR\SD-N\List\SD-N.asm(965): warning: Register r7 already defined by the .DEF directive
                 
                 
                 ;CodeVisionAVR C Compiler V2.05.0 Professional
                 ;(C) Copyright 1998-2010 Pavel Haiduc, HP InfoTech s.r.l.
                 ;http://www.hpinfotech.com
                 
                 ;Chip type                : ATtiny2313
                 ;Program type             : Application
                 ;Clock frequency          : 3,686400 MHz
                 ;Memory model             : Tiny
                 ;Optimize for             : Size
                 ;(s)printf features       : int, width
                 ;(s)scanf features        : int, width
                 ;External RAM size        : 0
                 ;Data Stack size          : 36 byte(s)
                 ;Heap size                : 0 byte(s)
                 ;Promote 'char' to 'int'  : Yes
                 ;'char' is unsigned       : Yes
                 ;8 bit enums              : Yes
                 ;global 'const' stored in FLASH: No
                 ;Enhanced core instructions    : On
                 ;Smart register allocation     : On
                 ;Automatic register allocation : On
                 
                 	#pragma AVRPART ADMIN PART_NAME ATtiny2313
                 	#pragma AVRPART MEMORY PROG_FLASH 2048
                 	#pragma AVRPART MEMORY EEPROM 128
                 	#pragma AVRPART MEMORY INT_SRAM SIZE 223
                 	#pragma AVRPART MEMORY INT_SRAM START_ADDR 0x60
                 
                 	.LISTMAC
                 	.EQU UDRE=0x5
                 	.EQU RXC=0x7
                 	.EQU USR=0xB
                 	.EQU UDR=0xC
                 	.EQU EERE=0x0
                 	.EQU EEWE=0x1
                 	.EQU EEMWE=0x2
                 	.EQU EECR=0x1C
                 	.EQU EEDR=0x1D
                 	.EQU EEARL=0x1E
                 	.EQU WDTCR=0x21
                 	.EQU MCUSR=0x34
                 	.EQU MCUCR=0x35
                 	.EQU SPL=0x3D
                 	.EQU SREG=0x3F
                 	.EQU GPIOR0=0x13
                 	.EQU GPIOR1=0x14
                 	.EQU GPIOR2=0x15
                 
                 	.DEF R0X0=R0
                 	.DEF R0X1=R1
                 	.DEF R0X2=R2
                 	.DEF R0X3=R3
                 	.DEF R0X4=R4
                 	.DEF R0X5=R5
                 	.DEF R0X6=R6
                 	.DEF R0X7=R7
                 	.DEF R0X8=R8
                 	.DEF R0X9=R9
                 	.DEF R0XA=R10
                 	.DEF R0XB=R11
                 	.DEF R0XC=R12
                 	.DEF R0XD=R13
                 	.DEF R0XE=R14
                 	.DEF R0XF=R15
                 	.DEF R0X10=R16
                 	.DEF R0X11=R17
                 	.DEF R0X12=R18
                 	.DEF R0X13=R19
                 	.DEF R0X14=R20
                 	.DEF R0X15=R21
                 	.DEF R0X16=R22
                 	.DEF R0X17=R23
                 	.DEF R0X18=R24
                 	.DEF R0X19=R25
                 	.DEF R0X1A=R26
                 	.DEF R0X1B=R27
                 	.DEF R0X1C=R28
                 	.DEF R0X1D=R29
                 	.DEF R0X1E=R30
                 	.DEF R0X1F=R31
                 
                 	.EQU __SRAM_START=0x0060
                 	.EQU __SRAM_END=0x00DF
                 	.EQU __DSTACK_SIZE=0x0024
                 	.EQU __HEAP_SIZE=0x0000
                 	.EQU __CLEAR_SRAM_SIZE=__SRAM_END-__SRAM_START+1
                 
                 	.MACRO __CPD1N
                 	CPI  R30,LOW(@0)
                 	LDI  R26,HIGH(@0)
                 	CPC  R31,R26
                 	LDI  R26,BYTE3(@0)
                 	CPC  R22,R26
                 	LDI  R26,BYTE4(@0)
                 	CPC  R23,R26
                 	.ENDM
                 
                 	.MACRO __CPD2N
                 	CPI  R26,LOW(@0)
                 	LDI  R30,HIGH(@0)
                 	CPC  R27,R30
                 	LDI  R30,BYTE3(@0)
                 	CPC  R24,R30
                 	LDI  R30,BYTE4(@0)
                 	CPC  R25,R30
                 	.ENDM
                 
                 	.MACRO __CPWRR
                 	CP   R@0,R@2
                 	CPC  R@1,R@3
                 	.ENDM
                 
                 	.MACRO __CPWRN
                 	CPI  R@0,LOW(@2)
                 	LDI  R30,HIGH(@2)
                 	CPC  R@1,R30
                 	.ENDM
                 
                 	.MACRO __ADDB1MN
                 	SUBI R30,LOW(-@0-(@1))
                 	.ENDM
                 
                 	.MACRO __ADDB2MN
                 	SUBI R26,LOW(-@0-(@1))
                 	.ENDM
                 
                 	.MACRO __ADDW1MN
                 	SUBI R30,LOW(-@0-(@1))
                 	SBCI R31,HIGH(-@0-(@1))
                 	.ENDM
                 
                 	.MACRO __ADDW2MN
                 	SUBI R26,LOW(-@0-(@1))
                 	SBCI R27,HIGH(-@0-(@1))
                 	.ENDM
                 
                 	.MACRO __ADDW1FN
                 	SUBI R30,LOW(-2*@0-(@1))
                 	SBCI R31,HIGH(-2*@0-(@1))
                 	.ENDM
                 
                 	.MACRO __ADDD1FN
                 	SUBI R30,LOW(-2*@0-(@1))
                 	SBCI R31,HIGH(-2*@0-(@1))
                 	SBCI R22,BYTE3(-2*@0-(@1))
                 	.ENDM
                 
                 	.MACRO __ADDD1N
                 	SUBI R30,LOW(-@0)
                 	SBCI R31,HIGH(-@0)
                 	SBCI R22,BYTE3(-@0)
                 	SBCI R23,BYTE4(-@0)
                 	.ENDM
                 
                 	.MACRO __ADDD2N
                 	SUBI R26,LOW(-@0)
                 	SBCI R27,HIGH(-@0)
                 	SBCI R24,BYTE3(-@0)
                 	SBCI R25,BYTE4(-@0)
                 	.ENDM
                 
                 	.MACRO __SUBD1N
                 	SUBI R30,LOW(@0)
                 	SBCI R31,HIGH(@0)
                 	SBCI R22,BYTE3(@0)
                 	SBCI R23,BYTE4(@0)
                 	.ENDM
                 
                 	.MACRO __SUBD2N
                 	SUBI R26,LOW(@0)
                 	SBCI R27,HIGH(@0)
                 	SBCI R24,BYTE3(@0)
                 	SBCI R25,BYTE4(@0)
                 	.ENDM
                 
                 	.MACRO __ANDBMNN
                 	LDS  R30,@0+(@1)
                 	ANDI R30,LOW(@2)
                 	STS  @0+(@1),R30
                 	.ENDM
                 
                 	.MACRO __ANDWMNN
                 	LDS  R30,@0+(@1)
                 	ANDI R30,LOW(@2)
                 	STS  @0+(@1),R30
                 	LDS  R30,@0+(@1)+1
                 	ANDI R30,HIGH(@2)
                 	STS  @0+(@1)+1,R30
                 	.ENDM
                 
                 	.MACRO __ANDD1N
                 	ANDI R30,LOW(@0)
                 	ANDI R31,HIGH(@0)
                 	ANDI R22,BYTE3(@0)
                 	ANDI R23,BYTE4(@0)
                 	.ENDM
                 
                 	.MACRO __ANDD2N
                 	ANDI R26,LOW(@0)
                 	ANDI R27,HIGH(@0)
                 	ANDI R24,BYTE3(@0)
                 	ANDI R25,BYTE4(@0)
                 	.ENDM
                 
                 	.MACRO __ORBMNN
                 	LDS  R30,@0+(@1)
                 	ORI  R30,LOW(@2)
                 	STS  @0+(@1),R30
                 	.ENDM
                 
                 	.MACRO __ORWMNN
                 	LDS  R30,@0+(@1)
                 	ORI  R30,LOW(@2)
                 	STS  @0+(@1),R30
                 	LDS  R30,@0+(@1)+1
                 	ORI  R30,HIGH(@2)
                 	STS  @0+(@1)+1,R30
                 	.ENDM
                 
                 	.MACRO __ORD1N
                 	ORI  R30,LOW(@0)
                 	ORI  R31,HIGH(@0)
                 	ORI  R22,BYTE3(@0)
                 	ORI  R23,BYTE4(@0)
                 	.ENDM
                 
                 	.MACRO __ORD2N
                 	ORI  R26,LOW(@0)
                 	ORI  R27,HIGH(@0)
                 	ORI  R24,BYTE3(@0)
                 	ORI  R25,BYTE4(@0)
                 	.ENDM
                 
                 	.MACRO __DELAY_USB
                 	LDI  R24,LOW(@0)
                 __DELAY_USB_LOOP:
                 	DEC  R24
                 	BRNE __DELAY_USB_LOOP
                 	.ENDM
                 
                 	.MACRO __DELAY_USW
                 	LDI  R24,LOW(@0)
                 	LDI  R25,HIGH(@0)
                 __DELAY_USW_LOOP:
                 	SBIW R24,1
                 	BRNE __DELAY_USW_LOOP
                 	.ENDM
                 
                 	.MACRO __GETD1S
                 	LDD  R30,Y+@0
                 	LDD  R31,Y+@0+1
                 	LDD  R22,Y+@0+2
                 	LDD  R23,Y+@0+3
                 	.ENDM
                 
                 	.MACRO __GETD2S
                 	LDD  R26,Y+@0
                 	LDD  R27,Y+@0+1
                 	LDD  R24,Y+@0+2
                 	LDD  R25,Y+@0+3
                 	.ENDM
                 
                 	.MACRO __PUTD1S
                 	STD  Y+@0,R30
                 	STD  Y+@0+1,R31
                 	STD  Y+@0+2,R22
                 	STD  Y+@0+3,R23
                 	.ENDM
                 
                 	.MACRO __PUTD2S
                 	STD  Y+@0,R26
                 	STD  Y+@0+1,R27
                 	STD  Y+@0+2,R24
                 	STD  Y+@0+3,R25
                 	.ENDM
                 
                 	.MACRO __PUTDZ2
                 	STD  Z+@0,R26
                 	STD  Z+@0+1,R27
                 	STD  Z+@0+2,R24
                 	STD  Z+@0+3,R25
                 	.ENDM
                 
                 	.MACRO __CLRD1S
                 	STD  Y+@0,R30
                 	STD  Y+@0+1,R30
                 	STD  Y+@0+2,R30
                 	STD  Y+@0+3,R30
                 	.ENDM
                 
                 	.MACRO __POINTB1MN
                 	LDI  R30,LOW(@0+(@1))
                 	.ENDM
                 
                 	.MACRO __POINTW1MN
                 	LDI  R30,LOW(@0+(@1))
                 	LDI  R31,HIGH(@0+(@1))
                 	.ENDM
                 
                 	.MACRO __POINTD1M
                 	LDI  R30,LOW(@0)
                 	LDI  R31,HIGH(@0)
                 	LDI  R22,BYTE3(@0)
                 	LDI  R23,BYTE4(@0)
                 	.ENDM
                 
                 	.MACRO __POINTW1FN
                 	LDI  R30,LOW(2*@0+(@1))
                 	LDI  R31,HIGH(2*@0+(@1))
                 	.ENDM
                 
                 	.MACRO __POINTD1FN
                 	LDI  R30,LOW(2*@0+(@1))
                 	LDI  R31,HIGH(2*@0+(@1))
                 	LDI  R22,BYTE3(2*@0+(@1))
                 	LDI  R23,BYTE4(2*@0+(@1))
                 	.ENDM
                 
                 	.MACRO __POINTB2MN
                 	LDI  R26,LOW(@0+(@1))
                 	.ENDM
                 
                 	.MACRO __POINTW2MN
                 	LDI  R26,LOW(@0+(@1))
                 	LDI  R27,HIGH(@0+(@1))
                 	.ENDM
                 
                 	.MACRO __POINTBRM
                 	LDI  R@0,LOW(@1)
                 	.ENDM
                 
                 	.MACRO __POINTWRM
                 	LDI  R@0,LOW(@2)
                 	LDI  R@1,HIGH(@2)
                 	.ENDM
                 
                 	.MACRO __POINTBRMN
                 	LDI  R@0,LOW(@1+(@2))
                 	.ENDM
                 
                 	.MACRO __POINTWRMN
                 	LDI  R@0,LOW(@2+(@3))
                 	LDI  R@1,HIGH(@2+(@3))
                 	.ENDM
                 
                 	.MACRO __POINTWRFN
                 	LDI  R@0,LOW(@2*2+(@3))
                 	LDI  R@1,HIGH(@2*2+(@3))
                 	.ENDM
                 
                 	.MACRO __GETD1N
                 	LDI  R30,LOW(@0)
                 	LDI  R31,HIGH(@0)
                 	LDI  R22,BYTE3(@0)
                 	LDI  R23,BYTE4(@0)
                 	.ENDM
                 
                 	.MACRO __GETD2N
                 	LDI  R26,LOW(@0)
                 	LDI  R27,HIGH(@0)
                 	LDI  R24,BYTE3(@0)
                 	LDI  R25,BYTE4(@0)
                 	.ENDM
                 
                 	.MACRO __GETB1MN
                 	LDS  R30,@0+(@1)
                 	.ENDM
                 
                 	.MACRO __GETB1HMN
                 	LDS  R31,@0+(@1)
                 	.ENDM
                 
                 	.MACRO __GETW1MN
                 	LDS  R30,@0+(@1)
                 	LDS  R31,@0+(@1)+1
                 	.ENDM
                 
                 	.MACRO __GETD1MN
                 	LDS  R30,@0+(@1)
                 	LDS  R31,@0+(@1)+1
                 	LDS  R22,@0+(@1)+2
                 	LDS  R23,@0+(@1)+3
                 	.ENDM
                 
                 	.MACRO __GETBRMN
                 	LDS  R@0,@1+(@2)
                 	.ENDM
                 
                 	.MACRO __GETWRMN
                 	LDS  R@0,@2+(@3)
                 	LDS  R@1,@2+(@3)+1
                 	.ENDM
                 
                 	.MACRO __GETWRZ
                 	LDD  R@0,Z+@2
                 	LDD  R@1,Z+@2+1
                 	.ENDM
                 
                 	.MACRO __GETD2Z
                 	LDD  R26,Z+@0
                 	LDD  R27,Z+@0+1
                 	LDD  R24,Z+@0+2
                 	LDD  R25,Z+@0+3
                 	.ENDM
                 
                 	.MACRO __GETB2MN
                 	LDS  R26,@0+(@1)
                 	.ENDM
                 
                 	.MACRO __GETW2MN
                 	LDS  R26,@0+(@1)
                 	LDS  R27,@0+(@1)+1
                 	.ENDM
                 
                 	.MACRO __GETD2MN
                 	LDS  R26,@0+(@1)
                 	LDS  R27,@0+(@1)+1
                 	LDS  R24,@0+(@1)+2
                 	LDS  R25,@0+(@1)+3
                 	.ENDM
                 
                 	.MACRO __PUTB1MN
                 	STS  @0+(@1),R30
                 	.ENDM
                 
                 	.MACRO __PUTW1MN
                 	STS  @0+(@1),R30
                 	STS  @0+(@1)+1,R31
                 	.ENDM
                 
                 	.MACRO __PUTD1MN
                 	STS  @0+(@1),R30
                 	STS  @0+(@1)+1,R31
                 	STS  @0+(@1)+2,R22
                 	STS  @0+(@1)+3,R23
                 	.ENDM
                 
                 	.MACRO __PUTB1EN
                 	LDI  R26,LOW(@0+(@1))
                 	LDI  R27,HIGH(@0+(@1))
                 	RCALL __EEPROMWRB
                 	.ENDM
                 
                 	.MACRO __PUTW1EN
                 	LDI  R26,LOW(@0+(@1))
                 	LDI  R27,HIGH(@0+(@1))
                 	RCALL __EEPROMWRW
                 	.ENDM
                 
                 	.MACRO __PUTD1EN
                 	LDI  R26,LOW(@0+(@1))
                 	LDI  R27,HIGH(@0+(@1))
                 	RCALL __EEPROMWRD
                 	.ENDM
                 
                 	.MACRO __PUTBR0MN
                 	STS  @0+(@1),R0
                 	.ENDM
                 
                 	.MACRO __PUTBMRN
                 	STS  @0+(@1),R@2
                 	.ENDM
                 
                 	.MACRO __PUTWMRN
                 	STS  @0+(@1),R@2
                 	STS  @0+(@1)+1,R@3
                 	.ENDM
                 
                 	.MACRO __PUTBZR
                 	STD  Z+@1,R@0
                 	.ENDM
                 
                 	.MACRO __PUTWZR
                 	STD  Z+@2,R@0
                 	STD  Z+@2+1,R@1
                 	.ENDM
                 
                 	.MACRO __GETW1R
                 	MOV  R30,R@0
                 	MOV  R31,R@1
                 	.ENDM
                 
                 	.MACRO __GETW2R
                 	MOV  R26,R@0
                 	MOV  R27,R@1
                 	.ENDM
                 
                 	.MACRO __GETWRN
                 	LDI  R@0,LOW(@2)
                 	LDI  R@1,HIGH(@2)
                 	.ENDM
                 
                 	.MACRO __PUTW1R
                 	MOV  R@0,R30
                 	MOV  R@1,R31
                 	.ENDM
                 
                 	.MACRO __PUTW2R
                 	MOV  R@0,R26
                 	MOV  R@1,R27
                 	.ENDM
                 
                 	.MACRO __ADDWRN
                 	SUBI R@0,LOW(-@2)
                 	SBCI R@1,HIGH(-@2)
                 	.ENDM
                 
                 	.MACRO __ADDWRR
                 	ADD  R@0,R@2
                 	ADC  R@1,R@3
                 	.ENDM
                 
                 	.MACRO __SUBWRN
                 	SUBI R@0,LOW(@2)
                 	SBCI R@1,HIGH(@2)
                 	.ENDM
                 
                 	.MACRO __SUBWRR
                 	SUB  R@0,R@2
                 	SBC  R@1,R@3
                 	.ENDM
                 
                 	.MACRO __ANDWRN
                 	ANDI R@0,LOW(@2)
                 	ANDI R@1,HIGH(@2)
                 	.ENDM
                 
                 	.MACRO __ANDWRR
                 	AND  R@0,R@2
                 	AND  R@1,R@3
                 	.ENDM
                 
                 	.MACRO __ORWRN
                 	ORI  R@0,LOW(@2)
                 	ORI  R@1,HIGH(@2)
                 	.ENDM
                 
                 	.MACRO __ORWRR
                 	OR   R@0,R@2
                 	OR   R@1,R@3
                 	.ENDM
                 
                 	.MACRO __EORWRR
                 	EOR  R@0,R@2
                 	EOR  R@1,R@3
                 	.ENDM
                 
                 	.MACRO __GETWRS
                 	LDD  R@0,Y+@2
                 	LDD  R@1,Y+@2+1
                 	.ENDM
                 
                 	.MACRO __PUTBSR
                 	STD  Y+@1,R@0
                 	.ENDM
                 
                 	.MACRO __PUTWSR
                 	STD  Y+@2,R@0
                 	STD  Y+@2+1,R@1
                 	.ENDM
                 
                 	.MACRO __MOVEWRR
                 	MOV  R@0,R@2
                 	MOV  R@1,R@3
                 	.ENDM
                 
                 	.MACRO __INWR
                 	IN   R@0,@2
                 	IN   R@1,@2+1
                 	.ENDM
                 
                 	.MACRO __OUTWR
                 	OUT  @2+1,R@1
                 	OUT  @2,R@0
                 	.ENDM
                 
                 	.MACRO __CALL1MN
                 	LDS  R30,@0+(@1)
                 	LDS  R31,@0+(@1)+1
                 	ICALL
                 	.ENDM
                 
                 	.MACRO __CALL1FN
                 	LDI  R30,LOW(2*@0+(@1))
                 	LDI  R31,HIGH(2*@0+(@1))
                 	RCALL __GETW1PF
                 	ICALL
                 	.ENDM
                 
                 	.MACRO __CALL2EN
                 	LDI  R26,LOW(@0+(@1))
                 	LDI  R27,HIGH(@0+(@1))
                 	RCALL __EEPROMRDW
                 	ICALL
                 	.ENDM
                 
                 	.MACRO __GETW1STACK
                 	IN   R26,SPL
                 	IN   R27,SPH
                 	ADIW R26,@0+1
                 	LD   R30,X+
                 	LD   R31,X
                 	.ENDM
                 
                 	.MACRO __GETD1STACK
                 	IN   R26,SPL
                 	IN   R27,SPH
                 	ADIW R26,@0+1
                 	LD   R30,X+
                 	LD   R31,X+
                 	LD   R22,X
                 	.ENDM
                 
                 	.MACRO __NBST
                 	BST  R@0,@1
                 	IN   R30,SREG
                 	LDI  R31,0x40
                 	EOR  R30,R31
                 	OUT  SREG,R30
                 	.ENDM
                 
                 
                 	.MACRO __PUTB1SN
                 	LDD  R26,Y+@0
                 	SUBI R26,-@1
                 	ST   X,R30
                 	.ENDM
                 
                 	.MACRO __PUTW1SN
                 	LDD  R26,Y+@0
                 	SUBI R26,-@1
                 	ST   X+,R30
                 	ST   X,R31
                 	.ENDM
                 
                 	.MACRO __PUTD1SN
                 	LDD  R26,Y+@0
                 	SUBI R26,-@1
                 	RCALL __PUTDP1
                 	.ENDM
                 
                 	.MACRO __PUTB1SNS
                 	LDD  R26,Y+@0
                 	SUBI R26,-@1
                 	ST   X,R30
                 	.ENDM
                 
                 	.MACRO __PUTW1SNS
                 	LDD  R26,Y+@0
                 	SUBI R26,-@1
                 	ST   X+,R30
                 	ST   X,R31
                 	.ENDM
                 
                 	.MACRO __PUTD1SNS
                 	LDD  R26,Y+@0
                 	SUBI R26,-@1
                 	RCALL __PUTDP1
                 	.ENDM
                 
                 	.MACRO __PUTB1RN
                 	MOV  R26,R@0
                 	SUBI R26,-@1
                 	ST   X,R30
                 	.ENDM
                 
                 	.MACRO __PUTW1RN
                 	MOV  R26,R@0
                 	SUBI R26,-@1
                 	ST   X+,R30
                 	ST   X,R31
                 	.ENDM
                 
                 	.MACRO __PUTD1RN
                 	MOV  R26,R@0
                 	SUBI R26,-@1
                 	RCALL __PUTDP1
                 	.ENDM
                 
                 	.MACRO __PUTB1RNS
                 	MOV  R26,R@0
                 	SUBI R26,-@1
                 	ST   X,R30
                 	.ENDM
                 
                 	.MACRO __PUTW1RNS
                 	MOV  R26,R@0
                 	SUBI R26,-@1
                 	ST   X+,R30
                 	ST   X,R31
                 	.ENDM
                 
                 	.MACRO __PUTD1RNS
                 	MOV  R26,R@0
                 	SUBI R26,-@1
                 	RCALL __PUTDP1
                 	.ENDM
                 
                 	.MACRO __PUTB1PMN
                 	LDS  R26,@0
                 	SUBI R26,-@1
                 	ST   X,R30
                 	.ENDM
                 
                 	.MACRO __PUTW1PMN
                 	LDS  R26,@0
                 	SUBI R26,-@1
                 	ST   X+,R30
                 	ST   X,R31
                 	.ENDM
                 
                 	.MACRO __PUTD1PMN
                 	LDS  R26,@0
                 	SUBI R26,-@1
                 	RCALL __PUTDP1
                 	.ENDM
                 
                 	.MACRO __PUTB1PMNS
                 	LDS  R26,@0
                 	SUBI R26,-@1
                 	ST   X,R30
                 	.ENDM
                 
                 	.MACRO __PUTW1PMNS
                 	LDS  R26,@0
                 	SUBI R26,-@1
                 	ST   X+,R30
                 	ST   X,R31
                 	.ENDM
                 
                 	.MACRO __PUTD1PMNS
                 	LDS  R26,@0
                 	SUBI R26,-@1
                 	RCALL __PUTDP1
                 	.ENDM
                 
                 	.MACRO __GETB1SX
                 	MOVW R30,R28
                 	SUBI R30,LOW(-@0)
                 	SBCI R31,HIGH(-@0)
                 	LD   R30,Z
                 	.ENDM
                 
                 	.MACRO __GETB1HSX
                 	MOVW R30,R28
                 	SUBI R30,LOW(-@0)
                 	SBCI R31,HIGH(-@0)
                 	LD   R31,Z
                 	.ENDM
                 
                 	.MACRO __GETW1SX
                 	MOVW R30,R28
                 	SUBI R30,LOW(-@0)
                 	SBCI R31,HIGH(-@0)
                 	LD   R0,Z+
                 	LD   R31,Z
                 	MOV  R30,R0
                 	.ENDM
                 
                 	.MACRO __GETD1SX
                 	MOVW R30,R28
                 	SUBI R30,LOW(-@0)
                 	SBCI R31,HIGH(-@0)
                 	LD   R0,Z+
                 	LD   R1,Z+
                 	LD   R22,Z+
                 	LD   R23,Z
                 	MOVW R30,R0
                 	.ENDM
                 
                 	.MACRO __GETB2SX
                 	MOVW R26,R28
                 	SUBI R26,LOW(-@0)
                 	SBCI R27,HIGH(-@0)
                 	LD   R26,X
                 	.ENDM
                 
                 	.MACRO __GETW2SX
                 	MOVW R26,R28
                 	SUBI R26,LOW(-@0)
                 	SBCI R27,HIGH(-@0)
                 	LD   R0,X+
                 	LD   R27,X
                 	MOV  R26,R0
                 	.ENDM
                 
                 	.MACRO __GETD2SX
                 	MOVW R26,R28
                 	SUBI R26,LOW(-@0)
                 	SBCI R27,HIGH(-@0)
                 	LD   R0,X+
                 	LD   R1,X+
                 	LD   R24,X+
                 	LD   R25,X
                 	MOVW R26,R0
                 	.ENDM
                 
                 	.MACRO __GETBRSX
                 	MOVW R30,R28
                 	SUBI R30,LOW(-@1)
                 	SBCI R31,HIGH(-@1)
                 	LD   R@0,Z
                 	.ENDM
                 
                 	.MACRO __GETWRSX
                 	MOVW R30,R28
                 	SUBI R30,LOW(-@2)
                 	SBCI R31,HIGH(-@2)
                 	LD   R@0,Z+
                 	LD   R@1,Z
                 	.ENDM
                 
                 	.MACRO __GETBRSX2
                 	MOVW R26,R28
                 	SUBI R26,LOW(-@1)
                 	SBCI R27,HIGH(-@1)
                 	LD   R@0,X
                 	.ENDM
                 
                 	.MACRO __GETWRSX2
                 	MOVW R26,R28
                 	SUBI R26,LOW(-@2)
                 	SBCI R27,HIGH(-@2)
                 	LD   R@0,X+
                 	LD   R@1,X
                 	.ENDM
                 
                 	.MACRO __LSLW8SX
                 	MOVW R30,R28
                 	SUBI R30,LOW(-@0)
                 	SBCI R31,HIGH(-@0)
                 	LD   R31,Z
                 	CLR  R30
                 	.ENDM
                 
                 	.MACRO __PUTB1SX
                 	MOVW R26,R28
                 	SUBI R26,LOW(-@0)
                 	SBCI R27,HIGH(-@0)
                 	ST   X,R30
                 	.ENDM
                 
                 	.MACRO __PUTW1SX
                 	MOVW R26,R28
                 	SUBI R26,LOW(-@0)
                 	SBCI R27,HIGH(-@0)
                 	ST   X+,R30
                 	ST   X,R31
                 	.ENDM
                 
                 	.MACRO __PUTD1SX
                 	MOVW R26,R28
                 	SUBI R26,LOW(-@0)
                 	SBCI R27,HIGH(-@0)
                 	ST   X+,R30
                 	ST   X+,R31
                 	ST   X+,R22
                 	ST   X,R23
                 	.ENDM
                 
                 	.MACRO __CLRW1SX
                 	MOVW R26,R28
                 	SUBI R26,LOW(-@0)
                 	SBCI R27,HIGH(-@0)
                 	ST   X+,R30
                 	ST   X,R30
                 	.ENDM
                 
                 	.MACRO __CLRD1SX
                 	MOVW R26,R28
                 	SUBI R26,LOW(-@0)
                 	SBCI R27,HIGH(-@0)
                 	ST   X+,R30
                 	ST   X+,R30
                 	ST   X+,R30
                 	ST   X,R30
                 	.ENDM
                 
                 	.MACRO __PUTB2SX
                 	MOVW R30,R28
                 	SUBI R30,LOW(-@0)
                 	SBCI R31,HIGH(-@0)
                 	ST   Z,R26
                 	.ENDM
                 
                 	.MACRO __PUTW2SX
                 	MOVW R30,R28
                 	SUBI R30,LOW(-@0)
                 	SBCI R31,HIGH(-@0)
                 	ST   Z+,R26
                 	ST   Z,R27
                 	.ENDM
                 
                 	.MACRO __PUTD2SX
                 	MOVW R30,R28
                 	SUBI R30,LOW(-@0)
                 	SBCI R31,HIGH(-@0)
                 	ST   Z+,R26
                 	ST   Z+,R27
                 	ST   Z+,R24
                 	ST   Z,R25
                 	.ENDM
                 
                 	.MACRO __PUTBSRX
                 	MOVW R30,R28
                 	SUBI R30,LOW(-@1)
                 	SBCI R31,HIGH(-@1)
                 	ST   Z,R@0
                 	.ENDM
                 
                 	.MACRO __PUTWSRX
                 	MOVW R30,R28
                 	SUBI R30,LOW(-@2)
                 	SBCI R31,HIGH(-@2)
                 	ST   Z+,R@0
                 	ST   Z,R@1
                 	.ENDM
                 
                 	.MACRO __PUTB1SNX
                 	MOVW R26,R28
                 	SUBI R26,LOW(-@0)
                 	SBCI R27,HIGH(-@0)
                 	LD   R0,X+
                 	LD   R27,X
                 	MOV  R26,R0
                 	SUBI R26,LOW(-@1)
                 	SBCI R27,HIGH(-@1)
                 	ST   X,R30
                 	.ENDM
                 
                 	.MACRO __PUTW1SNX
                 	MOVW R26,R28
                 	SUBI R26,LOW(-@0)
                 	SBCI R27,HIGH(-@0)
                 	LD   R0,X+
                 	LD   R27,X
                 	MOV  R26,R0
                 	SUBI R26,LOW(-@1)
                 	SBCI R27,HIGH(-@1)
                 	ST   X+,R30
                 	ST   X,R31
                 	.ENDM
                 
                 	.MACRO __PUTD1SNX
                 	MOVW R26,R28
                 	SUBI R26,LOW(-@0)
                 	SBCI R27,HIGH(-@0)
                 	LD   R0,X+
                 	LD   R27,X
                 	MOV  R26,R0
                 	SUBI R26,LOW(-@1)
                 	SBCI R27,HIGH(-@1)
                 	ST   X+,R30
                 	ST   X+,R31
                 	ST   X+,R22
                 	ST   X,R23
                 	.ENDM
                 
                 ;NAME DEFINITIONS FOR GLOBAL VARIABLES ALLOCATED TO REGISTERS
                 	.DEF _z=R3
                 	.DEF _i=R2
                 	.DEF _rx_wr_index=R5
                 	.DEF _rx_rd_index=R4
                 	.DEF _rx_counter=R7
                 
                 ;GPIOR0-GPIOR2 INITIALIZATION VALUES
                 	.EQU __GPIOR0_INIT=0x00
                 	.EQU __GPIOR1_INIT=0x00
                 	.EQU __GPIOR2_INIT=0x00
                 
                 	.CSEG
                 	.ORG 0x00
                 
                 ;START OF CODE MARKER
                 __START_OF_CODE:
                 
                 ;INTERRUPT VECTORS
000000 c08c      	RJMP __RESET
000001 cffe      	RJMP 0x00
000002 c126      	RJMP _ext_int1_isr
000003 cffc      	RJMP 0x00
000004 cffb      	RJMP 0x00
000005 cffa      	RJMP 0x00
000006 cff9      	RJMP 0x00
000007 c16a      	RJMP _usart_rx_isr
000008 cff7      	RJMP 0x00
000009 cff6      	RJMP 0x00
00000a cff5      	RJMP 0x00
00000b cff4      	RJMP 0x00
00000c cff3      	RJMP 0x00
00000d cff2      	RJMP 0x00
00000e cff1      	RJMP 0x00
00000f cff0      	RJMP 0x00
000010 cfef      	RJMP 0x00
000011 cfee      	RJMP 0x00
000012 cfed      	RJMP 0x00
                 
                 _tbl10_G100:
000013 2710
000014 03e8
000015 0064
000016 000a      	.DB  0x10,0x27,0xE8,0x3,0x64,0x0,0xA,0x0
000017 0001      	.DB  0x1,0x0
                 _tbl16_G100:
000018 1000
000019 0100
00001a 0010
00001b 0001      	.DB  0x0,0x10,0x0,0x1,0x10,0x0,0x1,0x0
                 
                 _0x0:
00001c 222c
00001d 372b
00001e 4500
00001f 5252      	.DB  0x2C,0x22,0x2B,0x37,0x0,0x45,0x52,0x52
000020 524f
000021 4100
000022 2b54
000023 4d43      	.DB  0x4F,0x52,0x0,0x41,0x54,0x2B,0x43,0x4D
000024 4647
000025 303d
000026 000d
000027 5441      	.DB  0x47,0x46,0x3D,0x30,0xD,0x0,0x41,0x54
000028 432b
000029 474d
00002a 3d53
00002b 3334      	.DB  0x2B,0x43,0x4D,0x47,0x53,0x3D,0x34,0x33
00002c 000d
00002d 3030
00002e 3130
00002f 3030      	.DB  0xD,0x0,0x30,0x30,0x30,0x31,0x30,0x30
000030 4230
000031 3139
000032 3000
000033 3130      	.DB  0x30,0x42,0x39,0x31,0x0,0x30,0x30,0x31
000034 3138
000035 3045
000036 3134
000037 3032      	.DB  0x38,0x31,0x45,0x30,0x34,0x31,0x32,0x30
000038 3334
000039 3037
00003a 3434
00003b 3046      	.DB  0x34,0x33,0x37,0x30,0x34,0x34,0x46,0x30
00003c 3434
00003d 3032
00003e 3334
00003f 3045      	.DB  0x34,0x34,0x32,0x30,0x34,0x33,0x45,0x30
000040 3230
000041 3030
000042 3334
000043 3044      	.DB  0x30,0x32,0x30,0x30,0x34,0x33,0x44,0x30
000044 3334
000045 3030
000046 3230
000047 3030      	.DB  0x34,0x33,0x30,0x30,0x30,0x32,0x30,0x30
000048 3334
000049 3045
00004a 3434
00004b 3035      	.DB  0x34,0x33,0x45,0x30,0x34,0x34,0x35,0x30
00004c 3434
00004d 3030
00004e 3334
00004f 3030      	.DB  0x34,0x34,0x30,0x30,0x34,0x33,0x30,0x30
000050 3334
000051 3044
000052 3434
000053 1a33      	.DB  0x34,0x33,0x44,0x30,0x34,0x34,0x33,0x1A
000054 4100
000055 0d54
000056 4100
000057 2b54      	.DB  0x0,0x41,0x54,0xD,0x0,0x41,0x54,0x2B
000058 5243
000059 4745
00005a 0d3f
00005b 4100      	.DB  0x43,0x52,0x45,0x47,0x3F,0xD,0x0,0x41
00005c 2b54
00005d 5043
00005e 4642
00005f 223d      	.DB  0x54,0x2B,0x43,0x50,0x42,0x46,0x3D,0x22
000060 224e
000061 000d
000062 5441
000063 432b      	.DB  0x4E,0x22,0xD,0x0,0x41,0x54,0x2B,0x43
000064 474d
000065 3d53
000066 3933
000067 000d      	.DB  0x4D,0x47,0x53,0x3D,0x33,0x39,0xD,0x0
000068 3030
000069 3830
00006a 4131
00006b 3430      	.DB  0x30,0x30,0x30,0x38,0x31,0x41,0x30,0x34
00006c 3431
00006d 3430
00006e 3233
00006f 3430      	.DB  0x31,0x34,0x30,0x34,0x33,0x32,0x30,0x34
000070 3533
000071 3430
000072 3034
000073 3430      	.DB  0x33,0x35,0x30,0x34,0x34,0x30,0x30,0x34
000074 4334
000075 3030
000076 3032
000077 3430      	.DB  0x34,0x43,0x30,0x30,0x32,0x30,0x30,0x34
000078 4533
000079 3430
00007a 3234
00007b 3430      	.DB  0x33,0x45,0x30,0x34,0x34,0x32,0x30,0x34
00007c 4133
00007d 3430
00007e 3034
00007f 3430      	.DB  0x33,0x41,0x30,0x34,0x34,0x30,0x30,0x34
000080 4234
000081 3430
000082 3234
000083 3430      	.DB  0x34,0x42,0x30,0x34,0x34,0x32,0x30,0x34
000084 3033
000085 001a      	.DB  0x33,0x30,0x1A,0x0
                 
                 __GLOBAL_INI_TBL:
000086 0005      	.DW  0x05
000087 0084      	.DW  _0xC
000088 0038      	.DW  _0x0*2
                 
000089 0006      	.DW  0x06
00008a 0089      	.DW  _0x11
00008b 003d      	.DW  _0x0*2+5
                 
                 _0xFFFFFFFF:
00008c 0000      	.DW  0
                 
                 __RESET:
00008d 94f8      	CLI
00008e 27ee      	CLR  R30
00008f bbec      	OUT  EECR,R30
000090 bfe5      	OUT  MCUCR,R30
                 
                 ;DISABLE WATCHDOG
000091 e1f8      	LDI  R31,0x18
000092 b7a4      	IN   R26,MCUSR
000093 7fa7      	CBR  R26,8
000094 bfa4      	OUT  MCUSR,R26
000095 bdf1      	OUT  WDTCR,R31
000096 bde1      	OUT  WDTCR,R30
                 
                 ;CLEAR R2-R14
000097 e08d      	LDI  R24,(14-2)+1
000098 e0a2      	LDI  R26,2
                 __CLEAR_REG:
000099 93ed      	ST   X+,R30
00009a 958a      	DEC  R24
00009b f7e9      	BRNE __CLEAR_REG
                 
                 ;CLEAR SRAM
00009c e880      	LDI  R24,__CLEAR_SRAM_SIZE
00009d e6a0      	LDI  R26,__SRAM_START
                 __CLEAR_SRAM:
00009e 93ed      	ST   X+,R30
00009f 958a      	DEC  R24
0000a0 f7e9      	BRNE __CLEAR_SRAM
                 
                 ;GLOBAL VARIABLES INITIALIZATION
0000a1 e0ec      	LDI  R30,LOW(__GLOBAL_INI_TBL*2)
0000a2 e0f1      	LDI  R31,HIGH(__GLOBAL_INI_TBL*2)
                 __GLOBAL_INI_NEXT:
0000a3 9185      	LPM  R24,Z+
0000a4 9195      	LPM  R25,Z+
0000a5 9700      	SBIW R24,0
0000a6 f061      	BREQ __GLOBAL_INI_END
0000a7 91a5      	LPM  R26,Z+
0000a8 91b5      	LPM  R27,Z+
0000a9 9005      	LPM  R0,Z+
0000aa 9015      	LPM  R1,Z+
0000ab 01bf      	MOVW R22,R30
0000ac 01f0      	MOVW R30,R0
                 __GLOBAL_INI_LOOP:
0000ad 9005      	LPM  R0,Z+
0000ae 920d      	ST   X+,R0
0000af 9701      	SBIW R24,1
0000b0 f7e1      	BRNE __GLOBAL_INI_LOOP
0000b1 01fb      	MOVW R30,R22
0000b2 cff0      	RJMP __GLOBAL_INI_NEXT
                 __GLOBAL_INI_END:
                 
                 ;GPIOR0-GPIOR2 INITIALIZATION
0000b3 e0e0      	LDI  R30,__GPIOR0_INIT
0000b4 bbe3      	OUT  GPIOR0,R30
                 	;__GPIOR1_INIT = __GPIOR0_INIT
0000b5 bbe4      	OUT  GPIOR1,R30
                 	;__GPIOR2_INIT = __GPIOR0_INIT
0000b6 bbe5      	OUT  GPIOR2,R30
                 
                 ;HARDWARE STACK POINTER INITIALIZATION
0000b7 edef      	LDI  R30,LOW(__SRAM_END-__HEAP_SIZE)
0000b8 bfed      	OUT  SPL,R30
                 
                 ;DATA STACK POINTER INITIALIZATION
0000b9 e8c4      	LDI  R28,LOW(__SRAM_START+__DSTACK_SIZE)
                 
0000ba c0d3      	RJMP _main
                 
                 	.ESEG
                 	.ORG 0
                 
                 	.DSEG
                 	.ORG 0x84
                 
                 	.CSEG
                 ;/*****************************************************
                 ;This program was produced by the
                 ;CodeWizardAVR V2.05.0 Professional
                 ;Automatic Program Generator
                 ;© Copyright 1998-2010 Pavel Haiduc, HP InfoTech s.r.l.
                 ;http://www.hpinfotech.com
                 ;
                 ;Project : SD-N
                 ;Version : 0
                 ;Date    : 12.08.2011
                 ;Author  : Alexandr Gordejchik
                 ;Company : NTS
                 ;Comments:
                 ;
                 ;
                 ;Chip type               : ATtiny2313
                 ;AVR Core Clock frequency: 3,686400 MHz
                 ;Memory model            : Tiny
                 ;External RAM size       : 0
                 ;Data Stack size         : 32
                 ;*****************************************************/
                 ;
                 ;#include <tiny2313.h>
                 	#ifndef __SLEEP_DEFINED__
                 	#define __SLEEP_DEFINED__
                 	.EQU __se_bit=0x20
                 	.EQU __sm_mask=0x50
                 	.EQU __sm_powerdown=0x10
                 	.EQU __sm_standby=0x40
                 	.SET power_ctrl_reg=mcucr
                 	#endif
                 ;#include <stdio.h>
                 ;#include <delay.h>
                 ;#include <string.h>
                 ;#define CR 0xD     // Определение служебных символов
                 ;#define LF 0xA
                 ;#define ctrl_Z 0x1A
                 ;
                 ; char z;
                 ;eeprom char eebuffer[56];
                 ;unsigned char i;
                 ; char NR[12];
                 ;//char *n;
                 ;
                 ;
                 ;#ifndef RXB8
                 ;#define RXB8 1
                 ;#endif
                 ;
                 ;#ifndef TXB8
                 ;#define TXB8 0
                 ;#endif
                 ;
                 ;#ifndef UPE
                 ;#define UPE 2
                 ;#endif
                 ;
                 ;#ifndef DOR
                 ;#define DOR 3
                 ;#endif
                 ;
                 ;#ifndef FE
                 ;#define FE 4
                 ;#endif
                 ;
                 ;#ifndef UDRE
                 ;#define UDRE 5
                 ;#endif
                 ;
                 ;#ifndef RXC
                 ;#define RXC 7
                 ;#endif
                 ;
                 ;#define FRAMING_ERROR (1<<FE)
                 ;#define PARITY_ERROR (1<<UPE)
                 ;#define DATA_OVERRUN (1<<DOR)
                 ;#define DATA_REGISTER_EMPTY (1<<UDRE)
                 ;#define RX_COMPLETE (1<<RXC)
                 ;
                 ;// USART Receiver buffer
                 ;#define RX_BUFFER_SIZE 50
                 ;char rx_buffer[RX_BUFFER_SIZE];
                 ;
                 ;#if RX_BUFFER_SIZE <= 256
                 ;unsigned char rx_wr_index,rx_rd_index,rx_counter;
                 ;#else
                 ;unsigned int rx_wr_index,rx_rd_index,rx_counter;
                 ;#endif
                 ;
                 ;// This flag is set on USART Receiver buffer overflow
                 ;bit rx_buffer_overflow;
                 ;//***********************************************************************************************************
                 ;void UART_Transmit(char data) // Функция передачи символа через UART
                 ; 0000 0056 {
                 
                 	.CSEG
                 _UART_Transmit:
                 ; 0000 0057 while (!(UCSRA & (1<<UDRE))) {};
                 ;	data -> Y+0
                 _0x3:
0000bb 9b5d      	SBIS 0xB,5
0000bc cffe      	RJMP _0x3
                 ; 0000 0058 UDR=data;
0000bd 81e8      	LD   R30,Y
0000be b9ec      	OUT  0xC,R30
                 ; 0000 0059 }
0000bf 9621      	ADIW R28,1
0000c0 9508      	RET
                 ;
                 ;//**********************************************************************************************************
                 ;       void SEND_Str(flash char *str) {        // Функция передачи строки  из флеш памяти
                 ; 0000 005C void SEND_Str(flash char *str) {
                 _SEND_Str:
                 ; 0000 005D         while(*str) {
                 ;	*str -> Y+0
                 _0x6:
0000c1 81e8      	LD   R30,Y
0000c2 81f9      	LDD  R31,Y+1
0000c3 91e4      	LPM  R30,Z
0000c4 30e0      	CPI  R30,0
0000c5 f051      	BREQ _0x8
                 ; 0000 005E        UART_Transmit(*str++);
0000c6 81e8      	LD   R30,Y
0000c7 81f9      	LDD  R31,Y+1
0000c8 9631      	ADIW R30,1
0000c9 83e8      	ST   Y,R30
0000ca 83f9      	STD  Y+1,R31
0000cb 9731      	SBIW R30,1
0000cc 91e4      	LPM  R30,Z
0000cd 93ea      	ST   -Y,R30
0000ce dfec      	RCALL _UART_Transmit
                 ; 0000 005F 
                 ; 0000 0060     };
0000cf cff1      	RJMP _0x6
                 _0x8:
                 ; 0000 0061     delay_ms(20);
0000d0 e1e4      	LDI  R30,LOW(20)
0000d1 e0f0      	LDI  R31,HIGH(20)
0000d2 d17b      	RCALL SUBOPT_0x0
0000d3 d1a8      	RCALL _delay_ms
                 ; 0000 0062 }
0000d4 c177      	RJMP _0x2060001
                 ;
                 ;//**********************************************************************************************************
                 ; /* void SEND_Str_EEPROM(eeprom char *str) {        // Функция передачи строки из eeprom
                 ;        while(*str) {
                 ;       UART_Transmit(*str++);
                 ;
                 ;    };
                 ;    delay_ms(20);
                 ;}   */
                 ;//**********************************************************************************************************
                 ; /* void SEND_Str_RAM(char *str) {        // Функция передачи строки из оперативной памяти
                 ;        while(*str) {
                 ;       UART_Transmit(*str++);
                 ;
                 ;    };
                 ;    delay_ms(20);
                 ;} */
                 ;//**********************************************************************************************************
                 ;void CLEAR_BUF(void)   // Функция очистки буффера приема
                 ; 0000 0076 {
                 _CLEAR_BUF:
                 ; 0000 0077 for (i=0;i<RX_BUFFER_SIZE;i++) {
0000d5 2422      	CLR  R2
                 _0xA:
0000d6 e3e2      	LDI  R30,LOW(50)
0000d7 162e      	CP   R2,R30
0000d8 f430      	BRSH _0xB
                 ; 0000 0078       rx_buffer[i]=0;
0000d9 e9ab      	LDI  R26,LOW(_rx_buffer)
0000da 0da2      	ADD  R26,R2
0000db e0e0      	LDI  R30,LOW(0)
0000dc 93ec      	ST   X,R30
                 ; 0000 0079     };
0000dd 9423      	INC  R2
0000de cff7      	RJMP _0xA
                 _0xB:
                 ; 0000 007A    rx_wr_index=0;
0000df 2455      	CLR  R5
                 ; 0000 007B }
0000e0 9508      	RET
                 ;//**********************************************************************************************************
                 ;  char TEST_OK(void)     // Функция проверки ответа ОК на команду
                 ; 0000 007E   {
                 _TEST_OK:
                 ; 0000 007F   char c;
                 ; 0000 0080   char *d;
                 ; 0000 0081   char OK[]="OK";
                 ; 0000 0082   d=strstr(rx_buffer, OK);
0000e1 9723      	SBIW R28,3
0000e2 e4ef      	LDI  R30,LOW(79)
0000e3 83e8      	ST   Y,R30
0000e4 e4eb      	LDI  R30,LOW(75)
0000e5 83e9      	STD  Y+1,R30
0000e6 e0e0      	LDI  R30,LOW(0)
0000e7 83ea      	STD  Y+2,R30
0000e8 d168      	RCALL SUBOPT_0x1
                 ;	c -> R17
                 ;	*d -> R16
                 ;	OK -> Y+2
                 ; 0000 0083   c=*d;
0000e9 d170      	RCALL SUBOPT_0x2
                 ; 0000 0084  CLEAR_BUF();
                 ; 0000 0085    return c;
0000ea 9625      	ADIW R28,5
0000eb 9508      	RET
                 ; 0000 0086 
                 ; 0000 0087   }
                 ;//**********************************************************************************************************
                 ;  char REG_NET(void)   // Функция проверки регистрации в сети
                 ; 0000 008A   {
                 _REG_NET:
                 ; 0000 008B   char c;
                 ; 0000 008C   char *d;
                 ; 0000 008D   char REG[]="+CREG:";
                 ; 0000 008E   d=strstr(rx_buffer, REG);
0000ec 9727      	SBIW R28,7
0000ed e2eb      	LDI  R30,LOW(43)
0000ee 83e8      	ST   Y,R30
0000ef e4e3      	LDI  R30,LOW(67)
0000f0 83e9      	STD  Y+1,R30
0000f1 e5e2      	LDI  R30,LOW(82)
0000f2 83ea      	STD  Y+2,R30
0000f3 e4e5      	LDI  R30,LOW(69)
0000f4 83eb      	STD  Y+3,R30
0000f5 e4e7      	LDI  R30,LOW(71)
0000f6 83ec      	STD  Y+4,R30
0000f7 e3ea      	LDI  R30,LOW(58)
0000f8 83ed      	STD  Y+5,R30
0000f9 e0e0      	LDI  R30,LOW(0)
0000fa 83ee      	STD  Y+6,R30
0000fb d155      	RCALL SUBOPT_0x1
                 ;	c -> R17
                 ;	*d -> R16
                 ;	REG -> Y+2
                 ; 0000 008F   d=d+9;
0000fc 5f07      	SUBI R16,-LOW(9)
                 ; 0000 0090   c=*d;
0000fd d15c      	RCALL SUBOPT_0x2
                 ; 0000 0091   CLEAR_BUF();
                 ; 0000 0092   return c;
0000fe 9629      	ADIW R28,9
0000ff 9508      	RET
                 ; 0000 0093   }
                 ;//**********************************************************************************************************
                 ;char SET_NR(void) // Функция считывания телефонного номера с SIM карты
                 ; 0000 0096 {
                 _SET_NR:
                 ; 0000 0097 char c;
                 ; 0000 0098 char *d;
                 ; 0000 0099 
                 ; 0000 009A d=strstr(rx_buffer, ",\"+7");
000100 d187      	RCALL __SAVELOCR2
                 ;	c -> R17
                 ;	*d -> R16
000101 e9eb      	LDI  R30,LOW(_rx_buffer)
000102 93ea      	ST   -Y,R30
                +
000103 e8e4     +LDI R30 , LOW ( _0xC + ( 0 ) )
                 	__POINTB1MN _0xC,0
000104 93ea      	ST   -Y,R30
000105 d134      	RCALL _strstr
000106 2f0e      	MOV  R16,R30
                 ; 0000 009B if (d==NULL){c=0;
000107 3000      	CPI  R16,0
000108 f411      	BRNE _0xD
000109 e010      	LDI  R17,LOW(0)
                 ; 0000 009C           return c;}
00010a c00f      	RJMP _0x2060002
                 ; 0000 009D   d=d+4;
                 _0xD:
00010b 5f0c      	SUBI R16,-LOW(4)
                 ; 0000 009E   i=0;
00010c 2422      	CLR  R2
                 ; 0000 009F   while(i<12)
                 _0xE:
00010d e0ec      	LDI  R30,LOW(12)
00010e 162e      	CP   R2,R30
00010f f428      	BRSH _0x10
                 ; 0000 00A0   {
                 ; 0000 00A1   NR[i++]=*d;
000110 d14f      	RCALL SUBOPT_0x3
                 ; 0000 00A2    d=d--;
000111 950a      	DEC  R16
                 ; 0000 00A3    NR[i++]=*d;
000112 d14d      	RCALL SUBOPT_0x3
                 ; 0000 00A4    d=d+3;
000113 5f0d      	SUBI R16,-LOW(3)
                 ; 0000 00A5   }
000114 cff8      	RJMP _0xE
                 _0x10:
                 ; 0000 00A6   NR[10]='F';
000115 e4e6      	LDI  R30,LOW(70)
                +
000116 93e0 0099+STS _NR + ( 10 ) , R30
                 	__PUTB1MN _NR,10
                 ; 0000 00A7   CLEAR_BUF();
000118 dfbc      	RCALL _CLEAR_BUF
                 ; 0000 00A8   c=1;
000119 e011      	LDI  R17,LOW(1)
                 ; 0000 00A9   return c;
                 _0x2060002:
00011a 2fe1      	MOV  R30,R17
00011b d172      	RCALL __LOADLOCR2P
00011c 9508      	RET
                 ; 0000 00AA }
                 
                 	.DSEG
                 _0xC:
000084           	.BYTE 0x5
                 ;//**********************************************************************************************************
                 ;char TEST_ERROR(void)   // Функция проверки на ошибку
                 ; 0000 00AD {
                 
                 	.CSEG
                 _TEST_ERROR:
                 ; 0000 00AE char *d;
                 ; 0000 00AF d=strstr(rx_buffer, "ERROR");
00011d 931a      	ST   -Y,R17
                 ;	*d -> R17
00011e e9eb      	LDI  R30,LOW(_rx_buffer)
00011f 93ea      	ST   -Y,R30
                +
000120 e8e9     +LDI R30 , LOW ( _0x11 + ( 0 ) )
                 	__POINTB1MN _0x11,0
000121 93ea      	ST   -Y,R30
000122 d117      	RCALL _strstr
000123 2f1e      	MOV  R17,R30
                 ; 0000 00B0  CLEAR_BUF();
000124 dfb0      	RCALL _CLEAR_BUF
                 ; 0000 00B1  return *d;
000125 2fa1      	MOV  R26,R17
000126 91ec      	LD   R30,X
000127 9119      	LD   R17,Y+
000128 9508      	RET
                 ; 0000 00B2 }
                 
                 	.DSEG
                 _0x11:
000089           	.BYTE 0x6
                 ;//**********************************************************************************************************
                 ;// External Interrupt 0 service routine
                 ;interrupt [EXT_INT1] void ext_int1_isr(void)
                 ; 0000 00B6 {
                 
                 	.CSEG
                 _ext_int1_isr:
000129 920a      	ST   -Y,R0
00012a 921a      	ST   -Y,R1
00012b 92fa      	ST   -Y,R15
00012c 936a      	ST   -Y,R22
00012d 937a      	ST   -Y,R23
00012e 938a      	ST   -Y,R24
00012f 939a      	ST   -Y,R25
000130 93aa      	ST   -Y,R26
000131 93ba      	ST   -Y,R27
000132 93ea      	ST   -Y,R30
000133 93fa      	ST   -Y,R31
000134 b7ef      	IN   R30,SREG
000135 93ea      	ST   -Y,R30
                 ; 0000 00B7 delay_us(200);
                +
000136 ef86     +LDI R24 , LOW ( 246 )
                +__DELAY_USB_LOOP :
000137 958a     +DEC R24
000138 f7f1     +BRNE __DELAY_USB_LOOP
                 	__DELAY_USB 246
                 ; 0000 00B8 if (PIND.3==0) {
000139 9983      	SBIC 0x10,3
00013a c029      	RJMP _0x12
                 ; 0000 00B9 
                 ; 0000 00BA if (z==0)
00013b 2033      	TST  R3
00013c f4e9      	BRNE _0x13
                 ; 0000 00BB {z=128;
00013d e8e0      	LDI  R30,LOW(128)
00013e 2e3e      	MOV  R3,R30
                 ; 0000 00BC       PORTD.6=0;  // Открытие порта
00013f 9896      	CBI  0x12,6
                 ; 0000 00BD       PORTD.4=0;
000140 9894      	CBI  0x12,4
                 ; 0000 00BE       while(PIND.5==1);
                 _0x18:
000141 9985      	SBIC 0x10,5
000142 cffe      	RJMP _0x18
                 ; 0000 00BF                             /*
                 ; 0000 00C0       //while(TEST_OK()==0) { SEND_Str("AT\r");}  // Проверка ответа модема
                 ; 0000 00C1        // SEND_Str("AT+CREG?\r");
                 ; 0000 00C2      while(REG_NET()!='1') {           // Проверка регистрации в сети
                 ; 0000 00C3 
                 ; 0000 00C4        SEND_Str("AT+CREG?\r");
                 ; 0000 00C5       //delay_ms(1000);
                 ; 0000 00C6       }
                 ; 0000 00C7                       */
                 ; 0000 00C8    while(TEST_OK()==0) {   SEND_Str("AT+CMGF=0\r"); }    // Установка PDU режима
                 _0x1B:
000143 d125      	RCALL SUBOPT_0x4
000144 f411      	BRNE _0x1D
000145 d126      	RCALL SUBOPT_0x5
000146 cffc      	RJMP _0x1B
                 _0x1D:
                 ; 0000 00C9      //  if (TEST_OK()==0) goto mx3 ;
                 ; 0000 00CA 
                 ; 0000 00CB       SEND_Str("AT+CMGS=43\r");  //    Ввод команды отправки сообщения
                +
000147 e4ee     +LDI R30 , LOW ( 2 * _0x0 + ( 22 ) )
000148 e0f0     +LDI R31 , HIGH ( 2 * _0x0 + ( 22 ) )
                 	__POINTW1FN _0x0,22
000149 d126      	RCALL SUBOPT_0x6
                 ; 0000 00CC 
                 ; 0000 00CD 
                 ; 0000 00CE    /*   if (strrchr(rx_buffer, '>')==NULL)
                 ; 0000 00CF       {CLEAR_BUF();
                 ; 0000 00D0       goto mx4;}
                 ; 0000 00D1       CLEAR_BUF();    */
                 ; 0000 00D2 
                 ; 0000 00D3       SEND_Str("0001000B91");     // Ввод настроек PDU
                +
00014a e5ea     +LDI R30 , LOW ( 2 * _0x0 + ( 34 ) )
00014b e0f0     +LDI R31 , HIGH ( 2 * _0x0 + ( 34 ) )
                 	__POINTW1FN _0x0,34
00014c d123      	RCALL SUBOPT_0x6
                 ; 0000 00D4 
                 ; 0000 00D5       for(i=0;i<12;i++)            // Ввод номера
00014d 2422      	CLR  R2
                 _0x1F:
00014e e0ec      	LDI  R30,LOW(12)
00014f 162e      	CP   R2,R30
000150 f418      	BRSH _0x20
                 ; 0000 00D6       {UART_Transmit(NR[i]);}
000151 d120      	RCALL SUBOPT_0x7
000152 9423      	INC  R2
000153 cffa      	RJMP _0x1F
                 _0x20:
                 ; 0000 00D7 
                 ; 0000 00D8        SEND_Str("00181E04120437044F0442043E0020043D04300020043E044504400430043D0443\x1A");
                +
000154 e6e5     +LDI R30 , LOW ( 2 * _0x0 + ( 45 ) )
000155 e0f0     +LDI R31 , HIGH ( 2 * _0x0 + ( 45 ) )
                 	__POINTW1FN _0x0,45
000156 d119      	RCALL SUBOPT_0x6
                 ; 0000 00D9     //  if (TEST_ERROR()=='E') goto mx4;         // Ввод текста SMS
                 ; 0000 00DA        PORTD.4=1; // RTS
000157 9a94      	SBI  0x12,4
                 ; 0000 00DB        PORTD.6=1;  // DTR    */
000158 9a96      	SBI  0x12,6
                 ; 0000 00DC }
                 ; 0000 00DD else {z=0;}
000159 c001      	RJMP _0x25
                 _0x13:
00015a 2433      	CLR  R3
                 _0x25:
                 ; 0000 00DE  PORTB.4=1;
00015b 9ac4      	SBI  0x18,4
                 ; 0000 00DF   PORTB.3=1;
00015c 9ac3      	SBI  0x18,3
                 ; 0000 00E0   delay_ms(500);
00015d efe4      	LDI  R30,LOW(500)
00015e e0f1      	LDI  R31,HIGH(500)
00015f d117      	RCALL SUBOPT_0x8
                 ; 0000 00E1  while(PIND.3==0);
                 _0x2A:
000160 9b83      	SBIS 0x10,3
000161 cffe      	RJMP _0x2A
                 ; 0000 00E2 PORTB.4=0;
000162 98c4      	CBI  0x18,4
                 ; 0000 00E3   PORTB.3=0;}
000163 98c3      	CBI  0x18,3
                 ; 0000 00E4 
                 ; 0000 00E5 }
                 _0x12:
000164 91e9      	LD   R30,Y+
000165 bfef      	OUT  SREG,R30
000166 91f9      	LD   R31,Y+
000167 91e9      	LD   R30,Y+
000168 91b9      	LD   R27,Y+
000169 91a9      	LD   R26,Y+
00016a 9199      	LD   R25,Y+
00016b 9189      	LD   R24,Y+
00016c 9179      	LD   R23,Y+
00016d 9169      	LD   R22,Y+
00016e 90f9      	LD   R15,Y+
00016f 9019      	LD   R1,Y+
000170 9009      	LD   R0,Y+
000171 9518      	RETI
                 ;//*********************************************************************************************
                 ;// Функция обработки прерывания по приему символа USART
                 ;interrupt [USART_RXC] void usart_rx_isr(void)
                 ; 0000 00E9 {
                 _usart_rx_isr:
000172 93ea      	ST   -Y,R30
000173 b7ef      	IN   R30,SREG
000174 93ea      	ST   -Y,R30
                 ; 0000 00EA char status,data;
                 ; 0000 00EB status=UCSRA;
000175 d112      	RCALL __SAVELOCR2
                 ;	status -> R17
                 ;	data -> R16
000176 b11b      	IN   R17,11
                 ; 0000 00EC data=UDR;
000177 b10c      	IN   R16,12
                 ; 0000 00ED if ((status & (FRAMING_ERROR | PARITY_ERROR | DATA_OVERRUN))==0)
000178 2fe1      	MOV  R30,R17
000179 71ec      	ANDI R30,LOW(0x1C)
00017a f471      	BRNE _0x31
                 ; 0000 00EE    {
                 ; 0000 00EF    rx_buffer[rx_wr_index++]=data;
00017b 2de5      	MOV  R30,R5
00017c 9453      	INC  R5
00017d 56e5      	SUBI R30,-LOW(_rx_buffer)
00017e 8300      	ST   Z,R16
                 ; 0000 00F0 #if RX_BUFFER_SIZE == 256
                 ; 0000 00F1    // special case for receiver buffer size=256
                 ; 0000 00F2    if (++rx_counter == 0)
                 ; 0000 00F3       {
                 ; 0000 00F4 #else
                 ; 0000 00F5    if (rx_wr_index == RX_BUFFER_SIZE) rx_wr_index=0;
00017f e3e2      	LDI  R30,LOW(50)
000180 15e5      	CP   R30,R5
000181 f409      	BRNE _0x32
000182 2455      	CLR  R5
                 ; 0000 00F6    if (++rx_counter == RX_BUFFER_SIZE)
                 _0x32:
000183 9473      	INC  R7
000184 e3e2      	LDI  R30,LOW(50)
000185 15e7      	CP   R30,R7
000186 f411      	BRNE _0x33
                 ; 0000 00F7       {
                 ; 0000 00F8       rx_counter=0;
000187 2477      	CLR  R7
                 ; 0000 00F9 #endif
                 ; 0000 00FA       rx_buffer_overflow=1;
000188 9a98      	SBI  0x13,0
                 ; 0000 00FB       }
                 ; 0000 00FC    }
                 _0x33:
                 ; 0000 00FD }
                 _0x31:
000189 d104      	RCALL __LOADLOCR2P
00018a 91e9      	LD   R30,Y+
00018b bfef      	OUT  SREG,R30
00018c 91e9      	LD   R30,Y+
00018d 9518      	RETI
                 ;
                 ; //*************************************************************************
                 ; // функция считывания символа из буфера приема
                 ;#ifndef _DEBUG_TERMINAL_IO_
                 ;// Get a character from the USART Receiver buffer
                 ;#define _ALTERNATE_GETCHAR_
                 ;#pragma used+
                 ;char getchar(void)
                 ; 0000 0106 {
                 ; 0000 0107 char data;
                 ; 0000 0108 while (rx_counter==0);
                 ;	data -> R17
                 ; 0000 0109 data=rx_buffer[rx_rd_index++];
                 ; 0000 010A #if RX_BUFFER_SIZE != 256
                 ; 0000 010B if (rx_rd_index == RX_BUFFER_SIZE) rx_rd_index=0;
                 ; 0000 010C #endif
                 ; 0000 010D #asm("cli")
                 ; 0000 010E --rx_counter;
                 ; 0000 010F #asm("sei")
                 ; 0000 0110 return data;
                 ; 0000 0111 }
                 ;#pragma used-
                 ;#endif
                 ;//***************************************************************************
                 ;
                 ;
                 ;// ОСНОВНАЯ ФУНКЦИЯ ПРОГРАММЫ
                 ;void main(void)
                 ; 0000 0119 {
                 _main:
                 ; 0000 011A // Declare your local variables here
                 ; 0000 011B 
                 ; 0000 011C // Crystal Oscillator division factor: 1
                 ; 0000 011D #pragma optsize-
                 ; 0000 011E CLKPR=0x80;
00018e e8e0      	LDI  R30,LOW(128)
00018f bde6      	OUT  0x26,R30
                 ; 0000 011F CLKPR=0x00;
000190 e0e0      	LDI  R30,LOW(0)
000191 bde6      	OUT  0x26,R30
                 ; 0000 0120 #ifdef _OPTIMIZE_SIZE_
                 ; 0000 0121 #pragma optsize+
                 ; 0000 0122 #endif
                 ; 0000 0123 
                 ; 0000 0124 // Input/Output Ports initialization
                 ; 0000 0125 // Port A initialization
                 ; 0000 0126 // Func2=In Func1=In Func0=In
                 ; 0000 0127 // State2=T State1=T State0=T
                 ; 0000 0128 PORTA=0x00;
000192 bbeb      	OUT  0x1B,R30
                 ; 0000 0129 DDRA=0x00;
000193 bbea      	OUT  0x1A,R30
                 ; 0000 012A 
                 ; 0000 012B // Port B initialization
                 ; 0000 012C // Func7=In Func6=In Func5=In Func4=Out Func3=Out Func2=In Func1=In Func0=Out
                 ; 0000 012D // State7=T State6=T State5=T State4=0 State3=0 State2=T State1=T State0=1
                 ; 0000 012E PORTB=0x01;
000194 e0e1      	LDI  R30,LOW(1)
000195 bbe8      	OUT  0x18,R30
                 ; 0000 012F DDRB=0x19;
000196 e1e9      	LDI  R30,LOW(25)
000197 bbe7      	OUT  0x17,R30
                 ; 0000 0130 
                 ; 0000 0131 // Port D initialization
                 ; 0000 0132 // Func6=Out Func5=In Func4=Out Func3=In Func2=In Func1=In Func0=In
                 ; 0000 0133 // State6=1 State5=T State4=1 State3=T State2=T State1=T State0=T
                 ; 0000 0134 PORTD=0x50;
000198 e5e0      	LDI  R30,LOW(80)
000199 bbe2      	OUT  0x12,R30
                 ; 0000 0135 DDRD=0x50;
00019a bbe1      	OUT  0x11,R30
                 ; 0000 0136 
                 ; 0000 0137 // Timer/Counter 0 initialization
                 ; 0000 0138 // Clock source: System Clock
                 ; 0000 0139 // Clock value: Timer 0 Stopped
                 ; 0000 013A // Mode: Normal top=0xFF
                 ; 0000 013B // OC0A output: Disconnected
                 ; 0000 013C // OC0B output: Disconnected
                 ; 0000 013D TCCR0A=0x00;
00019b e0e0      	LDI  R30,LOW(0)
00019c bfe0      	OUT  0x30,R30
                 ; 0000 013E TCCR0B=0x00;
00019d bfe3      	OUT  0x33,R30
                 ; 0000 013F TCNT0=0x00;
00019e bfe2      	OUT  0x32,R30
                 ; 0000 0140 OCR0A=0x00;
00019f bfe6      	OUT  0x36,R30
                 ; 0000 0141 OCR0B=0x00;
0001a0 bfec      	OUT  0x3C,R30
                 ; 0000 0142 
                 ; 0000 0143 // Timer/Counter 1 initialization
                 ; 0000 0144 // Clock source: System Clock
                 ; 0000 0145 // Clock value: Timer1 Stopped
                 ; 0000 0146 // Mode: Normal top=0xFFFF
                 ; 0000 0147 // OC1A output: Discon.
                 ; 0000 0148 // OC1B output: Discon.
                 ; 0000 0149 // Noise Canceler: Off
                 ; 0000 014A // Input Capture on Falling Edge
                 ; 0000 014B // Timer1 Overflow Interrupt: Off
                 ; 0000 014C // Input Capture Interrupt: Off
                 ; 0000 014D // Compare A Match Interrupt: Off
                 ; 0000 014E // Compare B Match Interrupt: Off
                 ; 0000 014F TCCR1A=0x00;
0001a1 bdef      	OUT  0x2F,R30
                 ; 0000 0150 TCCR1B=0x00;
0001a2 bdee      	OUT  0x2E,R30
                 ; 0000 0151 TCNT1H=0x00;
0001a3 bded      	OUT  0x2D,R30
                 ; 0000 0152 TCNT1L=0x00;
0001a4 bdec      	OUT  0x2C,R30
                 ; 0000 0153 ICR1H=0x00;
0001a5 bde5      	OUT  0x25,R30
                 ; 0000 0154 ICR1L=0x00;
0001a6 bde4      	OUT  0x24,R30
                 ; 0000 0155 OCR1AH=0x00;
0001a7 bdeb      	OUT  0x2B,R30
                 ; 0000 0156 OCR1AL=0x00;
0001a8 bdea      	OUT  0x2A,R30
                 ; 0000 0157 OCR1BH=0x00;
0001a9 bde9      	OUT  0x29,R30
                 ; 0000 0158 OCR1BL=0x00;
0001aa bde8      	OUT  0x28,R30
                 ; 0000 0159 
                 ; 0000 015A // External Interrupt(s) initialization
                 ; 0000 015B // INT0: Off
                 ; 0000 015C // INT1: On
                 ; 0000 015D // INT1 Mode: Low level
                 ; 0000 015E // Interrupt on any change on pins PCINT0-7: Off
                 ; 0000 015F GIMSK=0x80;
0001ab e8e0      	LDI  R30,LOW(128)
0001ac bfeb      	OUT  0x3B,R30
                 ; 0000 0160 MCUCR=0x00;
0001ad e0e0      	LDI  R30,LOW(0)
0001ae bfe5      	OUT  0x35,R30
                 ; 0000 0161 EIFR=0x80;
0001af e8e0      	LDI  R30,LOW(128)
0001b0 bfea      	OUT  0x3A,R30
                 ; 0000 0162 
                 ; 0000 0163 // Timer(s)/Counter(s) Interrupt(s) initialization
                 ; 0000 0164 TIMSK=0x00;
0001b1 e0e0      	LDI  R30,LOW(0)
0001b2 bfe9      	OUT  0x39,R30
                 ; 0000 0165 
                 ; 0000 0166 // Universal Serial Interface initialization
                 ; 0000 0167 // Mode: Disabled
                 ; 0000 0168 // Clock source: Register & Counter=no clk.
                 ; 0000 0169 // USI Counter Overflow Interrupt: Off
                 ; 0000 016A USICR=0x00;
0001b3 b9ed      	OUT  0xD,R30
                 ; 0000 016B 
                 ; 0000 016C // USART initialization
                 ; 0000 016D // Communication Parameters: 8 Data, 1 Stop, No Parity
                 ; 0000 016E // USART Receiver: On
                 ; 0000 016F // USART Transmitter: On
                 ; 0000 0170 // USART Mode: Asynchronous
                 ; 0000 0171 // USART Baud Rate: 115200
                 ; 0000 0172 UCSRA=0x00;
0001b4 b9eb      	OUT  0xB,R30
                 ; 0000 0173 UCSRB=0x98;
0001b5 e9e8      	LDI  R30,LOW(152)
0001b6 b9ea      	OUT  0xA,R30
                 ; 0000 0174 UCSRC=0x06;
0001b7 e0e6      	LDI  R30,LOW(6)
0001b8 b9e3      	OUT  0x3,R30
                 ; 0000 0175 UBRRH=0x00;
0001b9 e0e0      	LDI  R30,LOW(0)
0001ba b9e2      	OUT  0x2,R30
                 ; 0000 0176 UBRRL=0x01;
0001bb e0e1      	LDI  R30,LOW(1)
0001bc b9e9      	OUT  0x9,R30
                 ; 0000 0177 
                 ; 0000 0178 // Analog Comparator initialization
                 ; 0000 0179 // Analog Comparator: Off
                 ; 0000 017A // Analog Comparator Input Capture by Timer/Counter 1: Off
                 ; 0000 017B ACSR=0x80;
0001bd e8e0      	LDI  R30,LOW(128)
0001be b9e8      	OUT  0x8,R30
                 ; 0000 017C DIDR=0x00;
0001bf e0e0      	LDI  R30,LOW(0)
0001c0 b9e1      	OUT  0x1,R30
                 ; 0000 017D      PORTB.3=1;
0001c1 9ac3      	SBI  0x18,3
                 ; 0000 017E      PORTB.4=1;
0001c2 9ac4      	SBI  0x18,4
                 ; 0000 017F // Global enable interrupts
                 ; 0000 0180 #asm("sei")
0001c3 9478      	sei
                 ; 0000 0181       PORTB.0=0;     //Включение модема
0001c4 98c0      	CBI  0x18,0
                 ; 0000 0182       delay_ms(1000);
0001c5 d0b3      	RCALL SUBOPT_0x9
                 ; 0000 0183       PORTB.0=1;
0001c6 9ac0      	SBI  0x18,0
                 ; 0000 0184        delay_ms(250);
0001c7 efea      	LDI  R30,LOW(250)
0001c8 e0f0      	LDI  R31,HIGH(250)
0001c9 d0ad      	RCALL SUBOPT_0x8
                 ; 0000 0185 
                 ; 0000 0186        PORTD.6=0;  // Открытие порта
0001ca 9896      	CBI  0x12,6
                 ; 0000 0187       PORTD.4=0;
0001cb 9894      	CBI  0x12,4
                 ; 0000 0188       while(PIND.5==1);
                 _0x46:
0001cc 9985      	SBIC 0x10,5
0001cd cffe      	RJMP _0x46
                 ; 0000 0189 
                 ; 0000 018A m01:      SEND_Str("AT\r");  // Проверка ответа модема
                 _0x49:
                +
0001ce eae9     +LDI R30 , LOW ( 2 * _0x0 + ( 113 ) )
0001cf e0f0     +LDI R31 , HIGH ( 2 * _0x0 + ( 113 ) )
                 	__POINTW1FN _0x0,113
0001d0 d09f      	RCALL SUBOPT_0x6
                 ; 0000 018B 
                 ; 0000 018C       if (TEST_OK()==0) goto m01 ;
0001d1 d097      	RCALL SUBOPT_0x4
0001d2 f3d9      	BREQ _0x49
                 ; 0000 018D 
                 ; 0000 018E 
                 ; 0000 018F m02:    SEND_Str("AT+CREG?\r");   // Проверка регистрации в сети
                 _0x4B:
                +
0001d3 eaed     +LDI R30 , LOW ( 2 * _0x0 + ( 117 ) )
0001d4 e0f0     +LDI R31 , HIGH ( 2 * _0x0 + ( 117 ) )
                 	__POINTW1FN _0x0,117
0001d5 d09a      	RCALL SUBOPT_0x6
                 ; 0000 0190 
                 ; 0000 0191       if (REG_NET()!='1')
0001d6 df15      	RCALL _REG_NET
0001d7 33e1      	CPI  R30,LOW(0x31)
0001d8 f011      	BREQ _0x4C
                 ; 0000 0192       {
                 ; 0000 0193       delay_ms(1000);
0001d9 d09f      	RCALL SUBOPT_0x9
                 ; 0000 0194       goto m02;
0001da cff8      	RJMP _0x4B
                 ; 0000 0195       }
                 ; 0000 0196 
                 ; 0000 0197 
                 ; 0000 0198 m03:      SEND_Str("AT+CPBF=\"N\"\r");  // Считывание телефонного номера с SIM карты
                 _0x4C:
                 _0x4D:
                +
0001db ebe7     +LDI R30 , LOW ( 2 * _0x0 + ( 127 ) )
0001dc e0f0     +LDI R31 , HIGH ( 2 * _0x0 + ( 127 ) )
                 	__POINTW1FN _0x0,127
0001dd d092      	RCALL SUBOPT_0x6
                 ; 0000 0199       if (SET_NR()==0) goto m03;      // Преобразование номера в PDU формат
0001de df21      	RCALL _SET_NR
0001df 30e0      	CPI  R30,0
0001e0 f3d1      	BREQ _0x4D
                 ; 0000 019A PORTB.3=0;
0001e1 98c3      	CBI  0x18,3
                 ; 0000 019B PORTB.4=1;
0001e2 9ac4      	SBI  0x18,4
                 ; 0000 019C       z=1;
0001e3 e0e1      	LDI  R30,LOW(1)
0001e4 2e3e      	MOV  R3,R30
                 ; 0000 019D while (1)
                 _0x53:
                 ; 0000 019E       {
                 ; 0000 019F      // PORTB.4=1;
                 ; 0000 01A0       while((PIND.2==1)||(z==0)){
                 _0x56:
0001e5 9982      	SBIC 0x10,2
0001e6 c003      	RJMP _0x59
0001e7 e0e0      	LDI  R30,LOW(0)
0001e8 15e3      	CP   R30,R3
0001e9 f431      	BRNE _0x58
                 _0x59:
                 ; 0000 01A1       if (z==0){PORTB.4=0;}
0001ea 2033      	TST  R3
0001eb f411      	BRNE _0x5B
0001ec 98c4      	CBI  0x18,4
                 ; 0000 01A2       else {PORTB.4=1;}
0001ed c001      	RJMP _0x5E
                 _0x5B:
0001ee 9ac4      	SBI  0x18,4
                 _0x5E:
                 ; 0000 01A3       }
0001ef cff5      	RJMP _0x56
                 _0x58:
                 ; 0000 01A4       PORTB.4=0;
0001f0 98c4      	CBI  0x18,4
                 ; 0000 01A5       //while(z==0);
                 ; 0000 01A6         delay_ms(250);
0001f1 efea      	LDI  R30,LOW(250)
0001f2 e0f0      	LDI  R31,HIGH(250)
0001f3 d083      	RCALL SUBOPT_0x8
                 ; 0000 01A7       while(PIND.2==0){ PORTB.3=1;}
                 _0x63:
0001f4 9982      	SBIC 0x10,2
0001f5 c002      	RJMP _0x65
0001f6 9ac3      	SBI  0x18,3
0001f7 cffc      	RJMP _0x63
                 _0x65:
                 ; 0000 01A8       PORTB.3=0;
0001f8 98c3      	CBI  0x18,3
                 ; 0000 01A9 
                 ; 0000 01AA      PORTD.6=0;  // Открытие порта
0001f9 9896      	CBI  0x12,6
                 ; 0000 01AB       PORTD.4=0;
0001fa 9894      	CBI  0x12,4
                 ; 0000 01AC       while(PIND.5==1);
                 _0x6E:
0001fb 9985      	SBIC 0x10,5
0001fc cffe      	RJMP _0x6E
                 ; 0000 01AD 
                 ; 0000 01AE m1:      SEND_Str("AT\r");  // Проверка ответа модема
                 _0x71:
                +
0001fd eae9     +LDI R30 , LOW ( 2 * _0x0 + ( 113 ) )
0001fe e0f0     +LDI R31 , HIGH ( 2 * _0x0 + ( 113 ) )
                 	__POINTW1FN _0x0,113
0001ff d070      	RCALL SUBOPT_0x6
                 ; 0000 01AF 
                 ; 0000 01B0       if (TEST_OK()==0) goto m1 ;
000200 d068      	RCALL SUBOPT_0x4
000201 f3d9      	BREQ _0x71
                 ; 0000 01B1 
                 ; 0000 01B2 
                 ; 0000 01B3 m2:    SEND_Str("AT+CREG?\r");   // Проверка регистрации в сети
                 _0x73:
                +
000202 eaed     +LDI R30 , LOW ( 2 * _0x0 + ( 117 ) )
000203 e0f0     +LDI R31 , HIGH ( 2 * _0x0 + ( 117 ) )
                 	__POINTW1FN _0x0,117
000204 d06b      	RCALL SUBOPT_0x6
                 ; 0000 01B4 
                 ; 0000 01B5       if (REG_NET()!='1')
000205 dee6      	RCALL _REG_NET
000206 33e1      	CPI  R30,LOW(0x31)
000207 f011      	BREQ _0x74
                 ; 0000 01B6       {
                 ; 0000 01B7       delay_ms(1000);
000208 d070      	RCALL SUBOPT_0x9
                 ; 0000 01B8       goto m2;
000209 cff8      	RJMP _0x73
                 ; 0000 01B9       }
                 ; 0000 01BA     //  z='R';
                 ; 0000 01BB             /*
                 ; 0000 01BC m3:      SEND_Str("AT+CPBF=\"N\"\r");  // Считывание телефонного номера с SIM карты
                 ; 0000 01BD       if (SET_NR()==0) goto m3;      // Преобразование номера в PDU формат
                 ; 0000 01BE                     */
                 ; 0000 01BF m4:      SEND_Str("AT+CMGF=0\r");     // Установка PDU режима
                 _0x74:
                 _0x75:
00020a d061      	RCALL SUBOPT_0x5
                 ; 0000 01C0        if (TEST_OK()==0) goto m4 ;
00020b d05d      	RCALL SUBOPT_0x4
00020c f3e9      	BREQ _0x75
                 ; 0000 01C1 
                 ; 0000 01C2 m5:       SEND_Str("AT+CMGS=39\r");  //    Ввод команды отправки сообщения
                 _0x77:
                +
00020d ece4     +LDI R30 , LOW ( 2 * _0x0 + ( 140 ) )
00020e e0f0     +LDI R31 , HIGH ( 2 * _0x0 + ( 140 ) )
                 	__POINTW1FN _0x0,140
00020f d060      	RCALL SUBOPT_0x6
                 ; 0000 01C3 
                 ; 0000 01C4 
                 ; 0000 01C5       if (strrchr(rx_buffer, '>')==NULL)
000210 e9eb      	LDI  R30,LOW(_rx_buffer)
000211 93ea      	ST   -Y,R30
000212 e3ee      	LDI  R30,LOW(62)
000213 93ea      	ST   -Y,R30
000214 d019      	RCALL _strrchr
000215 30e0      	CPI  R30,0
000216 f411      	BRNE _0x78
                 ; 0000 01C6       {CLEAR_BUF();
000217 debd      	RCALL _CLEAR_BUF
                 ; 0000 01C7       goto m5;}
000218 cff4      	RJMP _0x77
                 ; 0000 01C8       CLEAR_BUF();
                 _0x78:
000219 debb      	RCALL _CLEAR_BUF
                 ; 0000 01C9 
                 ; 0000 01CA       SEND_Str("0001000B91");     // Ввод настроек PDU
                +
00021a e5ea     +LDI R30 , LOW ( 2 * _0x0 + ( 34 ) )
00021b e0f0     +LDI R31 , HIGH ( 2 * _0x0 + ( 34 ) )
                 	__POINTW1FN _0x0,34
00021c d053      	RCALL SUBOPT_0x6
                 ; 0000 01CB 
                 ; 0000 01CC       for(i=0;i<12;i++)            // Ввод номера
00021d 2422      	CLR  R2
                 _0x7A:
00021e e0ec      	LDI  R30,LOW(12)
00021f 162e      	CP   R2,R30
000220 f418      	BRSH _0x7B
                 ; 0000 01CD       {UART_Transmit(NR[i]);}
000221 d050      	RCALL SUBOPT_0x7
000222 9423      	INC  R2
000223 cffa      	RJMP _0x7A
                 _0x7B:
                 ; 0000 01CE 
                 ; 0000 01CF        SEND_Str("00081A0414043204350440044C0020043E0442043A0440044B04420430\x1A");
                +
000224 ede0     +LDI R30 , LOW ( 2 * _0x0 + ( 152 ) )
000225 e0f0     +LDI R31 , HIGH ( 2 * _0x0 + ( 152 ) )
                 	__POINTW1FN _0x0,152
000226 d049      	RCALL SUBOPT_0x6
                 ; 0000 01D0       if (TEST_ERROR()=='E') goto m5;         // Ввод текста SMS
000227 def5      	RCALL _TEST_ERROR
000228 34e5      	CPI  R30,LOW(0x45)
000229 f319      	BREQ _0x77
                 ; 0000 01D1 
                 ; 0000 01D2              /*
                 ; 0000 01D3 
                 ; 0000 01D4        SEND_Str("AT+CSQ?\r");
                 ; 0000 01D5         delay_ms(1000);
                 ; 0000 01D6        #asm("cli")
                 ; 0000 01D7       for (i=0; i<50; i++)    // Запись буфера приема в eeprom
                 ; 0000 01D8       {eebuffer[i]=rx_buffer[i];}
                 ; 0000 01D9               */
                 ; 0000 01DA         PORTD.4=1; // RTS
00022a 9a94      	SBI  0x12,4
                 ; 0000 01DB        PORTD.6=1;  // DTR
00022b 9a96      	SBI  0x12,6
                 ; 0000 01DC 
                 ; 0000 01DD 
                 ; 0000 01DE       }
00022c cfb8      	RJMP _0x53
                 ; 0000 01DF }
                 _0x81:
00022d cfff      	RJMP _0x81
                 ;
                 	#ifndef __SLEEP_DEFINED__
                 	#endif
                 
                 	.CSEG
                 
                 	.CSEG
                 _strrchr:
00022e 9169          ld   r22,y+
00022f 91a9          ld   r26,y+
000230 27bb          clr  r27
000231 27ee          clr  r30
                 strrchr0:
000232 917c          ld   r23,x
000233 1767          cp   r22,r23
000234 f409          brne strrchr1
000235 2fea          mov  r30,r26
                 strrchr1:
000236 9611          adiw r26,1
000237 2377          tst  r23
000238 f7c9          brne strrchr0
000239 9508          ret
                 _strstr:
00023a 81a9          ldd  r26,y+1
00023b 27bb          clr  r27
00023c 2f8a          mov  r24,r26
                 strstr0:
00023d 81e8          ld   r30,y
00023e 27ff          clr  r31
                 strstr1:
00023f 9171          ld   r23,z+
000240 2377          tst  r23
000241 f411          brne strstr2
000242 2fe8          mov  r30,r24
000243 c008          rjmp strstr3
                 strstr2:
000244 916d          ld   r22,x+
000245 1767          cp   r22,r23
000246 f3c1          breq strstr1
000247 9583          inc  r24
000248 2fa8          mov  r26,r24
000249 2366          tst  r22
00024a f791          brne strstr0
00024b 27ee          clr  r30
                 strstr3:
                 _0x2060001:
00024c 9622      	ADIW R28,2
00024d 9508      	RET
                 
                 	.CSEG
                 
                 	.DSEG
                 _NR:
00008f           	.BYTE 0xC
                 _rx_buffer:
00009b           	.BYTE 0x32
                 
                 	.CSEG
                 ;OPTIMIZER ADDED SUBROUTINE, CALLED 20 TIMES, CODE SIZE REDUCTION:17 WORDS
                 SUBOPT_0x0:
00024e 93fa      	ST   -Y,R31
00024f 93ea      	ST   -Y,R30
000250 9508      	RET
                 
                 ;OPTIMIZER ADDED SUBROUTINE, CALLED 2 TIMES, CODE SIZE REDUCTION:5 WORDS
                 SUBOPT_0x1:
000251 d036      	RCALL __SAVELOCR2
000252 e9eb      	LDI  R30,LOW(_rx_buffer)
000253 93ea      	ST   -Y,R30
000254 2fec      	MOV  R30,R28
000255 5fed      	SUBI R30,-(3)
000256 93ea      	ST   -Y,R30
000257 dfe2      	RCALL _strstr
000258 2f0e      	MOV  R16,R30
000259 9508      	RET
                 
                 ;OPTIMIZER ADDED SUBROUTINE, CALLED 2 TIMES, CODE SIZE REDUCTION:2 WORDS
                 SUBOPT_0x2:
00025a 2fa0      	MOV  R26,R16
00025b 911c      	LD   R17,X
00025c de78      	RCALL _CLEAR_BUF
00025d 2fe1      	MOV  R30,R17
00025e d02c      	RCALL __LOADLOCR2
00025f 9508      	RET
                 
                 ;OPTIMIZER ADDED SUBROUTINE, CALLED 2 TIMES, CODE SIZE REDUCTION:5 WORDS
                 SUBOPT_0x3:
000260 2de2      	MOV  R30,R2
000261 9423      	INC  R2
000262 57e1      	SUBI R30,-LOW(_NR)
000263 2e0e      	MOV  R0,R30
000264 2fa0      	MOV  R26,R16
000265 91ec      	LD   R30,X
000266 2da0      	MOV  R26,R0
000267 93ec      	ST   X,R30
000268 9508      	RET
                 
                 ;OPTIMIZER ADDED SUBROUTINE, CALLED 4 TIMES, CODE SIZE REDUCTION:1 WORDS
                 SUBOPT_0x4:
000269 de77      	RCALL _TEST_OK
00026a 30e0      	CPI  R30,0
00026b 9508      	RET
                 
                 ;OPTIMIZER ADDED SUBROUTINE, CALLED 2 TIMES, CODE SIZE REDUCTION:1 WORDS
                 SUBOPT_0x5:
                +
00026c e4e3     +LDI R30 , LOW ( 2 * _0x0 + ( 11 ) )
00026d e0f0     +LDI R31 , HIGH ( 2 * _0x0 + ( 11 ) )
                 	__POINTW1FN _0x0,11
00026e dfdf      	RCALL SUBOPT_0x0
00026f ce51      	RJMP _SEND_Str
                 
                 ;OPTIMIZER ADDED SUBROUTINE, CALLED 11 TIMES, CODE SIZE REDUCTION:8 WORDS
                 SUBOPT_0x6:
000270 dfdd      	RCALL SUBOPT_0x0
000271 ce4f      	RJMP _SEND_Str
                 
                 ;OPTIMIZER ADDED SUBROUTINE, CALLED 2 TIMES, CODE SIZE REDUCTION:2 WORDS
                 SUBOPT_0x7:
000272 e8af      	LDI  R26,LOW(_NR)
000273 0da2      	ADD  R26,R2
000274 91ec      	LD   R30,X
000275 93ea      	ST   -Y,R30
000276 ce44      	RJMP _UART_Transmit
                 
                 ;OPTIMIZER ADDED SUBROUTINE, CALLED 6 TIMES, CODE SIZE REDUCTION:3 WORDS
                 SUBOPT_0x8:
000277 dfd6      	RCALL SUBOPT_0x0
000278 c003      	RJMP _delay_ms
                 
                 ;OPTIMIZER ADDED SUBROUTINE, CALLED 3 TIMES, CODE SIZE REDUCTION:2 WORDS
                 SUBOPT_0x9:
000279 eee8      	LDI  R30,LOW(1000)
00027a e0f3      	LDI  R31,HIGH(1000)
00027b cffb      	RJMP SUBOPT_0x8
                 
                 
                 	.CSEG
                 _delay_ms:
00027c 91e9      	ld   r30,y+
00027d 91f9      	ld   r31,y+
00027e 9630      	adiw r30,0
00027f f039      	breq __delay_ms1
                 __delay_ms0:
                +
000280 e98a     +LDI R24 , LOW ( 0x39A )
000281 e093     +LDI R25 , HIGH ( 0x39A )
                +__DELAY_USW_LOOP :
000282 9701     +SBIW R24 , 1
000283 f7f1     +BRNE __DELAY_USW_LOOP
                 	__DELAY_USW 0x39A
000284 95a8      	wdr
000285 9731      	sbiw r30,1
000286 f7c9      	brne __delay_ms0
                 __delay_ms1:
000287 9508      	ret
                 
                 __SAVELOCR2:
000288 931a      	ST   -Y,R17
000289 930a      	ST   -Y,R16
00028a 9508      	RET
                 
                 __LOADLOCR2:
00028b 8119      	LDD  R17,Y+1
00028c 8108      	LD   R16,Y
00028d 9508      	RET
                 
                 __LOADLOCR2P:
00028e 9109      	LD   R16,Y+
00028f 9119      	LD   R17,Y+
000290 9508      	RET
                 
                 ;END OF CODE MARKER
                 __END_OF_CODE:


RESOURCE USE INFORMATION
------------------------

Notice:
The register and instruction counts are symbol table hit counts,
and hence implicitly used resources are not counted, eg, the
'lpm' instruction without operands implicitly uses r0 and z,
none of which are counted.

x,y,z are separate entities in the symbol table and are
counted separately from r26..r31 here.

.dseg memory usage only counts static data declared with .byte

ATtiny2313 register use summary:
r0 :   8 r1 :   3 r2 :  15 r3 :   6 r4 :   0 r5 :   5 r6 :   0 r7 :   3 
r8 :   0 r9 :   0 r10:   0 r11:   0 r12:   0 r13:   0 r14:   0 r15:   2 
r16:  14 r17:  14 r18:   0 r19:   0 r20:   0 r21:   0 r22:   9 r23:   8 
r24:  17 r25:   4 r26:  22 r27:   5 r28:   8 r29:   0 r30: 198 r31:  28 
x  :  11 y  :  71 z  :  11 
Registers used: 21 out of 35 (60.0%)

ATtiny2313 instruction use summary:
.lds  :   0 .lds.l:   0 .sts  :   0 .sts.l:   0 adc   :   0 add   :   2 
adiw  :   7 and   :   0 andi  :   1 asr   :   0 bclr  :   0 bld   :   0 
brbc  :   0 brbs  :   0 brcc  :   0 brcs  :   0 break :   0 breq  :  11 
brge  :   0 brhc  :   0 brhs  :   0 brid  :   0 brie  :   0 brlo  :   0 
brlt  :   0 brmi  :   0 brne  :  19 brpl  :   0 brsh  :   4 brtc  :   0 
brts  :   0 brvc  :   0 brvs  :   0 bset  :   0 bst   :   0 cbi   :  13 
cbr   :   1 clc   :   0 clh   :   0 cli   :   1 cln   :   0 clr   :  14 
cls   :   0 clt   :   0 clv   :   0 clz   :   0 com   :   0 cp    :   9 
cpc   :   0 cpi   :   8 cpse  :   0 dec   :   4 des   :   0 eor   :   0 
fmul  :   0 fmuls :   0 fmulsu:   0 icall :   0 ijmp  :   0 in    :   5 
inc   :   7 ld    :  33 ldd   :   4 ldi   :  95 lds   :   0 lpm   :  11 
lsl   :   0 lsr   :   0 mov   :  20 movw  :   3 mul   :   0 muls  :   0 
mulsu :   0 neg   :   0 nop   :   0 or    :   0 ori   :   0 out   :  47 
pop   :   0 push  :   0 rcall :  57 ret   :  17 reti  :   2 rjmp  :  52 
rol   :   0 ror   :   0 sbc   :   0 sbci  :   0 sbi   :  13 sbic  :   6 
sbis  :   2 sbiw  :   7 sbr   :   0 sbrc  :   0 sbrs  :   0 sec   :   0 
seh   :   0 sei   :   1 sen   :   0 ser   :   0 ses   :   0 set   :   0 
sev   :   0 sez   :   0 sleep :   0 spm   :   0 st    :  38 std   :   9 
sts   :   1 sub   :   0 subi  :   6 swap  :   0 tst   :   5 wdr   :   1 

Instructions used: 37 out of 114 (32.5%)

ATtiny2313 memory use summary [bytes]:
Segment   Begin    End      Code   Data   Used    Size   Use%
---------------------------------------------------------------
[.cseg] 0x000000 0x000522   1070    244   1314    2048  64.2%
[.dseg] 0x000060 0x0000cd      0     73     73     223  32.7%
[.eseg] 0x000000 0x000000      0      0      0     128   0.0%

Assembly complete, 0 errors, 5 warnings
